<?xml version="1.0"?>
<link_info>
   <banner>TMS320C55x Linker PC v4.4.1</banner>
   <copyright>Copyright (c) 1996-2012 Texas Instruments Incorporated</copyright>
   <link_time>0x6148fa68</link_time>
   <output_file>hello_word.out</output_file>
   <entry_point>
      <name>_c_int00</name>
      <address>0x6367</address>
   </entry_point>
   <input_file_list>
      <input_file id="fl-2">
         <path>.\</path>
         <kind>object</kind>
         <file>main.obj</file>
         <name>main.obj</name>
      </input_file>
      <input_file id="fl-19">
         <path>C:\Program Files (x86)\Texas Instruments\C5500 Code Generation Tools 4.4.1\lib\</path>
         <kind>archive</kind>
         <file>rts55x.lib</file>
         <name>addd.obj</name>
      </input_file>
      <input_file id="fl-1a">
         <path>C:\Program Files (x86)\Texas Instruments\C5500 Code Generation Tools 4.4.1\lib\</path>
         <kind>archive</kind>
         <file>rts55x.lib</file>
         <name>boot.obj</name>
      </input_file>
      <input_file id="fl-1b">
         <path>C:\Program Files (x86)\Texas Instruments\C5500 Code Generation Tools 4.4.1\lib\</path>
         <kind>archive</kind>
         <file>rts55x.lib</file>
         <name>divd.obj</name>
      </input_file>
      <input_file id="fl-1c">
         <path>C:\Program Files (x86)\Texas Instruments\C5500 Code Generation Tools 4.4.1\lib\</path>
         <kind>archive</kind>
         <file>rts55x.lib</file>
         <name>exit.obj</name>
      </input_file>
      <input_file id="fl-1d">
         <path>C:\Program Files (x86)\Texas Instruments\C5500 Code Generation Tools 4.4.1\lib\</path>
         <kind>archive</kind>
         <file>rts55x.lib</file>
         <name>fltid.obj</name>
      </input_file>
      <input_file id="fl-1e">
         <path>C:\Program Files (x86)\Texas Instruments\C5500 Code Generation Tools 4.4.1\lib\</path>
         <kind>archive</kind>
         <file>rts55x.lib</file>
         <name>fltlid.obj</name>
      </input_file>
      <input_file id="fl-1f">
         <path>C:\Program Files (x86)\Texas Instruments\C5500 Code Generation Tools 4.4.1\lib\</path>
         <kind>archive</kind>
         <file>rts55x.lib</file>
         <name>frcmpyd_div.obj</name>
      </input_file>
      <input_file id="fl-20">
         <path>C:\Program Files (x86)\Texas Instruments\C5500 Code Generation Tools 4.4.1\lib\</path>
         <kind>archive</kind>
         <file>rts55x.lib</file>
         <name>lmpy.obj</name>
      </input_file>
      <input_file id="fl-21">
         <path>C:\Program Files (x86)\Texas Instruments\C5500 Code Generation Tools 4.4.1\lib\</path>
         <kind>archive</kind>
         <file>rts55x.lib</file>
         <name>mpyd.obj</name>
      </input_file>
      <input_file id="fl-22">
         <path>C:\Program Files (x86)\Texas Instruments\C5500 Code Generation Tools 4.4.1\lib\</path>
         <kind>archive</kind>
         <file>rts55x.lib</file>
         <name>printf.obj</name>
      </input_file>
      <input_file id="fl-23">
         <path>C:\Program Files (x86)\Texas Instruments\C5500 Code Generation Tools 4.4.1\lib\</path>
         <kind>archive</kind>
         <file>rts55x.lib</file>
         <name>sin.obj</name>
      </input_file>
      <input_file id="fl-24">
         <path>C:\Program Files (x86)\Texas Instruments\C5500 Code Generation Tools 4.4.1\lib\</path>
         <kind>archive</kind>
         <file>rts55x.lib</file>
         <name>subd.obj</name>
      </input_file>
      <input_file id="fl-25">
         <path>C:\Program Files (x86)\Texas Instruments\C5500 Code Generation Tools 4.4.1\lib\</path>
         <kind>archive</kind>
         <file>rts55x.lib</file>
         <name>trunc.obj</name>
      </input_file>
      <input_file id="fl-26">
         <path>C:\Program Files (x86)\Texas Instruments\C5500 Code Generation Tools 4.4.1\lib\</path>
         <kind>archive</kind>
         <file>rts55x.lib</file>
         <name>vectors.obj</name>
      </input_file>
      <input_file id="fl-27">
         <path>C:\Program Files (x86)\Texas Instruments\C5500 Code Generation Tools 4.4.1\lib\</path>
         <kind>archive</kind>
         <file>rts55x.lib</file>
         <name>_lock.obj</name>
      </input_file>
      <input_file id="fl-28">
         <path>C:\Program Files (x86)\Texas Instruments\C5500 Code Generation Tools 4.4.1\lib\</path>
         <kind>archive</kind>
         <file>rts55x.lib</file>
         <name>_printfi.obj</name>
      </input_file>
      <input_file id="fl-29">
         <path>C:\Program Files (x86)\Texas Instruments\C5500 Code Generation Tools 4.4.1\lib\</path>
         <kind>archive</kind>
         <file>rts55x.lib</file>
         <name>args_main.obj</name>
      </input_file>
      <input_file id="fl-2a">
         <path>C:\Program Files (x86)\Texas Instruments\C5500 Code Generation Tools 4.4.1\lib\</path>
         <kind>archive</kind>
         <file>rts55x.lib</file>
         <name>atoi.obj</name>
      </input_file>
      <input_file id="fl-2b">
         <path>C:\Program Files (x86)\Texas Instruments\C5500 Code Generation Tools 4.4.1\lib\</path>
         <kind>archive</kind>
         <file>rts55x.lib</file>
         <name>autoinit.obj</name>
      </input_file>
      <input_file id="fl-2c">
         <path>C:\Program Files (x86)\Texas Instruments\C5500 Code Generation Tools 4.4.1\lib\</path>
         <kind>archive</kind>
         <file>rts55x.lib</file>
         <name>cmpd.obj</name>
      </input_file>
      <input_file id="fl-2d">
         <path>C:\Program Files (x86)\Texas Instruments\C5500 Code Generation Tools 4.4.1\lib\</path>
         <kind>archive</kind>
         <file>rts55x.lib</file>
         <name>ctype.obj</name>
      </input_file>
      <input_file id="fl-2e">
         <path>C:\Program Files (x86)\Texas Instruments\C5500 Code Generation Tools 4.4.1\lib\</path>
         <kind>archive</kind>
         <file>rts55x.lib</file>
         <name>defs.obj</name>
      </input_file>
      <input_file id="fl-2f">
         <path>C:\Program Files (x86)\Texas Instruments\C5500 Code Generation Tools 4.4.1\lib\</path>
         <kind>archive</kind>
         <file>rts55x.lib</file>
         <name>divul.obj</name>
      </input_file>
      <input_file id="fl-30">
         <path>C:\Program Files (x86)\Texas Instruments\C5500 Code Generation Tools 4.4.1\lib\</path>
         <kind>archive</kind>
         <file>rts55x.lib</file>
         <name>fixdi.obj</name>
      </input_file>
      <input_file id="fl-31">
         <path>C:\Program Files (x86)\Texas Instruments\C5500 Code Generation Tools 4.4.1\lib\</path>
         <kind>archive</kind>
         <file>rts55x.lib</file>
         <name>fixdli.obj</name>
      </input_file>
      <input_file id="fl-32">
         <path>C:\Program Files (x86)\Texas Instruments\C5500 Code Generation Tools 4.4.1\lib\</path>
         <kind>archive</kind>
         <file>rts55x.lib</file>
         <name>fputc.obj</name>
      </input_file>
      <input_file id="fl-33">
         <path>C:\Program Files (x86)\Texas Instruments\C5500 Code Generation Tools 4.4.1\lib\</path>
         <kind>archive</kind>
         <file>rts55x.lib</file>
         <name>fputs.obj</name>
      </input_file>
      <input_file id="fl-34">
         <path>C:\Program Files (x86)\Texas Instruments\C5500 Code Generation Tools 4.4.1\lib\</path>
         <kind>archive</kind>
         <file>rts55x.lib</file>
         <name>frcmpyd.obj</name>
      </input_file>
      <input_file id="fl-35">
         <path>C:\Program Files (x86)\Texas Instruments\C5500 Code Generation Tools 4.4.1\lib\</path>
         <kind>archive</kind>
         <file>rts55x.lib</file>
         <name>isinf.obj</name>
      </input_file>
      <input_file id="fl-36">
         <path>C:\Program Files (x86)\Texas Instruments\C5500 Code Generation Tools 4.4.1\lib\</path>
         <kind>archive</kind>
         <file>rts55x.lib</file>
         <name>llmpy.obj</name>
      </input_file>
      <input_file id="fl-37">
         <path>C:\Program Files (x86)\Texas Instruments\C5500 Code Generation Tools 4.4.1\lib\</path>
         <kind>archive</kind>
         <file>rts55x.lib</file>
         <name>lowlev.obj</name>
      </input_file>
      <input_file id="fl-38">
         <path>C:\Program Files (x86)\Texas Instruments\C5500 Code Generation Tools 4.4.1\lib\</path>
         <kind>archive</kind>
         <file>rts55x.lib</file>
         <name>ltoa.obj</name>
      </input_file>
      <input_file id="fl-39">
         <path>C:\Program Files (x86)\Texas Instruments\C5500 Code Generation Tools 4.4.1\lib\</path>
         <kind>archive</kind>
         <file>rts55x.lib</file>
         <name>memccpy.obj</name>
      </input_file>
      <input_file id="fl-3a">
         <path>C:\Program Files (x86)\Texas Instruments\C5500 Code Generation Tools 4.4.1\lib\</path>
         <kind>archive</kind>
         <file>rts55x.lib</file>
         <name>memcpy.obj</name>
      </input_file>
      <input_file id="fl-3b">
         <path>C:\Program Files (x86)\Texas Instruments\C5500 Code Generation Tools 4.4.1\lib\</path>
         <kind>archive</kind>
         <file>rts55x.lib</file>
         <name>modf.obj</name>
      </input_file>
      <input_file id="fl-3c">
         <path>C:\Program Files (x86)\Texas Instruments\C5500 Code Generation Tools 4.4.1\lib\</path>
         <kind>archive</kind>
         <file>rts55x.lib</file>
         <name>negd.obj</name>
      </input_file>
      <input_file id="fl-3d">
         <path>C:\Program Files (x86)\Texas Instruments\C5500 Code Generation Tools 4.4.1\lib\</path>
         <kind>archive</kind>
         <file>rts55x.lib</file>
         <name>remli.obj</name>
      </input_file>
      <input_file id="fl-3e">
         <path>C:\Program Files (x86)\Texas Instruments\C5500 Code Generation Tools 4.4.1\lib\</path>
         <kind>archive</kind>
         <file>rts55x.lib</file>
         <name>remul.obj</name>
      </input_file>
      <input_file id="fl-3f">
         <path>C:\Program Files (x86)\Texas Instruments\C5500 Code Generation Tools 4.4.1\lib\</path>
         <kind>archive</kind>
         <file>rts55x.lib</file>
         <name>round.obj</name>
      </input_file>
      <input_file id="fl-40">
         <path>C:\Program Files (x86)\Texas Instruments\C5500 Code Generation Tools 4.4.1\lib\</path>
         <kind>archive</kind>
         <file>rts55x.lib</file>
         <name>trgdrv.obj</name>
      </input_file>
      <input_file id="fl-41">
         <path>C:\Program Files (x86)\Texas Instruments\C5500 Code Generation Tools 4.4.1\lib\</path>
         <kind>archive</kind>
         <file>rts55x.lib</file>
         <name>trgmsg.obj</name>
      </input_file>
      <input_file id="fl-42">
         <path>C:\Program Files (x86)\Texas Instruments\C5500 Code Generation Tools 4.4.1\lib\</path>
         <kind>archive</kind>
         <file>rts55x.lib</file>
         <name>udiv.obj</name>
      </input_file>
      <input_file id="fl-43">
         <path>C:\Program Files (x86)\Texas Instruments\C5500 Code Generation Tools 4.4.1\lib\</path>
         <kind>archive</kind>
         <file>rts55x.lib</file>
         <name>_io_perm.obj</name>
      </input_file>
      <input_file id="fl-44">
         <path>C:\Program Files (x86)\Texas Instruments\C5500 Code Generation Tools 4.4.1\lib\</path>
         <kind>archive</kind>
         <file>rts55x.lib</file>
         <name>divli.obj</name>
      </input_file>
      <input_file id="fl-45">
         <path>C:\Program Files (x86)\Texas Instruments\C5500 Code Generation Tools 4.4.1\lib\</path>
         <kind>archive</kind>
         <file>rts55x.lib</file>
         <name>fflush.obj</name>
      </input_file>
      <input_file id="fl-46">
         <path>C:\Program Files (x86)\Texas Instruments\C5500 Code Generation Tools 4.4.1\lib\</path>
         <kind>archive</kind>
         <file>rts55x.lib</file>
         <name>fseek.obj</name>
      </input_file>
      <input_file id="fl-47">
         <path>C:\Program Files (x86)\Texas Instruments\C5500 Code Generation Tools 4.4.1\lib\</path>
         <kind>archive</kind>
         <file>rts55x.lib</file>
         <name>setvbuf.obj</name>
      </input_file>
      <input_file id="fl-48">
         <path>C:\Program Files (x86)\Texas Instruments\C5500 Code Generation Tools 4.4.1\lib\</path>
         <kind>archive</kind>
         <file>rts55x.lib</file>
         <name>fopen.obj</name>
      </input_file>
      <input_file id="fl-49">
         <path>C:\Program Files (x86)\Texas Instruments\C5500 Code Generation Tools 4.4.1\lib\</path>
         <kind>archive</kind>
         <file>rts55x.lib</file>
         <name>memory.obj</name>
      </input_file>
      <input_file id="fl-4a">
         <path>C:\Program Files (x86)\Texas Instruments\C5500 Code Generation Tools 4.4.1\lib\</path>
         <kind>archive</kind>
         <file>rts55x.lib</file>
         <name>fclose.obj</name>
      </input_file>
      <input_file id="fl-4b">
         <path>C:\Program Files (x86)\Texas Instruments\C5500 Code Generation Tools 4.4.1\lib\</path>
         <kind>archive</kind>
         <file>rts55x.lib</file>
         <name>remove.obj</name>
      </input_file>
   </input_file_list>
   <object_component_list>
      <object_component id="oc-50">
         <name>vectors</name>
         <load_address>0xffff00</load_address>
         <run_address>0xffff00</run_address>
         <size>0x100</size>
         <input_file_ref idref="fl-26"/>
      </object_component>
      <object_component id="oc-9a">
         <name>.cinit</name>
         <load_address>0x9f8</load_address>
         <run_address>0x9f8</run_address>
         <size>0x5a</size>
         <input_file_ref idref="fl-37"/>
      </object_component>
      <object_component id="oc-74">
         <name>.cinit</name>
         <load_address>0xa52</load_address>
         <run_address>0xa52</run_address>
         <size>0x54</size>
         <input_file_ref idref="fl-2e"/>
      </object_component>
      <object_component id="oc-42">
         <name>.cinit</name>
         <load_address>0xaa6</load_address>
         <run_address>0xaa6</run_address>
         <size>0x16</size>
         <input_file_ref idref="fl-23"/>
      </object_component>
      <object_component id="oc-57">
         <name>.cinit</name>
         <load_address>0xabc</load_address>
         <run_address>0xabc</run_address>
         <size>0x14</size>
         <input_file_ref idref="fl-27"/>
      </object_component>
      <object_component id="oc-22">
         <name>.cinit</name>
         <load_address>0xad0</load_address>
         <run_address>0xad0</run_address>
         <size>0x14</size>
         <input_file_ref idref="fl-1c"/>
      </object_component>
      <object_component id="oc-e5">
         <name>.cinit</name>
         <load_address>0xae4</load_address>
         <run_address>0xae4</run_address>
         <size>0x8</size>
         <input_file_ref idref="fl-48"/>
      </object_component>
      <object_component id="oc-eb">
         <name>.cinit</name>
         <load_address>0xaec</load_address>
         <run_address>0xaec</run_address>
         <size>0x8</size>
         <input_file_ref idref="fl-49"/>
      </object_component>
      <object_component id="oc-5a">
         <name>.text</name>
         <load_address>0x2000</load_address>
         <run_address>0x2000</run_address>
         <size>0x15a4</size>
         <input_file_ref idref="fl-28"/>
      </object_component>
      <object_component id="oc-97">
         <name>.text</name>
         <load_address>0x35a4</load_address>
         <run_address>0x35a4</run_address>
         <size>0x543</size>
         <input_file_ref idref="fl-37"/>
      </object_component>
      <object_component id="oc-e8">
         <name>.text</name>
         <load_address>0x3ae7</load_address>
         <run_address>0x3ae7</run_address>
         <size>0x4b5</size>
         <input_file_ref idref="fl-49"/>
      </object_component>
      <object_component id="oc-ba">
         <name>.text</name>
         <load_address>0x3f9c</load_address>
         <run_address>0x3f9c</run_address>
         <size>0x5f</size>
         <input_file_ref idref="fl-3f"/>
      </object_component>
      <object_component id="oc-4f">
         <name>.text</name>
         <load_address>0x3ffb</load_address>
         <run_address>0x3ffb</run_address>
         <size>0x2</size>
         <input_file_ref idref="fl-26"/>
      </object_component>
      <object_component id="oc-bf">
         <name>.text</name>
         <load_address>0x4000</load_address>
         <run_address>0x4000</run_address>
         <size>0x528</size>
         <input_file_ref idref="fl-40"/>
      </object_component>
      <object_component id="oc-1b">
         <name>.text</name>
         <load_address>0x4528</load_address>
         <run_address>0x4528</run_address>
         <size>0x3cc</size>
         <input_file_ref idref="fl-1b"/>
      </object_component>
      <object_component id="oc-e2">
         <name>.text</name>
         <load_address>0x48f4</load_address>
         <run_address>0x48f4</run_address>
         <size>0x27f</size>
         <input_file_ref idref="fl-48"/>
      </object_component>
      <object_component id="oc-93">
         <name>.text</name>
         <load_address>0x4b73</load_address>
         <run_address>0x4b73</run_address>
         <size>0x25e</size>
         <input_file_ref idref="fl-36"/>
      </object_component>
      <object_component id="oc-13">
         <name>.text</name>
         <load_address>0x4dd1</load_address>
         <run_address>0x4dd1</run_address>
         <size>0x25a</size>
         <input_file_ref idref="fl-19"/>
      </object_component>
      <object_component id="oc-3f">
         <name>.text</name>
         <load_address>0x502b</load_address>
         <run_address>0x502b</run_address>
         <size>0x1f2</size>
         <input_file_ref idref="fl-23"/>
      </object_component>
      <object_component id="oc-6c">
         <name>.text</name>
         <load_address>0x521d</load_address>
         <run_address>0x521d</run_address>
         <size>0x1ea</size>
         <input_file_ref idref="fl-2c"/>
      </object_component>
      <object_component id="oc-86">
         <name>.text</name>
         <load_address>0x5407</load_address>
         <run_address>0x5407</run_address>
         <size>0x163</size>
         <input_file_ref idref="fl-33"/>
      </object_component>
      <object_component id="oc-37">
         <name>.text</name>
         <load_address>0x556a</load_address>
         <run_address>0x556a</run_address>
         <size>0x14c</size>
         <input_file_ref idref="fl-21"/>
      </object_component>
      <object_component id="oc-de">
         <name>.text</name>
         <load_address>0x56b6</load_address>
         <run_address>0x56b6</run_address>
         <size>0xe6</size>
         <input_file_ref idref="fl-47"/>
      </object_component>
      <object_component id="oc-ce">
         <name>.text</name>
         <load_address>0x579c</load_address>
         <run_address>0x579c</run_address>
         <size>0xdd</size>
         <input_file_ref idref="fl-43"/>
      </object_component>
      <object_component id="oc-d6">
         <name>.text</name>
         <load_address>0x5879</load_address>
         <run_address>0x5879</run_address>
         <size>0xc2</size>
         <input_file_ref idref="fl-45"/>
      </object_component>
      <object_component id="oc-a9">
         <name>.text</name>
         <load_address>0x593b</load_address>
         <run_address>0x593b</run_address>
         <size>0xbf</size>
         <input_file_ref idref="fl-3b"/>
      </object_component>
      <object_component id="oc-c7">
         <name>.text:CIO_breakpoint</name>
         <load_address>0x59fa</load_address>
         <run_address>0x59fa</run_address>
         <size>0xba</size>
         <input_file_ref idref="fl-41"/>
      </object_component>
      <object_component id="oc-82">
         <name>.text</name>
         <load_address>0x5ab4</load_address>
         <run_address>0x5ab4</run_address>
         <size>0xa6</size>
         <input_file_ref idref="fl-32"/>
      </object_component>
      <object_component id="oc-d">
         <name>.text</name>
         <load_address>0x5b5a</load_address>
         <run_address>0x5b5a</run_address>
         <size>0xa4</size>
         <input_file_ref idref="fl-2"/>
      </object_component>
      <object_component id="oc-76">
         <name>.text</name>
         <load_address>0x5bfe</load_address>
         <run_address>0x5bfe</run_address>
         <size>0xa1</size>
         <input_file_ref idref="fl-2f"/>
      </object_component>
      <object_component id="oc-9d">
         <name>.text</name>
         <load_address>0x5c9f</load_address>
         <run_address>0x5c9f</run_address>
         <size>0x7d</size>
         <input_file_ref idref="fl-38"/>
      </object_component>
      <object_component id="oc-ef">
         <name>.text</name>
         <load_address>0x5d1c</load_address>
         <run_address>0x5d1c</run_address>
         <size>0x7b</size>
         <input_file_ref idref="fl-4a"/>
      </object_component>
      <object_component id="oc-8b">
         <name>.text</name>
         <load_address>0x5d97</load_address>
         <run_address>0x5d97</run_address>
         <size>0x76</size>
         <input_file_ref idref="fl-34"/>
      </object_component>
      <object_component id="oc-2f">
         <name>.text</name>
         <load_address>0x5e0d</load_address>
         <run_address>0x5e0d</run_address>
         <size>0x73</size>
         <input_file_ref idref="fl-1f"/>
      </object_component>
      <object_component id="oc-b6">
         <name>.text</name>
         <load_address>0x5e80</load_address>
         <run_address>0x5e80</run_address>
         <size>0x72</size>
         <input_file_ref idref="fl-3e"/>
      </object_component>
      <object_component id="oc-7e">
         <name>.text</name>
         <load_address>0x5ef2</load_address>
         <run_address>0x5ef2</run_address>
         <size>0x6f</size>
         <input_file_ref idref="fl-31"/>
      </object_component>
      <object_component id="oc-c4">
         <name>.text</name>
         <load_address>0x5f61</load_address>
         <run_address>0x5f61</run_address>
         <size>0x6d</size>
         <input_file_ref idref="fl-41"/>
      </object_component>
      <object_component id="oc-7a">
         <name>.text</name>
         <load_address>0x5fce</load_address>
         <run_address>0x5fce</run_address>
         <size>0x2a</size>
         <input_file_ref idref="fl-30"/>
      </object_component>
      <object_component id="oc-23">
         <name>.text:CIO_breakpoint</name>
         <load_address>0x5ff8</load_address>
         <run_address>0x5ff8</run_address>
         <size>0x7</size>
         <input_file_ref idref="fl-1c"/>
      </object_component>
      <object_component id="oc-da">
         <name>.text</name>
         <load_address>0x6000</load_address>
         <run_address>0x6000</run_address>
         <size>0x6b</size>
         <input_file_ref idref="fl-46"/>
      </object_component>
      <object_component id="oc-2a">
         <name>.text</name>
         <load_address>0x606b</load_address>
         <run_address>0x606b</run_address>
         <size>0x67</size>
         <input_file_ref idref="fl-1e"/>
      </object_component>
      <object_component id="oc-64">
         <name>.text</name>
         <load_address>0x60d2</load_address>
         <run_address>0x60d2</run_address>
         <size>0x5c</size>
         <input_file_ref idref="fl-2a"/>
      </object_component>
      <object_component id="oc-3b">
         <name>.text</name>
         <load_address>0x612e</load_address>
         <run_address>0x612e</run_address>
         <size>0x50</size>
         <input_file_ref idref="fl-22"/>
      </object_component>
      <object_component id="oc-68">
         <name>.text</name>
         <load_address>0x617e</load_address>
         <run_address>0x617e</run_address>
         <size>0x4d</size>
         <input_file_ref idref="fl-2b"/>
      </object_component>
      <object_component id="oc-60">
         <name>.text</name>
         <load_address>0x61cb</load_address>
         <run_address>0x61cb</run_address>
         <size>0x4b</size>
         <input_file_ref idref="fl-29"/>
      </object_component>
      <object_component id="oc-b2">
         <name>.text</name>
         <load_address>0x6216</load_address>
         <run_address>0x6216</run_address>
         <size>0x4b</size>
         <input_file_ref idref="fl-3d"/>
      </object_component>
      <object_component id="oc-d2">
         <name>.text</name>
         <load_address>0x6261</load_address>
         <run_address>0x6261</run_address>
         <size>0x48</size>
         <input_file_ref idref="fl-44"/>
      </object_component>
      <object_component id="oc-4a">
         <name>.text</name>
         <load_address>0x62a9</load_address>
         <run_address>0x62a9</run_address>
         <size>0x41</size>
         <input_file_ref idref="fl-25"/>
      </object_component>
      <object_component id="oc-a5">
         <name>.text</name>
         <load_address>0x62ea</load_address>
         <run_address>0x62ea</run_address>
         <size>0x3f</size>
         <input_file_ref idref="fl-3a"/>
      </object_component>
      <object_component id="oc-1f">
         <name>.text</name>
         <load_address>0x6329</load_address>
         <run_address>0x6329</run_address>
         <size>0x3e</size>
         <input_file_ref idref="fl-1c"/>
      </object_component>
      <object_component id="oc-c">
         <name>.text</name>
         <load_address>0x6367</load_address>
         <run_address>0x6367</run_address>
         <size>0x34</size>
         <input_file_ref idref="fl-1a"/>
      </object_component>
      <object_component id="oc-ca">
         <name>.text</name>
         <load_address>0x639b</load_address>
         <run_address>0x639b</run_address>
         <size>0x2a</size>
         <input_file_ref idref="fl-42"/>
      </object_component>
      <object_component id="oc-a1">
         <name>.text</name>
         <load_address>0x63c5</load_address>
         <run_address>0x63c5</run_address>
         <size>0x23</size>
         <input_file_ref idref="fl-39"/>
      </object_component>
      <object_component id="oc-8f">
         <name>.text</name>
         <load_address>0x63e8</load_address>
         <run_address>0x63e8</run_address>
         <size>0x1a</size>
         <input_file_ref idref="fl-35"/>
      </object_component>
      <object_component id="oc-46">
         <name>.text</name>
         <load_address>0x6402</load_address>
         <run_address>0x6402</run_address>
         <size>0x14</size>
         <input_file_ref idref="fl-24"/>
      </object_component>
      <object_component id="oc-33">
         <name>.text</name>
         <load_address>0x6416</load_address>
         <run_address>0x6416</run_address>
         <size>0x13</size>
         <input_file_ref idref="fl-20"/>
      </object_component>
      <object_component id="oc-54">
         <name>.text</name>
         <load_address>0x6429</load_address>
         <run_address>0x6429</run_address>
         <size>0x12</size>
         <input_file_ref idref="fl-27"/>
      </object_component>
      <object_component id="oc-ae">
         <name>.text</name>
         <load_address>0x643b</load_address>
         <run_address>0x643b</run_address>
         <size>0x10</size>
         <input_file_ref idref="fl-3c"/>
      </object_component>
      <object_component id="oc-26">
         <name>.text</name>
         <load_address>0x644b</load_address>
         <run_address>0x644b</run_address>
         <size>0xc</size>
         <input_file_ref idref="fl-1d"/>
      </object_component>
      <object_component id="oc-f3">
         <name>.text</name>
         <load_address>0x6457</load_address>
         <run_address>0x6457</run_address>
         <size>0xa</size>
         <input_file_ref idref="fl-4b"/>
      </object_component>
      <object_component id="oc-17">
         <name>.stack</name>
         <uninitialized>true</uninitialized>
         <run_address>0x5f8</run_address>
         <size>0x0</size>
         <input_file_ref idref="fl-1a"/>
      </object_component>
      <object_component id="oc-10b">
         <name>.stack</name>
         <uninitialized>true</uninitialized>
         <run_address>0x5f8</run_address>
         <size>0x0</size>
      </object_component>
      <object_component id="oc-f7">
         <name>.sysstack</name>
         <uninitialized>true</uninitialized>
         <run_address>0x7f8</run_address>
         <size>0x0</size>
         <input_file_ref idref="fl-1a"/>
      </object_component>
      <object_component id="oc-10d">
         <name>.sysstack</name>
         <uninitialized>true</uninitialized>
         <run_address>0x7f8</run_address>
         <size>0x0</size>
      </object_component>
      <object_component id="oc-ec">
         <name>.sysmem</name>
         <uninitialized>true</uninitialized>
         <run_address>0x8000</run_address>
         <size>0x0</size>
         <input_file_ref idref="fl-49"/>
      </object_component>
      <object_component id="oc-10c">
         <name>.sysmem</name>
         <uninitialized>true</uninitialized>
         <run_address>0x8000</run_address>
         <size>0x0</size>
      </object_component>
      <object_component id="oc-c6">
         <name>.cio</name>
         <uninitialized>true</uninitialized>
         <run_address>0x3b8</run_address>
         <size>0x240</size>
         <input_file_ref idref="fl-41"/>
      </object_component>
      <object_component id="oc-20">
         <name>.bss</name>
         <uninitialized>true</uninitialized>
         <run_address>0xa4dc</run_address>
         <size>0x8</size>
         <input_file_ref idref="fl-1c"/>
      </object_component>
      <object_component id="oc-40">
         <name>.bss</name>
         <uninitialized>true</uninitialized>
         <run_address>0xa4b8</run_address>
         <size>0x10</size>
         <input_file_ref idref="fl-23"/>
      </object_component>
      <object_component id="oc-55">
         <name>.bss</name>
         <uninitialized>true</uninitialized>
         <run_address>0xa4d4</run_address>
         <size>0x8</size>
         <input_file_ref idref="fl-27"/>
      </object_component>
      <object_component id="oc-72">
         <name>.bss</name>
         <uninitialized>true</uninitialized>
         <run_address>0xa000</run_address>
         <size>0x232</size>
         <input_file_ref idref="fl-2e"/>
      </object_component>
      <object_component id="oc-98">
         <name>.bss</name>
         <uninitialized>true</uninitialized>
         <run_address>0xa3d4</run_address>
         <size>0xe2</size>
         <input_file_ref idref="fl-37"/>
      </object_component>
      <object_component id="oc-c0">
         <name>.bss</name>
         <uninitialized>true</uninitialized>
         <run_address>0xa232</run_address>
         <size>0x1a0</size>
         <input_file_ref idref="fl-40"/>
      </object_component>
      <object_component id="oc-e3">
         <name>.bss</name>
         <uninitialized>true</uninitialized>
         <run_address>0xa3d2</run_address>
         <size>0x2</size>
         <input_file_ref idref="fl-48"/>
      </object_component>
      <object_component id="oc-e9">
         <name>.bss</name>
         <uninitialized>true</uninitialized>
         <run_address>0xa4c8</run_address>
         <size>0xc</size>
         <input_file_ref idref="fl-49"/>
      </object_component>
      <object_component id="oc-f9">
         <name>.const:__ctypes_</name>
         <load_address>0xc0</load_address>
         <run_address>0xc0</run_address>
         <size>0x202</size>
         <input_file_ref idref="fl-2d"/>
      </object_component>
      <object_component id="oc-5d">
         <name>.const:.string</name>
         <load_address>0x2c4</load_address>
         <run_address>0x2c4</run_address>
         <size>0x48</size>
         <input_file_ref idref="fl-28"/>
      </object_component>
      <object_component id="oc-43">
         <name>.const</name>
         <load_address>0x30c</load_address>
         <run_address>0x30c</run_address>
         <size>0x28</size>
         <input_file_ref idref="fl-23"/>
      </object_component>
      <object_component id="oc-10">
         <name>.const:.string</name>
         <load_address>0x334</load_address>
         <run_address>0x334</run_address>
         <size>0x24</size>
         <input_file_ref idref="fl-2"/>
      </object_component>
      <object_component id="oc-5c">
         <name>.const</name>
         <load_address>0x358</load_address>
         <run_address>0x358</run_address>
         <size>0x18</size>
         <input_file_ref idref="fl-28"/>
      </object_component>
      <object_component id="oc-f8">
         <name>.const:_initial_approx$1</name>
         <load_address>0x370</load_address>
         <run_address>0x370</run_address>
         <size>0x10</size>
         <input_file_ref idref="fl-1b"/>
      </object_component>
      <object_component id="oc-bc">
         <name>.const</name>
         <load_address>0x380</load_address>
         <run_address>0x380</run_address>
         <size>0x10</size>
         <input_file_ref idref="fl-3f"/>
      </object_component>
      <object_component id="oc-f">
         <name>.const</name>
         <load_address>0x390</load_address>
         <run_address>0x390</run_address>
         <size>0xc</size>
         <input_file_ref idref="fl-2"/>
      </object_component>
      <object_component id="oc-ab">
         <name>.const</name>
         <load_address>0x39c</load_address>
         <run_address>0x39c</run_address>
         <size>0xc</size>
         <input_file_ref idref="fl-3b"/>
      </object_component>
      <object_component id="oc-4c">
         <name>.const</name>
         <load_address>0x3a8</load_address>
         <run_address>0x3a8</run_address>
         <size>0x8</size>
         <input_file_ref idref="fl-25"/>
      </object_component>
      <object_component id="oc-88">
         <name>.const:.string</name>
         <load_address>0x3b0</load_address>
         <run_address>0x3b0</run_address>
         <size>0x4</size>
         <input_file_ref idref="fl-33"/>
      </object_component>
      <object_component id="oc-2c">
         <name>.const</name>
         <load_address>0x3b4</load_address>
         <run_address>0x3b4</run_address>
         <size>0x4</size>
         <input_file_ref idref="fl-1e"/>
      </object_component>
      <object_component id="oc-e">
         <name>.debug_info</name>
         <load_address>0x0</load_address>
         <run_address>0x0</run_address>
         <size>0x5eb</size>
         <input_file_ref idref="fl-2"/>
      </object_component>
      <object_component id="oc-14">
         <name>.debug_info</name>
         <load_address>0x5eb</load_address>
         <run_address>0x5eb</run_address>
         <size>0x5ab</size>
         <input_file_ref idref="fl-19"/>
      </object_component>
      <object_component id="oc-18">
         <name>.debug_info</name>
         <load_address>0xb96</load_address>
         <run_address>0xb96</run_address>
         <size>0xe8</size>
         <input_file_ref idref="fl-1a"/>
      </object_component>
      <object_component id="oc-1c">
         <name>.debug_info</name>
         <load_address>0xc7e</load_address>
         <run_address>0xc7e</run_address>
         <size>0x7e8</size>
         <input_file_ref idref="fl-1b"/>
      </object_component>
      <object_component id="oc-21">
         <name>.debug_info</name>
         <load_address>0x1466</load_address>
         <run_address>0x1466</run_address>
         <size>0x5fb</size>
         <input_file_ref idref="fl-1c"/>
      </object_component>
      <object_component id="oc-27">
         <name>.debug_info</name>
         <load_address>0x1a61</load_address>
         <run_address>0x1a61</run_address>
         <size>0x4cf</size>
         <input_file_ref idref="fl-1d"/>
      </object_component>
      <object_component id="oc-2b">
         <name>.debug_info</name>
         <load_address>0x1f30</load_address>
         <run_address>0x1f30</run_address>
         <size>0x549</size>
         <input_file_ref idref="fl-1e"/>
      </object_component>
      <object_component id="oc-30">
         <name>.debug_info</name>
         <load_address>0x2479</load_address>
         <run_address>0x2479</run_address>
         <size>0x53e</size>
         <input_file_ref idref="fl-1f"/>
      </object_component>
      <object_component id="oc-34">
         <name>.debug_info</name>
         <load_address>0x29b7</load_address>
         <run_address>0x29b7</run_address>
         <size>0xbd</size>
         <input_file_ref idref="fl-20"/>
      </object_component>
      <object_component id="oc-38">
         <name>.debug_info</name>
         <load_address>0x2a74</load_address>
         <run_address>0x2a74</run_address>
         <size>0x55b</size>
         <input_file_ref idref="fl-21"/>
      </object_component>
      <object_component id="oc-3c">
         <name>.debug_info</name>
         <load_address>0x2fcf</load_address>
         <run_address>0x2fcf</run_address>
         <size>0x76c</size>
         <input_file_ref idref="fl-22"/>
      </object_component>
      <object_component id="oc-41">
         <name>.debug_info</name>
         <load_address>0x373b</load_address>
         <run_address>0x373b</run_address>
         <size>0x6ef</size>
         <input_file_ref idref="fl-23"/>
      </object_component>
      <object_component id="oc-47">
         <name>.debug_info</name>
         <load_address>0x3e2a</load_address>
         <run_address>0x3e2a</run_address>
         <size>0x4de</size>
         <input_file_ref idref="fl-24"/>
      </object_component>
      <object_component id="oc-4b">
         <name>.debug_info</name>
         <load_address>0x4308</load_address>
         <run_address>0x4308</run_address>
         <size>0x521</size>
         <input_file_ref idref="fl-25"/>
      </object_component>
      <object_component id="oc-51">
         <name>.debug_info</name>
         <load_address>0x4829</load_address>
         <run_address>0x4829</run_address>
         <size>0xbc</size>
         <input_file_ref idref="fl-26"/>
      </object_component>
      <object_component id="oc-56">
         <name>.debug_info</name>
         <load_address>0x48e5</load_address>
         <run_address>0x48e5</run_address>
         <size>0x5bc</size>
         <input_file_ref idref="fl-27"/>
      </object_component>
      <object_component id="oc-5b">
         <name>.debug_info</name>
         <load_address>0x4ea1</load_address>
         <run_address>0x4ea1</run_address>
         <size>0x27bd</size>
         <input_file_ref idref="fl-28"/>
      </object_component>
      <object_component id="oc-61">
         <name>.debug_info</name>
         <load_address>0x765e</load_address>
         <run_address>0x765e</run_address>
         <size>0x586</size>
         <input_file_ref idref="fl-29"/>
      </object_component>
      <object_component id="oc-65">
         <name>.debug_info</name>
         <load_address>0x7be4</load_address>
         <run_address>0x7be4</run_address>
         <size>0x5a4</size>
         <input_file_ref idref="fl-2a"/>
      </object_component>
      <object_component id="oc-69">
         <name>.debug_info</name>
         <load_address>0x8188</load_address>
         <run_address>0x8188</run_address>
         <size>0xcd</size>
         <input_file_ref idref="fl-2b"/>
      </object_component>
      <object_component id="oc-6d">
         <name>.debug_info</name>
         <load_address>0x8255</load_address>
         <run_address>0x8255</run_address>
         <size>0x81f</size>
         <input_file_ref idref="fl-2c"/>
      </object_component>
      <object_component id="oc-70">
         <name>.debug_info</name>
         <load_address>0x8a74</load_address>
         <run_address>0x8a74</run_address>
         <size>0x498</size>
         <input_file_ref idref="fl-2d"/>
      </object_component>
      <object_component id="oc-73">
         <name>.debug_info</name>
         <load_address>0x8f0c</load_address>
         <run_address>0x8f0c</run_address>
         <size>0x57e</size>
         <input_file_ref idref="fl-2e"/>
      </object_component>
      <object_component id="oc-77">
         <name>.debug_info</name>
         <load_address>0x948a</load_address>
         <run_address>0x948a</run_address>
         <size>0x534</size>
         <input_file_ref idref="fl-2f"/>
      </object_component>
      <object_component id="oc-7b">
         <name>.debug_info</name>
         <load_address>0x99be</load_address>
         <run_address>0x99be</run_address>
         <size>0x4cf</size>
         <input_file_ref idref="fl-30"/>
      </object_component>
      <object_component id="oc-7f">
         <name>.debug_info</name>
         <load_address>0x9e8d</load_address>
         <run_address>0x9e8d</run_address>
         <size>0x534</size>
         <input_file_ref idref="fl-31"/>
      </object_component>
      <object_component id="oc-83">
         <name>.debug_info</name>
         <load_address>0xa3c1</load_address>
         <run_address>0xa3c1</run_address>
         <size>0x6aa</size>
         <input_file_ref idref="fl-32"/>
      </object_component>
      <object_component id="oc-87">
         <name>.debug_info</name>
         <load_address>0xaa6b</load_address>
         <run_address>0xaa6b</run_address>
         <size>0x942</size>
         <input_file_ref idref="fl-33"/>
      </object_component>
      <object_component id="oc-8c">
         <name>.debug_info</name>
         <load_address>0xb3ad</load_address>
         <run_address>0xb3ad</run_address>
         <size>0x4d2</size>
         <input_file_ref idref="fl-34"/>
      </object_component>
      <object_component id="oc-90">
         <name>.debug_info</name>
         <load_address>0xb87f</load_address>
         <run_address>0xb87f</run_address>
         <size>0x680</size>
         <input_file_ref idref="fl-35"/>
      </object_component>
      <object_component id="oc-94">
         <name>.debug_info</name>
         <load_address>0xbeff</load_address>
         <run_address>0xbeff</run_address>
         <size>0x7d4</size>
         <input_file_ref idref="fl-36"/>
      </object_component>
      <object_component id="oc-99">
         <name>.debug_info</name>
         <load_address>0xc6d3</load_address>
         <run_address>0xc6d3</run_address>
         <size>0x144b</size>
         <input_file_ref idref="fl-37"/>
      </object_component>
      <object_component id="oc-9e">
         <name>.debug_info</name>
         <load_address>0xdb1e</load_address>
         <run_address>0xdb1e</run_address>
         <size>0x5ad</size>
         <input_file_ref idref="fl-38"/>
      </object_component>
      <object_component id="oc-a2">
         <name>.debug_info</name>
         <load_address>0xe0cb</load_address>
         <run_address>0xe0cb</run_address>
         <size>0x574</size>
         <input_file_ref idref="fl-39"/>
      </object_component>
      <object_component id="oc-a6">
         <name>.debug_info</name>
         <load_address>0xe63f</load_address>
         <run_address>0xe63f</run_address>
         <size>0xd1</size>
         <input_file_ref idref="fl-3a"/>
      </object_component>
      <object_component id="oc-aa">
         <name>.debug_info</name>
         <load_address>0xe710</load_address>
         <run_address>0xe710</run_address>
         <size>0x50c</size>
         <input_file_ref idref="fl-3b"/>
      </object_component>
      <object_component id="oc-af">
         <name>.debug_info</name>
         <load_address>0xec1c</load_address>
         <run_address>0xec1c</run_address>
         <size>0x4b7</size>
         <input_file_ref idref="fl-3c"/>
      </object_component>
      <object_component id="oc-b3">
         <name>.debug_info</name>
         <load_address>0xf0d3</load_address>
         <run_address>0xf0d3</run_address>
         <size>0x4f2</size>
         <input_file_ref idref="fl-3d"/>
      </object_component>
      <object_component id="oc-b7">
         <name>.debug_info</name>
         <load_address>0xf5c5</load_address>
         <run_address>0xf5c5</run_address>
         <size>0x534</size>
         <input_file_ref idref="fl-3e"/>
      </object_component>
      <object_component id="oc-bb">
         <name>.debug_info</name>
         <load_address>0xfaf9</load_address>
         <run_address>0xfaf9</run_address>
         <size>0x52e</size>
         <input_file_ref idref="fl-3f"/>
      </object_component>
      <object_component id="oc-c1">
         <name>.debug_info</name>
         <load_address>0x10027</load_address>
         <run_address>0x10027</run_address>
         <size>0xed4</size>
         <input_file_ref idref="fl-40"/>
      </object_component>
      <object_component id="oc-c5">
         <name>.debug_info</name>
         <load_address>0x10efb</load_address>
         <run_address>0x10efb</run_address>
         <size>0x744</size>
         <input_file_ref idref="fl-41"/>
      </object_component>
      <object_component id="oc-cb">
         <name>.debug_info</name>
         <load_address>0x1163f</load_address>
         <run_address>0x1163f</run_address>
         <size>0xef</size>
         <input_file_ref idref="fl-42"/>
      </object_component>
      <object_component id="oc-cf">
         <name>.debug_info</name>
         <load_address>0x1172e</load_address>
         <run_address>0x1172e</run_address>
         <size>0x662</size>
         <input_file_ref idref="fl-43"/>
      </object_component>
      <object_component id="oc-d3">
         <name>.debug_info</name>
         <load_address>0x11d90</load_address>
         <run_address>0x11d90</run_address>
         <size>0x4f2</size>
         <input_file_ref idref="fl-44"/>
      </object_component>
      <object_component id="oc-d7">
         <name>.debug_info</name>
         <load_address>0x12282</load_address>
         <run_address>0x12282</run_address>
         <size>0x706</size>
         <input_file_ref idref="fl-45"/>
      </object_component>
      <object_component id="oc-db">
         <name>.debug_info</name>
         <load_address>0x12988</load_address>
         <run_address>0x12988</run_address>
         <size>0x5f7</size>
         <input_file_ref idref="fl-46"/>
      </object_component>
      <object_component id="oc-df">
         <name>.debug_info</name>
         <load_address>0x12f7f</load_address>
         <run_address>0x12f7f</run_address>
         <size>0x64a</size>
         <input_file_ref idref="fl-47"/>
      </object_component>
      <object_component id="oc-e4">
         <name>.debug_info</name>
         <load_address>0x135c9</load_address>
         <run_address>0x135c9</run_address>
         <size>0xa1c</size>
         <input_file_ref idref="fl-48"/>
      </object_component>
      <object_component id="oc-ea">
         <name>.debug_info</name>
         <load_address>0x13fe5</load_address>
         <run_address>0x13fe5</run_address>
         <size>0xb97</size>
         <input_file_ref idref="fl-49"/>
      </object_component>
      <object_component id="oc-f0">
         <name>.debug_info</name>
         <load_address>0x14b7c</load_address>
         <run_address>0x14b7c</run_address>
         <size>0x64f</size>
         <input_file_ref idref="fl-4a"/>
      </object_component>
      <object_component id="oc-f4">
         <name>.debug_info</name>
         <load_address>0x151cb</load_address>
         <run_address>0x151cb</run_address>
         <size>0x510</size>
         <input_file_ref idref="fl-4b"/>
      </object_component>
      <object_component id="oc-114">
         <name>.debug_info</name>
         <load_address>0x156db</load_address>
         <run_address>0x156db</run_address>
         <size>0x6e</size>
      </object_component>
      <object_component id="oc-11">
         <name>.debug_line</name>
         <load_address>0x0</load_address>
         <run_address>0x0</run_address>
         <size>0x44</size>
         <input_file_ref idref="fl-2"/>
      </object_component>
      <object_component id="oc-15">
         <name>.debug_line</name>
         <load_address>0x44</load_address>
         <run_address>0x44</run_address>
         <size>0x5c</size>
         <input_file_ref idref="fl-19"/>
      </object_component>
      <object_component id="oc-19">
         <name>.debug_line</name>
         <load_address>0xa0</load_address>
         <run_address>0xa0</run_address>
         <size>0x54</size>
         <input_file_ref idref="fl-1a"/>
      </object_component>
      <object_component id="oc-1d">
         <name>.debug_line</name>
         <load_address>0xf4</load_address>
         <run_address>0xf4</run_address>
         <size>0x5b</size>
         <input_file_ref idref="fl-1b"/>
      </object_component>
      <object_component id="oc-24">
         <name>.debug_line</name>
         <load_address>0x14f</load_address>
         <run_address>0x14f</run_address>
         <size>0x51</size>
         <input_file_ref idref="fl-1c"/>
      </object_component>
      <object_component id="oc-28">
         <name>.debug_line</name>
         <load_address>0x1a0</load_address>
         <run_address>0x1a0</run_address>
         <size>0x3d</size>
         <input_file_ref idref="fl-1d"/>
      </object_component>
      <object_component id="oc-2d">
         <name>.debug_line</name>
         <load_address>0x1dd</load_address>
         <run_address>0x1dd</run_address>
         <size>0x44</size>
         <input_file_ref idref="fl-1e"/>
      </object_component>
      <object_component id="oc-31">
         <name>.debug_line</name>
         <load_address>0x221</load_address>
         <run_address>0x221</run_address>
         <size>0x40</size>
         <input_file_ref idref="fl-1f"/>
      </object_component>
      <object_component id="oc-35">
         <name>.debug_line</name>
         <load_address>0x261</load_address>
         <run_address>0x261</run_address>
         <size>0x3c</size>
         <input_file_ref idref="fl-20"/>
      </object_component>
      <object_component id="oc-39">
         <name>.debug_line</name>
         <load_address>0x29d</load_address>
         <run_address>0x29d</run_address>
         <size>0x3c</size>
         <input_file_ref idref="fl-21"/>
      </object_component>
      <object_component id="oc-3d">
         <name>.debug_line</name>
         <load_address>0x2d9</load_address>
         <run_address>0x2d9</run_address>
         <size>0x69</size>
         <input_file_ref idref="fl-22"/>
      </object_component>
      <object_component id="oc-44">
         <name>.debug_line</name>
         <load_address>0x342</load_address>
         <run_address>0x342</run_address>
         <size>0x54</size>
         <input_file_ref idref="fl-23"/>
      </object_component>
      <object_component id="oc-48">
         <name>.debug_line</name>
         <load_address>0x396</load_address>
         <run_address>0x396</run_address>
         <size>0x37</size>
         <input_file_ref idref="fl-24"/>
      </object_component>
      <object_component id="oc-4d">
         <name>.debug_line</name>
         <load_address>0x3cd</load_address>
         <run_address>0x3cd</run_address>
         <size>0x38</size>
         <input_file_ref idref="fl-25"/>
      </object_component>
      <object_component id="oc-52">
         <name>.debug_line</name>
         <load_address>0x405</load_address>
         <run_address>0x405</run_address>
         <size>0x37</size>
         <input_file_ref idref="fl-26"/>
      </object_component>
      <object_component id="oc-58">
         <name>.debug_line</name>
         <load_address>0x43c</load_address>
         <run_address>0x43c</run_address>
         <size>0x57</size>
         <input_file_ref idref="fl-27"/>
      </object_component>
      <object_component id="oc-5e">
         <name>.debug_line</name>
         <load_address>0x493</load_address>
         <run_address>0x493</run_address>
         <size>0x328</size>
         <input_file_ref idref="fl-28"/>
      </object_component>
      <object_component id="oc-62">
         <name>.debug_line</name>
         <load_address>0x7bb</load_address>
         <run_address>0x7bb</run_address>
         <size>0x41</size>
         <input_file_ref idref="fl-29"/>
      </object_component>
      <object_component id="oc-66">
         <name>.debug_line</name>
         <load_address>0x7fc</load_address>
         <run_address>0x7fc</run_address>
         <size>0x46</size>
         <input_file_ref idref="fl-2a"/>
      </object_component>
      <object_component id="oc-6a">
         <name>.debug_line</name>
         <load_address>0x842</load_address>
         <run_address>0x842</run_address>
         <size>0x55</size>
         <input_file_ref idref="fl-2b"/>
      </object_component>
      <object_component id="oc-6e">
         <name>.debug_line</name>
         <load_address>0x897</load_address>
         <run_address>0x897</run_address>
         <size>0xad</size>
         <input_file_ref idref="fl-2c"/>
      </object_component>
      <object_component id="oc-78">
         <name>.debug_line</name>
         <load_address>0x944</load_address>
         <run_address>0x944</run_address>
         <size>0x44</size>
         <input_file_ref idref="fl-2f"/>
      </object_component>
      <object_component id="oc-7c">
         <name>.debug_line</name>
         <load_address>0x988</load_address>
         <run_address>0x988</run_address>
         <size>0x3d</size>
         <input_file_ref idref="fl-30"/>
      </object_component>
      <object_component id="oc-80">
         <name>.debug_line</name>
         <load_address>0x9c5</load_address>
         <run_address>0x9c5</run_address>
         <size>0x3d</size>
         <input_file_ref idref="fl-31"/>
      </object_component>
      <object_component id="oc-84">
         <name>.debug_line</name>
         <load_address>0xa02</load_address>
         <run_address>0xa02</run_address>
         <size>0x56</size>
         <input_file_ref idref="fl-32"/>
      </object_component>
      <object_component id="oc-89">
         <name>.debug_line</name>
         <load_address>0xa58</load_address>
         <run_address>0xa58</run_address>
         <size>0xa8</size>
         <input_file_ref idref="fl-33"/>
      </object_component>
      <object_component id="oc-8d">
         <name>.debug_line</name>
         <load_address>0xb00</load_address>
         <run_address>0xb00</run_address>
         <size>0x3a</size>
         <input_file_ref idref="fl-34"/>
      </object_component>
      <object_component id="oc-91">
         <name>.debug_line</name>
         <load_address>0xb3a</load_address>
         <run_address>0xb3a</run_address>
         <size>0x38</size>
         <input_file_ref idref="fl-35"/>
      </object_component>
      <object_component id="oc-95">
         <name>.debug_line</name>
         <load_address>0xb72</load_address>
         <run_address>0xb72</run_address>
         <size>0xa8</size>
         <input_file_ref idref="fl-36"/>
      </object_component>
      <object_component id="oc-9b">
         <name>.debug_line</name>
         <load_address>0xc1a</load_address>
         <run_address>0xc1a</run_address>
         <size>0x1b0</size>
         <input_file_ref idref="fl-37"/>
      </object_component>
      <object_component id="oc-9f">
         <name>.debug_line</name>
         <load_address>0xdca</load_address>
         <run_address>0xdca</run_address>
         <size>0x40</size>
         <input_file_ref idref="fl-38"/>
      </object_component>
      <object_component id="oc-a3">
         <name>.debug_line</name>
         <load_address>0xe0a</load_address>
         <run_address>0xe0a</run_address>
         <size>0x3c</size>
         <input_file_ref idref="fl-39"/>
      </object_component>
      <object_component id="oc-a7">
         <name>.debug_line</name>
         <load_address>0xe46</load_address>
         <run_address>0xe46</run_address>
         <size>0x4d</size>
         <input_file_ref idref="fl-3a"/>
      </object_component>
      <object_component id="oc-ac">
         <name>.debug_line</name>
         <load_address>0xe93</load_address>
         <run_address>0xe93</run_address>
         <size>0x3c</size>
         <input_file_ref idref="fl-3b"/>
      </object_component>
      <object_component id="oc-b0">
         <name>.debug_line</name>
         <load_address>0xecf</load_address>
         <run_address>0xecf</run_address>
         <size>0x37</size>
         <input_file_ref idref="fl-3c"/>
      </object_component>
      <object_component id="oc-b4">
         <name>.debug_line</name>
         <load_address>0xf06</load_address>
         <run_address>0xf06</run_address>
         <size>0x3c</size>
         <input_file_ref idref="fl-3d"/>
      </object_component>
      <object_component id="oc-b8">
         <name>.debug_line</name>
         <load_address>0xf42</load_address>
         <run_address>0xf42</run_address>
         <size>0x44</size>
         <input_file_ref idref="fl-3e"/>
      </object_component>
      <object_component id="oc-bd">
         <name>.debug_line</name>
         <load_address>0xf86</load_address>
         <run_address>0xf86</run_address>
         <size>0x3a</size>
         <input_file_ref idref="fl-3f"/>
      </object_component>
      <object_component id="oc-c2">
         <name>.debug_line</name>
         <load_address>0xfc0</load_address>
         <run_address>0xfc0</run_address>
         <size>0x15d</size>
         <input_file_ref idref="fl-40"/>
      </object_component>
      <object_component id="oc-c8">
         <name>.debug_line</name>
         <load_address>0x111d</load_address>
         <run_address>0x111d</run_address>
         <size>0x6a</size>
         <input_file_ref idref="fl-41"/>
      </object_component>
      <object_component id="oc-cc">
         <name>.debug_line</name>
         <load_address>0x1187</load_address>
         <run_address>0x1187</run_address>
         <size>0x58</size>
         <input_file_ref idref="fl-42"/>
      </object_component>
      <object_component id="oc-d0">
         <name>.debug_line</name>
         <load_address>0x11df</load_address>
         <run_address>0x11df</run_address>
         <size>0x57</size>
         <input_file_ref idref="fl-43"/>
      </object_component>
      <object_component id="oc-d4">
         <name>.debug_line</name>
         <load_address>0x1236</load_address>
         <run_address>0x1236</run_address>
         <size>0x3c</size>
         <input_file_ref idref="fl-44"/>
      </object_component>
      <object_component id="oc-d8">
         <name>.debug_line</name>
         <load_address>0x1272</load_address>
         <run_address>0x1272</run_address>
         <size>0x5b</size>
         <input_file_ref idref="fl-45"/>
      </object_component>
      <object_component id="oc-dc">
         <name>.debug_line</name>
         <load_address>0x12cd</load_address>
         <run_address>0x12cd</run_address>
         <size>0x3c</size>
         <input_file_ref idref="fl-46"/>
      </object_component>
      <object_component id="oc-e0">
         <name>.debug_line</name>
         <load_address>0x1309</load_address>
         <run_address>0x1309</run_address>
         <size>0x3f</size>
         <input_file_ref idref="fl-47"/>
      </object_component>
      <object_component id="oc-e6">
         <name>.debug_line</name>
         <load_address>0x1348</load_address>
         <run_address>0x1348</run_address>
         <size>0xd7</size>
         <input_file_ref idref="fl-48"/>
      </object_component>
      <object_component id="oc-ed">
         <name>.debug_line</name>
         <load_address>0x141f</load_address>
         <run_address>0x141f</run_address>
         <size>0x112</size>
         <input_file_ref idref="fl-49"/>
      </object_component>
      <object_component id="oc-f1">
         <name>.debug_line</name>
         <load_address>0x1531</load_address>
         <run_address>0x1531</run_address>
         <size>0x3d</size>
         <input_file_ref idref="fl-4a"/>
      </object_component>
      <object_component id="oc-f5">
         <name>.debug_line</name>
         <load_address>0x156e</load_address>
         <run_address>0x156e</run_address>
         <size>0x39</size>
         <input_file_ref idref="fl-4b"/>
      </object_component>
      <object_component id="oc-12">
         <name>.debug_abbrev</name>
         <load_address>0x0</load_address>
         <run_address>0x0</run_address>
         <size>0xd0</size>
         <input_file_ref idref="fl-2"/>
      </object_component>
      <object_component id="oc-16">
         <name>.debug_abbrev</name>
         <load_address>0xd0</load_address>
         <run_address>0xd0</run_address>
         <size>0xd4</size>
         <input_file_ref idref="fl-19"/>
      </object_component>
      <object_component id="oc-1a">
         <name>.debug_abbrev</name>
         <load_address>0x1a4</load_address>
         <run_address>0x1a4</run_address>
         <size>0x3a</size>
         <input_file_ref idref="fl-1a"/>
      </object_component>
      <object_component id="oc-1e">
         <name>.debug_abbrev</name>
         <load_address>0x1de</load_address>
         <run_address>0x1de</run_address>
         <size>0x112</size>
         <input_file_ref idref="fl-1b"/>
      </object_component>
      <object_component id="oc-25">
         <name>.debug_abbrev</name>
         <load_address>0x2f0</load_address>
         <run_address>0x2f0</run_address>
         <size>0xf7</size>
         <input_file_ref idref="fl-1c"/>
      </object_component>
      <object_component id="oc-29">
         <name>.debug_abbrev</name>
         <load_address>0x3e7</load_address>
         <run_address>0x3e7</run_address>
         <size>0x8f</size>
         <input_file_ref idref="fl-1d"/>
      </object_component>
      <object_component id="oc-2e">
         <name>.debug_abbrev</name>
         <load_address>0x476</load_address>
         <run_address>0x476</run_address>
         <size>0xc2</size>
         <input_file_ref idref="fl-1e"/>
      </object_component>
      <object_component id="oc-32">
         <name>.debug_abbrev</name>
         <load_address>0x538</load_address>
         <run_address>0x538</run_address>
         <size>0x9a</size>
         <input_file_ref idref="fl-1f"/>
      </object_component>
      <object_component id="oc-36">
         <name>.debug_abbrev</name>
         <load_address>0x5d2</load_address>
         <run_address>0x5d2</run_address>
         <size>0x38</size>
         <input_file_ref idref="fl-20"/>
      </object_component>
      <object_component id="oc-3a">
         <name>.debug_abbrev</name>
         <load_address>0x60a</load_address>
         <run_address>0x60a</run_address>
         <size>0xdc</size>
         <input_file_ref idref="fl-21"/>
      </object_component>
      <object_component id="oc-3e">
         <name>.debug_abbrev</name>
         <load_address>0x6e6</load_address>
         <run_address>0x6e6</run_address>
         <size>0x145</size>
         <input_file_ref idref="fl-22"/>
      </object_component>
      <object_component id="oc-45">
         <name>.debug_abbrev</name>
         <load_address>0x82b</load_address>
         <run_address>0x82b</run_address>
         <size>0xcc</size>
         <input_file_ref idref="fl-23"/>
      </object_component>
      <object_component id="oc-49">
         <name>.debug_abbrev</name>
         <load_address>0x8f7</load_address>
         <run_address>0x8f7</run_address>
         <size>0x8f</size>
         <input_file_ref idref="fl-24"/>
      </object_component>
      <object_component id="oc-4e">
         <name>.debug_abbrev</name>
         <load_address>0x986</load_address>
         <run_address>0x986</run_address>
         <size>0xaf</size>
         <input_file_ref idref="fl-25"/>
      </object_component>
      <object_component id="oc-53">
         <name>.debug_abbrev</name>
         <load_address>0xa35</load_address>
         <run_address>0xa35</run_address>
         <size>0x26</size>
         <input_file_ref idref="fl-26"/>
      </object_component>
      <object_component id="oc-59">
         <name>.debug_abbrev</name>
         <load_address>0xa5b</load_address>
         <run_address>0xa5b</run_address>
         <size>0x9f</size>
         <input_file_ref idref="fl-27"/>
      </object_component>
      <object_component id="oc-5f">
         <name>.debug_abbrev</name>
         <load_address>0xafa</load_address>
         <run_address>0xafa</run_address>
         <size>0x1f8</size>
         <input_file_ref idref="fl-28"/>
      </object_component>
      <object_component id="oc-63">
         <name>.debug_abbrev</name>
         <load_address>0xcf2</load_address>
         <run_address>0xcf2</run_address>
         <size>0xec</size>
         <input_file_ref idref="fl-29"/>
      </object_component>
      <object_component id="oc-67">
         <name>.debug_abbrev</name>
         <load_address>0xdde</load_address>
         <run_address>0xdde</run_address>
         <size>0xd5</size>
         <input_file_ref idref="fl-2a"/>
      </object_component>
      <object_component id="oc-6b">
         <name>.debug_abbrev</name>
         <load_address>0xeb3</load_address>
         <run_address>0xeb3</run_address>
         <size>0x44</size>
         <input_file_ref idref="fl-2b"/>
      </object_component>
      <object_component id="oc-6f">
         <name>.debug_abbrev</name>
         <load_address>0xef7</load_address>
         <run_address>0xef7</run_address>
         <size>0xb7</size>
         <input_file_ref idref="fl-2c"/>
      </object_component>
      <object_component id="oc-71">
         <name>.debug_abbrev</name>
         <load_address>0xfae</load_address>
         <run_address>0xfae</run_address>
         <size>0x68</size>
         <input_file_ref idref="fl-2d"/>
      </object_component>
      <object_component id="oc-75">
         <name>.debug_abbrev</name>
         <load_address>0x1016</load_address>
         <run_address>0x1016</run_address>
         <size>0x83</size>
         <input_file_ref idref="fl-2e"/>
      </object_component>
      <object_component id="oc-79">
         <name>.debug_abbrev</name>
         <load_address>0x1099</load_address>
         <run_address>0x1099</run_address>
         <size>0xb5</size>
         <input_file_ref idref="fl-2f"/>
      </object_component>
      <object_component id="oc-7d">
         <name>.debug_abbrev</name>
         <load_address>0x114e</load_address>
         <run_address>0x114e</run_address>
         <size>0x8f</size>
         <input_file_ref idref="fl-30"/>
      </object_component>
      <object_component id="oc-81">
         <name>.debug_abbrev</name>
         <load_address>0x11dd</load_address>
         <run_address>0x11dd</run_address>
         <size>0xb7</size>
         <input_file_ref idref="fl-31"/>
      </object_component>
      <object_component id="oc-85">
         <name>.debug_abbrev</name>
         <load_address>0x1294</load_address>
         <run_address>0x1294</run_address>
         <size>0x103</size>
         <input_file_ref idref="fl-32"/>
      </object_component>
      <object_component id="oc-8a">
         <name>.debug_abbrev</name>
         <load_address>0x1397</load_address>
         <run_address>0x1397</run_address>
         <size>0x140</size>
         <input_file_ref idref="fl-33"/>
      </object_component>
      <object_component id="oc-8e">
         <name>.debug_abbrev</name>
         <load_address>0x14d7</load_address>
         <run_address>0x14d7</run_address>
         <size>0x81</size>
         <input_file_ref idref="fl-34"/>
      </object_component>
      <object_component id="oc-92">
         <name>.debug_abbrev</name>
         <load_address>0x1558</load_address>
         <run_address>0x1558</run_address>
         <size>0xd0</size>
         <input_file_ref idref="fl-35"/>
      </object_component>
      <object_component id="oc-96">
         <name>.debug_abbrev</name>
         <load_address>0x1628</load_address>
         <run_address>0x1628</run_address>
         <size>0xb7</size>
         <input_file_ref idref="fl-36"/>
      </object_component>
      <object_component id="oc-9c">
         <name>.debug_abbrev</name>
         <load_address>0x16df</load_address>
         <run_address>0x16df</run_address>
         <size>0x225</size>
         <input_file_ref idref="fl-37"/>
      </object_component>
      <object_component id="oc-a0">
         <name>.debug_abbrev</name>
         <load_address>0x1904</load_address>
         <run_address>0x1904</run_address>
         <size>0xec</size>
         <input_file_ref idref="fl-38"/>
      </object_component>
      <object_component id="oc-a4">
         <name>.debug_abbrev</name>
         <load_address>0x19f0</load_address>
         <run_address>0x19f0</run_address>
         <size>0xb7</size>
         <input_file_ref idref="fl-39"/>
      </object_component>
      <object_component id="oc-a8">
         <name>.debug_abbrev</name>
         <load_address>0x1aa7</load_address>
         <run_address>0x1aa7</run_address>
         <size>0x38</size>
         <input_file_ref idref="fl-3a"/>
      </object_component>
      <object_component id="oc-ad">
         <name>.debug_abbrev</name>
         <load_address>0x1adf</load_address>
         <run_address>0x1adf</run_address>
         <size>0x98</size>
         <input_file_ref idref="fl-3b"/>
      </object_component>
      <object_component id="oc-b1">
         <name>.debug_abbrev</name>
         <load_address>0x1b77</load_address>
         <run_address>0x1b77</run_address>
         <size>0x81</size>
         <input_file_ref idref="fl-3c"/>
      </object_component>
      <object_component id="oc-b5">
         <name>.debug_abbrev</name>
         <load_address>0x1bf8</load_address>
         <run_address>0x1bf8</run_address>
         <size>0xa6</size>
         <input_file_ref idref="fl-3d"/>
      </object_component>
      <object_component id="oc-b9">
         <name>.debug_abbrev</name>
         <load_address>0x1c9e</load_address>
         <run_address>0x1c9e</run_address>
         <size>0xb5</size>
         <input_file_ref idref="fl-3e"/>
      </object_component>
      <object_component id="oc-be">
         <name>.debug_abbrev</name>
         <load_address>0x1d53</load_address>
         <run_address>0x1d53</run_address>
         <size>0xaf</size>
         <input_file_ref idref="fl-3f"/>
      </object_component>
      <object_component id="oc-c3">
         <name>.debug_abbrev</name>
         <load_address>0x1e02</load_address>
         <run_address>0x1e02</run_address>
         <size>0x15a</size>
         <input_file_ref idref="fl-40"/>
      </object_component>
      <object_component id="oc-c9">
         <name>.debug_abbrev</name>
         <load_address>0x1f5c</load_address>
         <run_address>0x1f5c</run_address>
         <size>0xde</size>
         <input_file_ref idref="fl-41"/>
      </object_component>
      <object_component id="oc-cd">
         <name>.debug_abbrev</name>
         <load_address>0x203a</load_address>
         <run_address>0x203a</run_address>
         <size>0x38</size>
         <input_file_ref idref="fl-42"/>
      </object_component>
      <object_component id="oc-d1">
         <name>.debug_abbrev</name>
         <load_address>0x2072</load_address>
         <run_address>0x2072</run_address>
         <size>0xd1</size>
         <input_file_ref idref="fl-43"/>
      </object_component>
      <object_component id="oc-d5">
         <name>.debug_abbrev</name>
         <load_address>0x2143</load_address>
         <run_address>0x2143</run_address>
         <size>0xa6</size>
         <input_file_ref idref="fl-44"/>
      </object_component>
      <object_component id="oc-d9">
         <name>.debug_abbrev</name>
         <load_address>0x21e9</load_address>
         <run_address>0x21e9</run_address>
         <size>0x136</size>
         <input_file_ref idref="fl-45"/>
      </object_component>
      <object_component id="oc-dd">
         <name>.debug_abbrev</name>
         <load_address>0x231f</load_address>
         <run_address>0x231f</run_address>
         <size>0xd1</size>
         <input_file_ref idref="fl-46"/>
      </object_component>
      <object_component id="oc-e1">
         <name>.debug_abbrev</name>
         <load_address>0x23f0</load_address>
         <run_address>0x23f0</run_address>
         <size>0x10b</size>
         <input_file_ref idref="fl-47"/>
      </object_component>
      <object_component id="oc-e7">
         <name>.debug_abbrev</name>
         <load_address>0x24fb</load_address>
         <run_address>0x24fb</run_address>
         <size>0x1a2</size>
         <input_file_ref idref="fl-48"/>
      </object_component>
      <object_component id="oc-ee">
         <name>.debug_abbrev</name>
         <load_address>0x269d</load_address>
         <run_address>0x269d</run_address>
         <size>0x1de</size>
         <input_file_ref idref="fl-49"/>
      </object_component>
      <object_component id="oc-f2">
         <name>.debug_abbrev</name>
         <load_address>0x287b</load_address>
         <run_address>0x287b</run_address>
         <size>0x118</size>
         <input_file_ref idref="fl-4a"/>
      </object_component>
      <object_component id="oc-f6">
         <name>.debug_abbrev</name>
         <load_address>0x2993</load_address>
         <run_address>0x2993</run_address>
         <size>0xbf</size>
         <input_file_ref idref="fl-4b"/>
      </object_component>
      <object_component id="oc-115">
         <name>.debug_abbrev</name>
         <load_address>0x2a52</load_address>
         <run_address>0x2a52</run_address>
         <size>0xd</size>
      </object_component>
   </object_component_list>
   <logical_group_list>
      <logical_group id="lg-2">
         <name>vectors</name>
         <load_address>0xffff00</load_address>
         <run_address>0xffff00</run_address>
         <size>0x100</size>
         <contents>
            <object_component_ref idref="oc-50"/>
         </contents>
      </logical_group>
      <logical_group id="lg-3">
         <name>.cinit</name>
         <load_address>0x9f8</load_address>
         <run_address>0x9f8</run_address>
         <size>0xfe</size>
         <contents>
            <object_component_ref idref="oc-9a"/>
            <object_component_ref idref="oc-74"/>
            <object_component_ref idref="oc-42"/>
            <object_component_ref idref="oc-57"/>
            <object_component_ref idref="oc-22"/>
            <object_component_ref idref="oc-e5"/>
            <object_component_ref idref="oc-eb"/>
         </contents>
      </logical_group>
      <logical_group id="lg-111">
         <name>.text.1</name>
         <load_address>0x2000</load_address>
         <run_address>0x2000</run_address>
         <size>0x1ffe</size>
         <contents>
            <object_component_ref idref="oc-5a"/>
            <object_component_ref idref="oc-97"/>
            <object_component_ref idref="oc-e8"/>
            <object_component_ref idref="oc-ba"/>
            <object_component_ref idref="oc-4f"/>
         </contents>
      </logical_group>
      <logical_group id="lg-112">
         <name>.text.2</name>
         <load_address>0x4000</load_address>
         <run_address>0x4000</run_address>
         <size>0x2000</size>
         <contents>
            <object_component_ref idref="oc-bf"/>
            <object_component_ref idref="oc-1b"/>
            <object_component_ref idref="oc-e2"/>
            <object_component_ref idref="oc-93"/>
            <object_component_ref idref="oc-13"/>
            <object_component_ref idref="oc-3f"/>
            <object_component_ref idref="oc-6c"/>
            <object_component_ref idref="oc-86"/>
            <object_component_ref idref="oc-37"/>
            <object_component_ref idref="oc-de"/>
            <object_component_ref idref="oc-ce"/>
            <object_component_ref idref="oc-d6"/>
            <object_component_ref idref="oc-a9"/>
            <object_component_ref idref="oc-c7"/>
            <object_component_ref idref="oc-82"/>
            <object_component_ref idref="oc-d"/>
            <object_component_ref idref="oc-76"/>
            <object_component_ref idref="oc-9d"/>
            <object_component_ref idref="oc-ef"/>
            <object_component_ref idref="oc-8b"/>
            <object_component_ref idref="oc-2f"/>
            <object_component_ref idref="oc-b6"/>
            <object_component_ref idref="oc-7e"/>
            <object_component_ref idref="oc-c4"/>
            <object_component_ref idref="oc-7a"/>
            <object_component_ref idref="oc-23"/>
         </contents>
      </logical_group>
      <logical_group id="lg-113">
         <name>.text.3</name>
         <load_address>0x6000</load_address>
         <run_address>0x6000</run_address>
         <size>0x462</size>
         <contents>
            <object_component_ref idref="oc-da"/>
            <object_component_ref idref="oc-2a"/>
            <object_component_ref idref="oc-64"/>
            <object_component_ref idref="oc-3b"/>
            <object_component_ref idref="oc-68"/>
            <object_component_ref idref="oc-60"/>
            <object_component_ref idref="oc-b2"/>
            <object_component_ref idref="oc-d2"/>
            <object_component_ref idref="oc-4a"/>
            <object_component_ref idref="oc-a5"/>
            <object_component_ref idref="oc-1f"/>
            <object_component_ref idref="oc-c"/>
            <object_component_ref idref="oc-ca"/>
            <object_component_ref idref="oc-a1"/>
            <object_component_ref idref="oc-8f"/>
            <object_component_ref idref="oc-46"/>
            <object_component_ref idref="oc-33"/>
            <object_component_ref idref="oc-54"/>
            <object_component_ref idref="oc-ae"/>
            <object_component_ref idref="oc-26"/>
            <object_component_ref idref="oc-f3"/>
         </contents>
      </logical_group>
      <split_section id="lg-4">
         <name>.text</name>
         <contents>
            <logical_group_ref idref="lg-111"/>
            <logical_group_ref idref="lg-112"/>
            <logical_group_ref idref="lg-113"/>
         </contents>
      </split_section>
      <logical_group id="lg-5">
         <name>.stack</name>
         <run_address>0x5f8</run_address>
         <size>0x200</size>
         <contents>
            <object_component_ref idref="oc-17"/>
            <object_component_ref idref="oc-10b"/>
         </contents>
      </logical_group>
      <logical_group id="lg-6">
         <name>.sysstack</name>
         <run_address>0x7f8</run_address>
         <size>0x200</size>
         <contents>
            <object_component_ref idref="oc-f7"/>
            <object_component_ref idref="oc-10d"/>
         </contents>
      </logical_group>
      <logical_group id="lg-7">
         <name>.sysmem</name>
         <run_address>0x8000</run_address>
         <size>0x400</size>
         <contents>
            <object_component_ref idref="oc-ec"/>
            <object_component_ref idref="oc-10c"/>
         </contents>
      </logical_group>
      <logical_group id="lg-8">
         <name>.data</name>
         <run_address>0x8000</run_address>
         <size>0x0</size>
         <contents>
         </contents>
      </logical_group>
      <logical_group id="lg-9">
         <name>.cio</name>
         <run_address>0x3b8</run_address>
         <size>0x240</size>
         <contents>
            <object_component_ref idref="oc-c6"/>
         </contents>
      </logical_group>
      <logical_group id="lg-a">
         <name>.bss</name>
         <run_address>0xa000</run_address>
         <size>0x4e4</size>
         <contents>
            <object_component_ref idref="oc-20"/>
            <object_component_ref idref="oc-40"/>
            <object_component_ref idref="oc-55"/>
[...]
         <value>0x2</value>
      </symbol>
      <symbol id="sm-2">
         <name>$TI_capability_requires_rev2</name>
         <value>0x1</value>
      </symbol>
      <symbol id="sm-3">
         <name>cinit</name>
         <value>0x9f8</value>
      </symbol>
      <symbol id="sm-4">
         <name>___cinit__</name>
         <value>0x9f8</value>
      </symbol>
      <symbol id="sm-5">
         <name>pinit</name>
         <value>0xffffffff</value>
      </symbol>
      <symbol id="sm-6">
         <name>___pinit__</name>
         <value>0xffffffff</value>
      </symbol>
      <symbol id="sm-7">
         <name>binit</name>
         <value>0xffffffff</value>
      </symbol>
      <symbol id="sm-8">
         <name>___binit__</name>
         <value>0xffffffff</value>
      </symbol>
      <symbol id="sm-9">
         <name>__STACK_SIZE</name>
         <value>0x200</value>
      </symbol>
      <symbol id="sm-a">
         <name>__STACK_END</name>
         <value>0x7f8</value>
      </symbol>
      <symbol id="sm-b">
         <name>__SYSMEM_SIZE</name>
         <value>0x400</value>
      </symbol>
      <symbol id="sm-c">
         <name>___c_args__</name>
         <value>0xffffffff</value>
      </symbol>
      <symbol id="sm-d">
         <name>__SYSSTACK_SIZE</name>
         <value>0x200</value>
      </symbol>
      <symbol id="sm-e">
         <name>.text</name>
         <value>0xffffffff</value>
      </symbol>
      <symbol id="sm-f">
         <name>___text__</name>
         <value>0xffffffff</value>
      </symbol>
      <symbol id="sm-10">
         <name>etext</name>
         <value>0xffffffff</value>
      </symbol>
      <symbol id="sm-11">
         <name>___etext__</name>
         <value>0xffffffff</value>
      </symbol>
      <symbol id="sm-12">
         <name>.data</name>
         <value>0x8000</value>
      </symbol>
      <symbol id="sm-13">
         <name>___data__</name>
         <value>0x8000</value>
      </symbol>
      <symbol id="sm-14">
         <name>edata</name>
         <value>0x8000</value>
      </symbol>
      <symbol id="sm-15">
         <name>___edata__</name>
         <value>0x8000</value>
      </symbol>
      <symbol id="sm-16">
         <name>.bss</name>
         <value>0xa000</value>
      </symbol>
      <symbol id="sm-17">
         <name>___bss__</name>
         <value>0xa000</value>
      </symbol>
      <symbol id="sm-18">
         <name>end</name>
         <value>0xa4e4</value>
      </symbol>
      <symbol id="sm-19">
         <name>___end__</name>
         <value>0xa4e4</value>
      </symbol>
      <symbol id="sm-45">
         <name>_main</name>
         <value>0x5b5a</value>
         <object_component_ref idref="oc-d"/>
      </symbol>
      <symbol id="sm-4f">
         <name>__addd</name>
         <value>0x4dd1</value>
         <object_component_ref idref="oc-13"/>
      </symbol>
      <symbol id="sm-5b">
         <name>__sysstack</name>
         <value>0x7f8</value>
         <object_component_ref idref="oc-f7"/>
      </symbol>
      <symbol id="sm-5c">
         <name>_c_int00</name>
         <value>0x6367</value>
         <object_component_ref idref="oc-c"/>
      </symbol>
      <symbol id="sm-5d">
         <name>__stack</name>
         <value>0x5f8</value>
         <object_component_ref idref="oc-17"/>
      </symbol>
      <symbol id="sm-69">
         <name>__divd</name>
         <value>0x4528</value>
         <object_component_ref idref="oc-1b"/>
      </symbol>
      <symbol id="sm-79">
         <name>C$$EXIT</name>
         <value>0x5ff9</value>
         <object_component_ref idref="oc-23"/>
      </symbol>
      <symbol id="sm-7a">
         <name>_exit</name>
         <value>0x6329</value>
         <object_component_ref idref="oc-1f"/>
      </symbol>
      <symbol id="sm-7b">
         <name>_abort</name>
         <value>0x5ff8</value>
         <object_component_ref idref="oc-23"/>
      </symbol>
      <symbol id="sm-7c">
         <name>__cleanup_ptr</name>
         <value>0xa4dc</value>
         <object_component_ref idref="oc-20"/>
      </symbol>
      <symbol id="sm-7d">
         <name>__dtors_ptr</name>
         <value>0xa4e0</value>
         <object_component_ref idref="oc-20"/>
      </symbol>
      <symbol id="sm-87">
         <name>__fltid</name>
         <value>0x644b</value>
         <object_component_ref idref="oc-26"/>
      </symbol>
      <symbol id="sm-93">
         <name>__fltlid</name>
         <value>0x606b</value>
         <object_component_ref idref="oc-2a"/>
      </symbol>
      <symbol id="sm-9d">
         <name>__frcmpyd_div</name>
         <value>0x5e0d</value>
         <object_component_ref idref="oc-2f"/>
      </symbol>
      <symbol id="sm-a5">
         <name>__mpyli</name>
         <value>0x6416</value>
         <object_component_ref idref="oc-33"/>
      </symbol>
      <symbol id="sm-a6">
         <name>I$$LMPY</name>
         <value>0x6416</value>
         <object_component_ref idref="oc-33"/>
      </symbol>
      <symbol id="sm-b0">
         <name>__mpyd</name>
         <value>0x556a</value>
         <object_component_ref idref="oc-37"/>
      </symbol>
      <symbol id="sm-ba">
         <name>_printf</name>
         <value>0x612e</value>
         <object_component_ref idref="oc-3b"/>
      </symbol>
      <symbol id="sm-cb">
         <name>_sin</name>
         <value>0x502b</value>
         <object_component_ref idref="oc-3f"/>
      </symbol>
      <symbol id="sm-d5">
         <name>__subd</name>
         <value>0x6402</value>
         <object_component_ref idref="oc-46"/>
      </symbol>
      <symbol id="sm-e1">
         <name>__trunc</name>
         <value>0x62a9</value>
         <object_component_ref idref="oc-4a"/>
      </symbol>
      <symbol id="sm-eb">
         <name>_Reset</name>
         <value>0xffff00</value>
         <object_component_ref idref="oc-50"/>
      </symbol>
      <symbol id="sm-f9">
         <name>__unlock</name>
         <value>0xa4d8</value>
         <object_component_ref idref="oc-55"/>
      </symbol>
      <symbol id="sm-fa">
         <name>__lock</name>
         <value>0xa4d4</value>
         <object_component_ref idref="oc-55"/>
      </symbol>
      <symbol id="sm-fb">
         <name>__register_lock</name>
         <value>0x6431</value>
         <object_component_ref idref="oc-54"/>
      </symbol>
      <symbol id="sm-fc">
         <name>__nop</name>
         <value>0x6439</value>
         <object_component_ref idref="oc-54"/>
      </symbol>
      <symbol id="sm-fd">
         <name>__register_unlock</name>
         <value>0x6429</value>
         <object_component_ref idref="oc-54"/>
      </symbol>
      <symbol id="sm-10f">
         <name>__printfi</name>
         <value>0x3362</value>
         <object_component_ref idref="oc-5a"/>
      </symbol>
      <symbol id="sm-119">
         <name>__args_main</name>
         <value>0x61cb</value>
         <object_component_ref idref="oc-60"/>
      </symbol>
      <symbol id="sm-11a">
         <name>__TI_args_main</name>
         <value>0x1</value>
      </symbol>
      <symbol id="sm-124">
         <name>_atoi</name>
         <value>0x60d2</value>
         <object_component_ref idref="oc-64"/>
      </symbol>
      <symbol id="sm-12c">
         <name>_auto_init</name>
         <value>0x617e</value>
         <object_component_ref idref="oc-68"/>
      </symbol>
      <symbol id="sm-136">
         <name>__eqld</name>
         <value>0x537b</value>
         <object_component_ref idref="oc-6c"/>
      </symbol>
      <symbol id="sm-137">
         <name>__cmpd</name>
         <value>0x53af</value>
         <object_component_ref idref="oc-6c"/>
      </symbol>
      <symbol id="sm-138">
         <name>__neqd</name>
         <value>0x521d</value>
         <object_component_ref idref="oc-6c"/>
      </symbol>
      <symbol id="sm-139">
         <name>__gtrd</name>
         <value>0x52e6</value>
         <object_component_ref idref="oc-6c"/>
      </symbol>
      <symbol id="sm-13a">
         <name>__geqd</name>
         <value>0x5331</value>
         <object_component_ref idref="oc-6c"/>
      </symbol>
      <symbol id="sm-13b">
         <name>__leqd</name>
         <value>0x5299</value>
         <object_component_ref idref="oc-6c"/>
      </symbol>
      <symbol id="sm-13c">
         <name>__lssd</name>
         <value>0x5251</value>
         <object_component_ref idref="oc-6c"/>
      </symbol>
      <symbol id="sm-144">
         <name>__ctypes_</name>
         <value>0xc0</value>
         <object_component_ref idref="oc-f9"/>
      </symbol>
      <symbol id="sm-14e">
         <name>__tmpnams</name>
         <value>0xa0f0</value>
         <object_component_ref idref="oc-72"/>
      </symbol>
      <symbol id="sm-14f">
         <name>__ft_end</name>
         <value>0xa230</value>
         <object_component_ref idref="oc-72"/>
      </symbol>
      <symbol id="sm-150">
         <name>__ftable</name>
         <value>0xa000</value>
         <object_component_ref idref="oc-72"/>
      </symbol>
      <symbol id="sm-15b">
         <name>__divul</name>
         <value>0x5bfe</value>
         <object_component_ref idref="oc-76"/>
      </symbol>
      <symbol id="sm-165">
         <name>__fixdi</name>
         <value>0x5fce</value>
         <object_component_ref idref="oc-7a"/>
      </symbol>
      <symbol id="sm-16f">
         <name>__fixdli</name>
         <value>0x5ef2</value>
         <object_component_ref idref="oc-7e"/>
      </symbol>
      <symbol id="sm-179">
         <name>_putchar</name>
         <value>0x5b4b</value>
         <object_component_ref idref="oc-82"/>
      </symbol>
      <symbol id="sm-17a">
         <name>_putc</name>
         <value>0x5ab4</value>
         <object_component_ref idref="oc-82"/>
      </symbol>
      <symbol id="sm-17b">
         <name>_fputc</name>
         <value>0x5ab4</value>
         <object_component_ref idref="oc-82"/>
      </symbol>
      <symbol id="sm-189">
         <name>_puts</name>
         <value>0x553c</value>
         <object_component_ref idref="oc-86"/>
      </symbol>
      <symbol id="sm-18a">
         <name>_fputs</name>
         <value>0x5407</value>
         <object_component_ref idref="oc-86"/>
      </symbol>
      <symbol id="sm-194">
         <name>__frcmpyd</name>
         <value>0x5d97</value>
         <object_component_ref idref="oc-8b"/>
      </symbol>
      <symbol id="sm-19e">
         <name>___isinf</name>
         <value>0x63e8</value>
         <object_component_ref idref="oc-8f"/>
      </symbol>
      <symbol id="sm-1a8">
         <name>__divull</name>
         <value>0x4ca8</value>
         <object_component_ref idref="oc-93"/>
      </symbol>
      <symbol id="sm-1a9">
         <name>__mpylli</name>
         <value>0x4bf0</value>
         <object_component_ref idref="oc-93"/>
      </symbol>
      <symbol id="sm-1aa">
         <name>__remlli</name>
         <value>0x4bc1</value>
         <object_component_ref idref="oc-93"/>
      </symbol>
      <symbol id="sm-1ab">
         <name>__divlli</name>
         <value>0x4d9c</value>
         <object_component_ref idref="oc-93"/>
      </symbol>
      <symbol id="sm-1ac">
         <name>__remull</name>
         <value>0x4b73</value>
         <object_component_ref idref="oc-93"/>
      </symbol>
      <symbol id="sm-1be">
         <name>_add_device</name>
         <value>0x39f7</value>
         <object_component_ref idref="oc-97"/>
      </symbol>
      <symbol id="sm-1bf">
         <name>_rename</name>
         <value>0x3719</value>
         <object_component_ref idref="oc-97"/>
      </symbol>
      <symbol id="sm-1c0">
         <name>_read</name>
         <value>0x37a8</value>
         <object_component_ref idref="oc-97"/>
      </symbol>
      <symbol id="sm-1c1">
         <name>_unlink</name>
         <value>0x36e6</value>
         <object_component_ref idref="oc-97"/>
      </symbol>
      <symbol id="sm-1c2">
         <name>_remove_device</name>
         <value>0x3772</value>
         <object_component_ref idref="oc-97"/>
      </symbol>
      <symbol id="sm-1c3">
         <name>_open</name>
         <value>0x3856</value>
         <object_component_ref idref="oc-97"/>
      </symbol>
      <symbol id="sm-1c4">
         <name>_find_registered_device</name>
         <value>0x397b</value>
         <object_component_ref idref="oc-97"/>
      </symbol>
      <symbol id="sm-1c5">
         <name>_lseek</name>
         <value>0x3915</value>
         <object_component_ref idref="oc-97"/>
      </symbol>
      <symbol id="sm-1c6">
         <name>_close</name>
         <value>0x3984</value>
         <object_component_ref idref="oc-97"/>
      </symbol>
      <symbol id="sm-1c7">
         <name>_write</name>
         <value>0x35a4</value>
         <object_component_ref idref="oc-97"/>
      </symbol>
      <symbol id="sm-1d1">
         <name>_ltoa</name>
         <value>0x5c9f</value>
         <object_component_ref idref="oc-9d"/>
      </symbol>
      <symbol id="sm-1dc">
         <name>_memccpy</name>
         <value>0x63c5</value>
         <object_component_ref idref="oc-a1"/>
      </symbol>
      <symbol id="sm-1e4">
         <name>_memcpy</name>
         <value>0x62ea</value>
         <object_component_ref idref="oc-a5"/>
      </symbol>
      <symbol id="sm-1f0">
         <name>_modf</name>
         <value>0x593b</value>
         <object_component_ref idref="oc-a9"/>
      </symbol>
      <symbol id="sm-1fa">
         <name>__negd</name>
         <value>0x643b</value>
         <object_component_ref idref="oc-ae"/>
      </symbol>
      <symbol id="sm-204">
         <name>__remli</name>
         <value>0x6216</value>
         <object_component_ref idref="oc-b2"/>
      </symbol>
      <symbol id="sm-20f">
         <name>__remul</name>
         <value>0x5e80</value>
         <object_component_ref idref="oc-b6"/>
      </symbol>
      <symbol id="sm-21b">
         <name>__nround</name>
         <value>0x3f9c</value>
         <object_component_ref idref="oc-ba"/>
      </symbol>
      <symbol id="sm-227">
         <name>_HOSTopen</name>
         <value>0x430b</value>
         <object_component_ref idref="oc-bf"/>
      </symbol>
      <symbol id="sm-228">
         <name>_HOSTread</name>
         <value>0x427e</value>
         <object_component_ref idref="oc-bf"/>
      </symbol>
      <symbol id="sm-229">
         <name>_HOSTtime</name>
         <value>0x4172</value>
         <object_component_ref idref="oc-bf"/>
      </symbol>
      <symbol id="sm-22a">
         <name>_getenv</name>
         <value>0x4000</value>
         <object_component_ref idref="oc-bf"/>
      </symbol>
      <symbol id="sm-22b">
         <name>_HOSTrename</name>
         <value>0x41d0</value>
         <object_component_ref idref="oc-bf"/>
      </symbol>
      <symbol id="sm-22c">
         <name>_HOSTclock</name>
         <value>0x44ca</value>
         <object_component_ref idref="oc-bf"/>
      </symbol>
      <symbol id="sm-22d">
         <name>_HOSTwrite</name>
         <value>0x407b</value>
         <object_component_ref idref="oc-bf"/>
      </symbol>
      <symbol id="sm-22e">
         <name>_HOSTlseek</name>
         <value>0x43aa</value>
         <object_component_ref idref="oc-bf"/>
      </symbol>
      <symbol id="sm-22f">
         <name>_HOSTunlink</name>
         <value>0x4108</value>
         <object_component_ref idref="oc-bf"/>
      </symbol>
      <symbol id="sm-230">
         <name>_HOSTclose</name>
         <value>0x445f</value>
         <object_component_ref idref="oc-bf"/>
      </symbol>
      <symbol id="sm-242">
         <name>C$$IO$$</name>
         <value>0x5aaf</value>
         <object_component_ref idref="oc-c7"/>
      </symbol>
      <symbol id="sm-243">
         <name>__CIOBUF_</name>
         <value>0x3b8</value>
         <object_component_ref idref="oc-c6"/>
      </symbol>
      <symbol id="sm-244">
         <name>_readmsg</name>
         <value>0x5f61</value>
         <object_component_ref idref="oc-c4"/>
      </symbol>
      <symbol id="sm-245">
         <name>_writemsg</name>
         <value>0x59fa</value>
         <object_component_ref idref="oc-c7"/>
      </symbol>
      <symbol id="sm-24d">
         <name>__remu</name>
         <value>0x63b0</value>
         <object_component_ref idref="oc-ca"/>
      </symbol>
      <symbol id="sm-24e">
         <name>__divu</name>
         <value>0x639b</value>
         <object_component_ref idref="oc-ca"/>
      </symbol>
      <symbol id="sm-24f">
         <name>I$$UMOD</name>
         <value>0x63b0</value>
         <object_component_ref idref="oc-ca"/>
      </symbol>
      <symbol id="sm-250">
         <name>I$$UDIV</name>
         <value>0x639b</value>
         <object_component_ref idref="oc-ca"/>
      </symbol>
      <symbol id="sm-25a">
         <name>__rd_ok</name>
         <value>0x581c</value>
         <object_component_ref idref="oc-ce"/>
      </symbol>
      <symbol id="sm-25b">
         <name>__wrt_ok</name>
         <value>0x579c</value>
         <object_component_ref idref="oc-ce"/>
      </symbol>
      <symbol id="sm-265">
         <name>__divli</name>
         <value>0x6261</value>
         <object_component_ref idref="oc-d2"/>
      </symbol>
      <symbol id="sm-26f">
         <name>__doflush</name>
         <value>0x5879</value>
         <object_component_ref idref="oc-d6"/>
      </symbol>
      <symbol id="sm-270">
         <name>_fflush</name>
         <value>0x58e2</value>
         <object_component_ref idref="oc-d6"/>
      </symbol>
      <symbol id="sm-27a">
         <name>_fseek</name>
         <value>0x6000</value>
         <object_component_ref idref="oc-da"/>
      </symbol>
      <symbol id="sm-284">
         <name>_setvbuf</name>
         <value>0x56b6</value>
         <object_component_ref idref="oc-de"/>
      </symbol>
      <symbol id="sm-293">
         <name>__cleanup</name>
         <value>0x4a15</value>
         <object_component_ref idref="oc-e2"/>
      </symbol>
      <symbol id="sm-294">
         <name>_fopen</name>
         <value>0x4b38</value>
         <object_component_ref idref="oc-e2"/>
      </symbol>
      <symbol id="sm-295">
         <name>_freopen</name>
         <value>0x4a6f</value>
         <object_component_ref idref="oc-e2"/>
      </symbol>
      <symbol id="sm-2a5">
         <name>__sys_memory</name>
         <value>0x8000</value>
         <object_component_ref idref="oc-ec"/>
      </symbol>
      <symbol id="sm-2a6">
         <name>_chkheap</name>
         <value>0x3f6e</value>
         <object_component_ref idref="oc-e8"/>
      </symbol>
      <symbol id="sm-2a7">
         <name>_realloc</name>
         <value>0x3d0d</value>
         <object_component_ref idref="oc-e8"/>
      </symbol>
      <symbol id="sm-2a8">
         <name>_free_memory</name>
         <value>0x3f18</value>
         <object_component_ref idref="oc-e8"/>
      </symbol>
      <symbol id="sm-2a9">
         <name>_max_free</name>
         <value>0x3ebe</value>
         <object_component_ref idref="oc-e8"/>
      </symbol>
      <symbol id="sm-2aa">
         <name>_free</name>
         <value>0x3ae7</value>
         <object_component_ref idref="oc-e8"/>
      </symbol>
      <symbol id="sm-2ab">
         <name>_calloc</name>
         <value>0x3f76</value>
         <object_component_ref idref="oc-e8"/>
      </symbol>
      <symbol id="sm-2ac">
         <name>_malloc</name>
         <value>0x3c18</value>
         <object_component_ref idref="oc-e8"/>
      </symbol>
      <symbol id="sm-2ad">
         <name>_minit</name>
         <value>0x3bb3</value>
         <object_component_ref idref="oc-e8"/>
      </symbol>
      <symbol id="sm-2b7">
         <name>_fclose</name>
         <value>0x5d1c</value>
         <object_component_ref idref="oc-ef"/>
      </symbol>
      <symbol id="sm-2c1">
         <name>_remove</name>
         <value>0x6457</value>
         <object_component_ref idref="oc-f3"/>
      </symbol>
   </symbol_table>
</link_info>
