******************************************************************************
              TMS320C55x Linker PC v4.4.1                      
******************************************************************************
>> Linked Mon Nov 08 01:04:43 2021

OUTPUT FILE NAME:   <hello_word.out>
ENTRY POINT SYMBOL: "_c_int00"  address: 00002838


MEMORY CONFIGURATION

         name            origin    length      used     unused   attr    fill
                        (bytes)   (bytes)    (bytes)   (bytes)
----------------------  --------  ---------  --------  --------  ----  --------
  MMR                   00000000   000000c0  00000000  000000c0  RWIX
  DARAM0                000000c0   00001f40  00000682  000018be  RWIX
  DARAM1                00002000   00002000  00000926  000016da  RWIX
  DARAM2                00004000   00002000  00000000  00002000  RWIX
  DARAM3                00006000   00002000  00000000  00002000  RWIX
  DARAM4                00008000   00002000  00000000  00002000  RWIX
  DARAM5                0000a000   00002000  0000024c  00001db4  RWIX
  DARAM6                0000c000   00002000  00000000  00002000  RWIX
  DARAM7                0000e000   00002000  00000000  00002000  RWIX
  CE0                   00010000   003f0000  00000000  003f0000  RWIX
  CE1                   00400000   00400000  00000000  00400000  RWIX
  CE2                   00800000   00400000  00000000  00400000  RWIX
  CE3                   00c00000   003f8000  00000000  003f8000  RWIX
  ROM                   00ff8000   00007f00  00000000  00007f00  RWIX
  VECS                  00ffff00   00000100  00000100  00000000  RWIX


SECTION ALLOCATION MAP
(Addresses surrounded by []'s are displayed for convenience only!)

output                                                          attributes/
section   page  orgn(bytes) orgn(words) len(bytes) len(words)   input sections
--------  ----  ----------- ----------- ---------- ----------   --------------
.cinit       0   [ 000000c0 ]  00000060          *   00000141   
                 [ 000000c0 ]  00000060          *   0000012c   hello_world.obj (.cinit)
                 [ 00000318 ]  0000018c          *   0000000a   rts55.lib : _lock.obj (.cinit)
                 [ 0000032c ]  00000196          *   0000000a             : exit.obj (.cinit)
                 [ 00000340 ]  000001a0          *   00000001   --HOLE-- [fill = 0]

.stack       0   [ 00000344 ]  000001a2          *   00000100   UNINITIALIZED
                 [ 00000344 ]  000001a2          *   00000100   --HOLE--

.sysstack 
*            0   [ 00000544 ]  000002a2          *   00000100   UNINITIALIZED
                 [ 00000544 ]  000002a2          *   00000100   --HOLE--

.text        0     00002000  [ 00001000 ] 00000926          *   
                   00002000  [ 00001000 ] 0000072c          *   hello_world.obj (.text)
                   0000272c  [ 00001396 ] 000000a1          *   55xdsp.lib : iircas51.obj (.text)
                   000027cd  [ 000013e6+] 0000006b          *   rts55.lib : autoinit.obj (.text)
                   00002838  [ 0000141c ] 0000004c          *             : boot.obj (.text)
                   00002884  [ 00001442 ] 00000040          *             : args_main.obj (.text)
                   000028c4  [ 00001462 ] 00000038          *             : exit.obj (.text)
                   000028fc  [ 0000147e ] 00000010          *             : _lock.obj (.text)
                   0000290c  [ 00001486 ] 00000010          *             : memset.obj (.text)
                   0000291c  [ 0000148e ] 00000007          *             : exit.obj (.text:CIO_breakpoint)
                   00002923  [ 00001491+] 00000002          *             : vectors.obj (.text)
                   00002925  [ 00001492 ] 00000001          *   --HOLE-- [fill = 20]

.data        0   [ 00008000 ]  00004000          *   00000000   UNINITIALIZED

.bss         0   [ 0000a000 ]  00005000          *   00000126   UNINITIALIZED
                 [ 0000a000 ]  00005000          *   0000011d   hello_world.obj (.bss)
                 [ 0000a23a ]  0000511d          *   00000001   --HOLE--
                 [ 0000a23c ]  0000511e          *   00000004   rts55.lib : _lock.obj (.bss)
                 [ 0000a244 ]  00005122          *   00000004             : exit.obj (.bss)

vectors      0     00ffff00  [ 007fff80 ] 00000100          *   NOLOAD SECTION
                   00ffff00  [ 007fff80 ] 00000100          *   rts55.lib : vectors.obj (vectors)


GLOBAL SYMBOLS: SORTED ALPHABETICALLY BY Name 

abs. value/
byte addr   word addr   name
---------   ---------   ----
00000002                $TI_capability$C5500$CallingConvention
00000001                $TI_capability$C5500$MemoryModel
00000001                $TI_capability_requires_rev2
            00005000    .bss
            00004000    .data
ffffffff                .text
0000291d                C$$EXIT
00ffff00                _Reset
            000002a2    __STACK_END
00000200                __STACK_SIZE
00000200                __SYSSTACK_SIZE
00000001                __TI_args_main
ffffffff                ___binit__
            00005000    ___bss__
ffffffff                ___c_args__
            00000060    ___cinit__
            00004000    ___data__
            00004000    ___edata__
            00005126    ___end__
ffffffff                ___etext__
ffffffff                ___pinit__
ffffffff                ___text__
00002884                __args_main
            00005122    __cleanup_ptr
            00005124    __dtors_ptr
            0000511e    __lock
0000290a                __nop
00002903                __register_lock
000028fc                __register_unlock
            000001a2    __stack
            000002a2    __sysstack
            00005120    __unlock
            00005107    _a
0000291c                _abort
000027cd                _auto_init
            00005100    _b
00002838                _c_int00
000028c4                _exit
00002131                _get_at
            0000510e    _hcas
0000208b                _iirCascata
00002147                _iirFormaDireta1
000023ef                _iirFormaDireta2
0000272c                _iircas51
000026fc                _main
0000290c                _memset
00002000                _multiplyQ15
0000204f                _sumQ15
            00005080    _x_random
            00005000    _x_sin
ffffffff                binit
            00000060    cinit
            00004000    edata
            00005126    end
ffffffff                etext
ffffffff                pinit


GLOBAL SYMBOLS: SORTED BY Symbol Address 

abs. value/
byte addr   word addr   name
---------   ---------   ----
00000001                $TI_capability$C5500$MemoryModel
00000001                $TI_capability_requires_rev2
00000001                __TI_args_main
00000002                $TI_capability$C5500$CallingConvention
            00000060    ___cinit__
            00000060    cinit
00000200                __STACK_SIZE
00000200                __SYSSTACK_SIZE
            000001a2    __stack
            000002a2    __STACK_END
            000002a2    __sysstack
00002000                _multiplyQ15
0000204f                _sumQ15
0000208b                _iirCascata
00002131                _get_at
00002147                _iirFormaDireta1
000023ef                _iirFormaDireta2
000026fc                _main
0000272c                _iircas51
000027cd                _auto_init
00002838                _c_int00
00002884                __args_main
000028c4                _exit
000028fc                __register_unlock
00002903                __register_lock
0000290a                __nop
0000290c                _memset
0000291c                _abort
0000291d                C$$EXIT
            00004000    .data
            00004000    ___data__
            00004000    ___edata__
            00004000    edata
            00005000    .bss
            00005000    ___bss__
            00005000    _x_sin
            00005080    _x_random
            00005100    _b
            00005107    _a
            0000510e    _hcas
            0000511e    __lock
            00005120    __unlock
            00005122    __cleanup_ptr
            00005124    __dtors_ptr
            00005126    ___end__
            00005126    end
00ffff00                _Reset
ffffffff                .text
ffffffff                ___binit__
ffffffff                ___c_args__
ffffffff                ___etext__
ffffffff                ___pinit__
ffffffff                ___text__
ffffffff                binit
ffffffff                etext
ffffffff                pinit

[56 symbols]
