******************************************************************************
              TMS320C55x Linker PC v4.4.1                      
******************************************************************************
>> Linked Mon Sep 27 21:19:12 2021

OUTPUT FILE NAME:   <hello_word.out>
ENTRY POINT SYMBOL: "_c_int00"  address: 00006337


MEMORY CONFIGURATION

         name            origin    length      used     unused   attr    fill
                        (bytes)   (bytes)    (bytes)   (bytes)
----------------------  --------  ---------  --------  --------  ----  --------
  MMR                   00000000   000000c0  00000000  000000c0  RWIX
  DARAM0                000000c0   00001f40  000009fc  00001544  RWIX
  DARAM1                00002000   00002000  00002000  00000000  RWIX
  DARAM2                00004000   00002000  00002000  00000000  RWIX
  DARAM3                00006000   00002000  0000043b  00001bc5  RWIX
  DARAM4                00008000   00002000  00000400  00001c00  RWIX
  DARAM5                0000a000   00002000  00000670  00001990  RWIX
  DARAM6                0000c000   00002000  00000000  00002000  RWIX
  DARAM7                0000e000   00002000  00000000  00002000  RWIX
  CE0                   00010000   003f0000  00000000  003f0000  RWIX
  CE1                   00400000   00400000  00000000  00400000  RWIX
  CE2                   00800000   00400000  00000000  00400000  RWIX
  CE3                   00c00000   003f8000  00000000  003f8000  RWIX
  ROM                   00ff8000   00007f00  00000000  00007f00  RWIX
  VECS                  00ffff00   00000100  00000100  00000000  RWIX


SECTION ALLOCATION MAP
(Addresses surrounded by []'s are displayed for convenience only!)

output                                                          attributes/
section   page  orgn(bytes) orgn(words) len(bytes) len(words)   input sections
--------  ----  ----------- ----------- ---------- ----------   --------------
.const       0   [ 000000c0 ]  00000060          *   00000166   
                 [ 000000c0 ]  00000060          *   00000101   rts55x.lib : ctype.obj (.const:__ctypes_)
                 [ 000002c2 ]  00000161          *   00000001   --HOLE-- [fill = 0]
                 [ 000002c4 ]  00000162          *   00000024              : _printfi.obj (.const:.string)
                 [ 0000030c ]  00000186          *   0000000c              : _printfi.obj (.const)
                 [ 00000324 ]  00000192          *   0000000a   teste.obj (.const:.string)
                 [ 00000338 ]  0000019c          *   0000000a   rts55x.lib : ldexp.obj (.const)
                 [ 0000034c ]  000001a6          *   0000000a              : sqrt.obj (.const)
                 [ 00000360 ]  000001b0          *   00000008              : divd.obj (.const:_initial_approx$1)
                 [ 00000370 ]  000001b8          *   00000008              : frexp.obj (.const)
                 [ 00000380 ]  000001c0          *   00000002              : fputs.obj (.const:.string)
                 [ 00000384 ]  000001c2          *   00000002              : fltlid.obj (.const)
                 [ 00000388 ]  000001c4          *   00000002   teste.obj (.const)

.cio         0   [ 00000390 ]  000001c8          *   00000120   UNINITIALIZED
                 [ 00000390 ]  000001c8          *   00000120   rts55x.lib : trgmsg.obj (.cio)

.stack       0   [ 000005d0 ]  000002e8          *   00000100   UNINITIALIZED
                 [ 000005d0 ]  000002e8          *   00000100   --HOLE--

.sysstack 
*            0   [ 000007d0 ]  000003e8          *   00000100   UNINITIALIZED
                 [ 000007d0 ]  000003e8          *   00000100   --HOLE--

.cinit       0   [ 000009d0 ]  000004e8          *   00000078   
                 [ 000009d0 ]  000004e8          *   0000002d   rts55x.lib : lowlev.obj (.cinit)
                 [ 00000a2a ]  00000515          *   0000002a              : defs.obj (.cinit)
                 [ 00000a7e ]  0000053f          *   0000000a              : _lock.obj (.cinit)
                 [ 00000a92 ]  00000549          *   0000000a              : exit.obj (.cinit)
                 [ 00000aa6 ]  00000553          *   00000004              : errno.obj (.cinit)
                 [ 00000aae ]  00000557          *   00000004              : fopen.obj (.cinit)
                 [ 00000ab6 ]  0000055b          *   00000004              : memory.obj (.cinit)
                 [ 00000abe ]  0000055f          *   00000001   --HOLE-- [fill = 0]

.text.1      0     00002000  [ 00001000 ] 00002000          *   
                   00002000  [ 00001000 ] 000015a4          *   rts55x.lib : _printfi.obj (.text)
                   000035a4  [ 00001ad2 ] 00000543          *              : lowlev.obj (.text)
                   00003ae7  [ 00001d73+] 000004b5          *              : memory.obj (.text)
                   00003f9c  [ 00001fce ] 0000005c          *              : atoi.obj (.text)
                   00003ff8  [ 00001ffc ] 00000007          *              : exit.obj (.text:CIO_breakpoint)
                   00003fff  [ 00001fff ] 00000001          *   --HOLE-- [fill = 20]

.text.2      0     00004000  [ 00002000 ] 00002000          *   
                   00004000  [ 00002000 ] 00000528          *   rts55x.lib : trgdrv.obj (.text)
                   00004528  [ 00002294 ] 000003cc          *              : divd.obj (.text)
                   000048f4  [ 0000247a ] 0000027f          *              : fopen.obj (.text)
                   00004b73  [ 000025b9+] 0000025e          *              : llmpy.obj (.text)
                   00004dd1  [ 000026e8+] 0000025a          *              : addd.obj (.text)
                   0000502b  [ 00002815+] 000001ea          *              : cmpd.obj (.text)
                   00005215  [ 0000290a+] 00000163          *              : fputs.obj (.text)
                   00005378  [ 000029bc ] 0000014c          *              : mpyd.obj (.text)
                   000054c4  [ 00002a62 ] 00000116          *              : sqrt.obj (.text)
                   000055da  [ 00002aed ] 000000fc          *   teste.obj (.text)
                   000056d6  [ 00002b6b ] 000000f2          *   rts55x.lib : ldexp.obj (.text)
                   000057c8  [ 00002be4 ] 000000e6          *              : setvbuf.obj (.text)
                   000058ae  [ 00002c57 ] 000000dd          *              : _io_perm.obj (.text)
                   0000598b  [ 00002cc5+] 000000cc          *              : frexp.obj (.text)
                   00005a57  [ 00002d2b+] 000000c2          *              : fflush.obj (.text)
                   00005b19  [ 00002d8c+] 000000ba          *              : trgmsg.obj (.text:CIO_breakpoint)
                   00005bd3  [ 00002de9+] 000000a6          *              : fputc.obj (.text)
                   00005c79  [ 00002e3c+] 000000a1          *              : divul.obj (.text)
                   00005d1a  [ 00002e8d ] 0000007d          *              : ltoa.obj (.text)
                   00005d97  [ 00002ecb+] 0000007b          *              : fclose.obj (.text)
                   00005e12  [ 00002f09 ] 00000076          *              : frcmpyd.obj (.text)
                   00005e88  [ 00002f44 ] 00000073          *              : frcmpyd_div.obj (.text)
                   00005efb  [ 00002f7d+] 00000072          *              : remul.obj (.text)
                   00005f6d  [ 00002fb6+] 0000006f          *              : fixdli.obj (.text)
                   00005fdc  [ 00002fee ] 00000023          *              : memccpy.obj (.text)
                   00005fff  [ 00002fff ] 00000001          *   --HOLE-- [fill = 20]

.text.3      0     00006000  [ 00003000 ] 0000043b          *   
                   00006000  [ 00003000 ] 0000006d          *   rts55x.lib : trgmsg.obj (.text)
                   0000606d  [ 00003036+] 0000006b          *              : fseek.obj (.text)
                   000060d8  [ 0000306c ] 00000067          *              : fltlid.obj (.text)
                   0000613f  [ 0000309f+] 00000050          *              : printf.obj (.text)
                   0000618f  [ 000030c7+] 0000004d          *              : autoinit.obj (.text)
                   000061dc  [ 000030ee ] 0000004b          *              : args_main.obj (.text)
                   00006227  [ 00003113+] 0000004b          *              : remli.obj (.text)
                   00006272  [ 00003139 ] 00000048          *              : divli.obj (.text)
                   000062ba  [ 0000315d ] 0000003f          *              : memcpy.obj (.text)
                   000062f9  [ 0000317c+] 0000003e          *              : exit.obj (.text)
                   00006337  [ 0000319b+] 00000034          *              : boot.obj (.text)
                   0000636b  [ 000031b5+] 0000002a          *              : fixdi.obj (.text)
                   00006395  [ 000031ca+] 0000002a          *              : udiv.obj (.text)
                   000063bf  [ 000031df+] 0000001a          *              : isinf.obj (.text)
                   000063d9  [ 000031ec+] 00000014          *              : subd.obj (.text)
                   000063ed  [ 000031f6+] 00000013          *              : lmpy.obj (.text)
                   00006400  [ 00003200 ] 00000012          *              : _lock.obj (.text)
                   00006412  [ 00003209 ] 00000010          *              : negd.obj (.text)
                   00006422  [ 00003211 ] 0000000c          *              : fltid.obj (.text)
                   0000642e  [ 00003217 ] 0000000a          *              : remove.obj (.text)
                   00006438  [ 0000321c ] 00000002          *              : vectors.obj (.text)
                   0000643a  [ 0000321d ] 00000001          *   --HOLE-- [fill = 20]

.sysmem      0   [ 00008000 ]  00004000          *   00000200   UNINITIALIZED
                 [ 00008000 ]  00004000          *   00000200   --HOLE--

.data        0   [ 00008000 ]  00004000          *   00000000   UNINITIALIZED

.bss         0   [ 0000a000 ]  00005000          *   00000338   UNINITIALIZED
                 [ 0000a000 ]  00005000          *   00000119   rts55x.lib : defs.obj (.bss)
                 [ 0000a232 ]  00005119          *   000000d0              : trgdrv.obj (.bss)
                 [ 0000a3d2 ]  000051e9          *   00000001              : errno.obj (.bss)
                 [ 0000a3d4 ]  000051ea          *   000000ce   teste.obj (.bss)
                 [ 0000a570 ]  000052b8          *   00000071   rts55x.lib : lowlev.obj (.bss)
                 [ 0000a652 ]  00005329          *   00000001              : fopen.obj (.bss)
                 [ 0000a654 ]  0000532a          *   00000006              : memory.obj (.bss)
                 [ 0000a660 ]  00005330          *   00000004              : _lock.obj (.bss)
                 [ 0000a668 ]  00005334          *   00000004              : exit.obj (.bss)

vectors      0     00ffff00  [ 007fff80 ] 00000100          *   NOLOAD SECTION
                   00ffff00  [ 007fff80 ] 00000100          *   rts55x.lib : vectors.obj (vectors)


GLOBAL SYMBOLS: SORTED ALPHABETICALLY BY Name 

abs. value/
byte addr   word addr   name
---------   ---------   ----
00000002                $TI_capability$C5500$CallingConvention
00000002                $TI_capability$C5500$MemoryModel
00000001                $TI_capability_requires_rev2
            00005000    .bss
            00004000    .data
ffffffff                .text
00003ff9                C$$EXIT
00005bce                C$$IO$$
000063ed                I$$LMPY
00006395                I$$UDIV
000063aa                I$$UMOD
            000051f0    _H
000044ca                _HOSTclock
0000445f                _HOSTclose
000043aa                _HOSTlseek
0000430b                _HOSTopen
0000427e                _HOSTread
000041d0                _HOSTrename
00004172                _HOSTtime
00004108                _HOSTunlink
0000407b                _HOSTwrite
            000051ee    _N
00ffff00                _Reset
            000001c8    __CIOBUF_
            000003e8    __STACK_END
00000200                __STACK_SIZE
00000400                __SYSMEM_SIZE
00000200                __SYSSTACK_SIZE
00000001                __TI_args_main
ffffffff                ___binit__
            00005000    ___bss__
ffffffff                ___c_args__
            000004e8    ___cinit__
            00004000    ___data__
            00004000    ___edata__
            00005338    ___end__
ffffffff                ___etext__
000063bf                ___isinf
ffffffff                ___pinit__
ffffffff                ___text__
00004dd1                __addd
000061dc                __args_main
00004a15                __cleanup
            00005334    __cleanup_ptr
000051bd                __cmpd
            00000060    __ctypes_
00004528                __divd
00006272                __divli
00004d9c                __divlli
00006395                __divu
00005c79                __divul
00004ca8                __divull
00005a57                __doflush
            00005336    __dtors_ptr
00005189                __eqld
0000636b                __fixdi
00005f6d                __fixdli
00006422                __fltid
000060d8                __fltlid
00005e12                __frcmpyd
00005e88                __frcmpyd_div
            00005118    __ft_end
            00005000    __ftable
0000513f                __geqd
000050f4                __gtrd
000050a7                __leqd
            00005330    __lock
0000505f                __lssd
00005378                __mpyd
000063ed                __mpyli
00004bf0                __mpylli
00006412                __negd
0000502b                __neqd
00006410                __nop
00003362                __printfi
0000592e                __rd_ok
00006408                __register_lock
00006400                __register_unlock
00006227                __remli
00004bc1                __remlli
000063aa                __remu
00005efb                __remul
00004b73                __remull
            000002e8    __stack
000063d9                __subd
            00004000    __sys_memory
            000003e8    __sysstack
            00005078    __tmpnams
            00005332    __unlock
000058ae                __wrt_ok
00003ff8                _abort
000039f7                _add_device
00003f9c                _atoi
0000618f                _auto_init
            000051ed    _c
00006337                _c_int00
00003f76                _calloc
00003f6e                _chkheap
00003984                _close
            000051e9    _errno
000062f9                _exit
00005d97                _fclose
00005ac0                _fflush
0000397b                _find_registered_device
00004b38                _fopen
00005bd3                _fputc
00005215                _fputs
00003ae7                _free
00003f18                _free_memory
00004a6f                _freopen
0000598b                _frexp
0000606d                _fseek
00004000                _getenv
            000051ea    _i
000056d6                _ldexp
00003915                _lseek
00005d1a                _ltoa
000055da                _main
00003c18                _malloc
00003ebe                _max_free
00005fdc                _memccpy
000062ba                _memcpy
00003bb3                _minit
00005696                _mul
00003856                _open
0000613f                _printf
00005bd3                _putc
00005c6a                _putchar
0000534a                _puts
000037a8                _read
00006000                _readmsg
00003d0d                _realloc
0000642e                _remove
00003772                _remove_device
00003719                _rename
000057c8                _setvbuf
000054c4                _sqrt
000036e6                _unlink
            000051eb    _w
            000051ec    _wc
000035a4                _write
00005b19                _writemsg
ffffffff                binit
            000004e8    cinit
            00004000    edata
            00005338    end
ffffffff                etext
ffffffff                pinit


GLOBAL SYMBOLS: SORTED BY Symbol Address 

abs. value/
byte addr   word addr   name
---------   ---------   ----
00000001                $TI_capability_requires_rev2
00000001                __TI_args_main
00000002                $TI_capability$C5500$CallingConvention
00000002                $TI_capability$C5500$MemoryModel
            00000060    __ctypes_
00000200                __STACK_SIZE
00000200                __SYSSTACK_SIZE
            000001c8    __CIOBUF_
00000400                __SYSMEM_SIZE
            000002e8    __stack
            000003e8    __STACK_END
            000003e8    __sysstack
            000004e8    ___cinit__
            000004e8    cinit
00003362                __printfi
000035a4                _write
000036e6                _unlink
00003719                _rename
00003772                _remove_device
000037a8                _read
00003856                _open
00003915                _lseek
0000397b                _find_registered_device
00003984                _close
000039f7                _add_device
00003ae7                _free
00003bb3                _minit
00003c18                _malloc
00003d0d                _realloc
00003ebe                _max_free
00003f18                _free_memory
00003f6e                _chkheap
00003f76                _calloc
00003f9c                _atoi
00003ff8                _abort
00003ff9                C$$EXIT
00004000                _getenv
0000407b                _HOSTwrite
00004108                _HOSTunlink
00004172                _HOSTtime
000041d0                _HOSTrename
0000427e                _HOSTread
0000430b                _HOSTopen
000043aa                _HOSTlseek
0000445f                _HOSTclose
000044ca                _HOSTclock
00004528                __divd
00004a15                __cleanup
00004a6f                _freopen
00004b38                _fopen
00004b73                __remull
00004bc1                __remlli
00004bf0                __mpylli
00004ca8                __divull
00004d9c                __divlli
00004dd1                __addd
0000502b                __neqd
0000505f                __lssd
000050a7                __leqd
000050f4                __gtrd
0000513f                __geqd
00005189                __eqld
000051bd                __cmpd
00005215                _fputs
0000534a                _puts
00005378                __mpyd
000054c4                _sqrt
000055da                _main
00005696                _mul
000056d6                _ldexp
000057c8                _setvbuf
000058ae                __wrt_ok
0000592e                __rd_ok
0000598b                _frexp
00005a57                __doflush
00005ac0                _fflush
00005b19                _writemsg
00005bce                C$$IO$$
00005bd3                _fputc
00005bd3                _putc
00005c6a                _putchar
00005c79                __divul
00005d1a                _ltoa
00005d97                _fclose
00005e12                __frcmpyd
00005e88                __frcmpyd_div
00005efb                __remul
00005f6d                __fixdli
00005fdc                _memccpy
00006000                _readmsg
0000606d                _fseek
000060d8                __fltlid
0000613f                _printf
0000618f                _auto_init
000061dc                __args_main
00006227                __remli
00006272                __divli
000062ba                _memcpy
000062f9                _exit
00006337                _c_int00
0000636b                __fixdi
00006395                I$$UDIV
00006395                __divu
000063aa                I$$UMOD
000063aa                __remu
000063bf                ___isinf
000063d9                __subd
000063ed                I$$LMPY
000063ed                __mpyli
00006400                __register_unlock
00006408                __register_lock
00006410                __nop
00006412                __negd
00006422                __fltid
0000642e                _remove
            00004000    .data
            00004000    ___data__
            00004000    ___edata__
            00004000    __sys_memory
            00004000    edata
            00005000    .bss
            00005000    ___bss__
            00005000    __ftable
            00005078    __tmpnams
            00005118    __ft_end
            000051e9    _errno
            000051ea    _i
            000051eb    _w
            000051ec    _wc
            000051ed    _c
            000051ee    _N
            000051f0    _H
            00005330    __lock
            00005332    __unlock
            00005334    __cleanup_ptr
            00005336    __dtors_ptr
            00005338    ___end__
            00005338    end
00ffff00                _Reset
ffffffff                .text
ffffffff                ___binit__
ffffffff                ___c_args__
ffffffff                ___etext__
ffffffff                ___pinit__
ffffffff                ___text__
ffffffff                binit
ffffffff                etext
ffffffff                pinit

[148 symbols]
