<?xml version="1.0"?>
<link_info>
   <banner>TMS320C55x Linker PC v4.4.1</banner>
   <copyright>Copyright (c) 1996-2012 Texas Instruments Incorporated</copyright>
   <link_time>0x61889b6d</link_time>
   <output_file>hello_word.out</output_file>
   <entry_point>
      <name>_c_int00</name>
      <address>0x5e9b</address>
   </entry_point>
   <input_file_list>
      <input_file id="fl-2">
         <path>.\</path>
         <kind>object</kind>
         <file>hello_world.obj</file>
         <name>hello_world.obj</name>
      </input_file>
      <input_file id="fl-7">
         <path>..\</path>
         <kind>archive</kind>
         <file>55xdsp.lib</file>
         <name>iircas51.obj</name>
      </input_file>
      <input_file id="fl-1b">
         <path>C:\ti\ccs1100\ccs\tools\compiler\c5500_4.4.1\lib\</path>
         <kind>archive</kind>
         <file>rts55.lib</file>
         <name>boot.obj</name>
      </input_file>
      <input_file id="fl-1c">
         <path>C:\ti\ccs1100\ccs\tools\compiler\c5500_4.4.1\lib\</path>
         <kind>archive</kind>
         <file>rts55.lib</file>
         <name>exit.obj</name>
      </input_file>
      <input_file id="fl-1d">
         <path>C:\ti\ccs1100\ccs\tools\compiler\c5500_4.4.1\lib\</path>
         <kind>archive</kind>
         <file>rts55.lib</file>
         <name>memset.obj</name>
      </input_file>
      <input_file id="fl-1e">
         <path>C:\ti\ccs1100\ccs\tools\compiler\c5500_4.4.1\lib\</path>
         <kind>archive</kind>
         <file>rts55.lib</file>
         <name>printf.obj</name>
      </input_file>
      <input_file id="fl-1f">
         <path>C:\ti\ccs1100\ccs\tools\compiler\c5500_4.4.1\lib\</path>
         <kind>archive</kind>
         <file>rts55.lib</file>
         <name>vectors.obj</name>
      </input_file>
      <input_file id="fl-20">
         <path>C:\ti\ccs1100\ccs\tools\compiler\c5500_4.4.1\lib\</path>
         <kind>archive</kind>
         <file>rts55.lib</file>
         <name>_lock.obj</name>
      </input_file>
      <input_file id="fl-21">
         <path>C:\ti\ccs1100\ccs\tools\compiler\c5500_4.4.1\lib\</path>
         <kind>archive</kind>
         <file>rts55.lib</file>
         <name>_printfi.obj</name>
      </input_file>
      <input_file id="fl-22">
         <path>C:\ti\ccs1100\ccs\tools\compiler\c5500_4.4.1\lib\</path>
         <kind>archive</kind>
         <file>rts55.lib</file>
         <name>args_main.obj</name>
      </input_file>
      <input_file id="fl-23">
         <path>C:\ti\ccs1100\ccs\tools\compiler\c5500_4.4.1\lib\</path>
         <kind>archive</kind>
         <file>rts55.lib</file>
         <name>atoi.obj</name>
      </input_file>
      <input_file id="fl-24">
         <path>C:\ti\ccs1100\ccs\tools\compiler\c5500_4.4.1\lib\</path>
         <kind>archive</kind>
         <file>rts55.lib</file>
         <name>autoinit.obj</name>
      </input_file>
      <input_file id="fl-25">
         <path>C:\ti\ccs1100\ccs\tools\compiler\c5500_4.4.1\lib\</path>
         <kind>archive</kind>
         <file>rts55.lib</file>
         <name>cmpd.obj</name>
      </input_file>
      <input_file id="fl-26">
         <path>C:\ti\ccs1100\ccs\tools\compiler\c5500_4.4.1\lib\</path>
         <kind>archive</kind>
         <file>rts55.lib</file>
         <name>ctype.obj</name>
      </input_file>
      <input_file id="fl-27">
         <path>C:\ti\ccs1100\ccs\tools\compiler\c5500_4.4.1\lib\</path>
         <kind>archive</kind>
         <file>rts55.lib</file>
         <name>defs.obj</name>
      </input_file>
      <input_file id="fl-28">
         <path>C:\ti\ccs1100\ccs\tools\compiler\c5500_4.4.1\lib\</path>
         <kind>archive</kind>
         <file>rts55.lib</file>
         <name>divd.obj</name>
      </input_file>
      <input_file id="fl-29">
         <path>C:\ti\ccs1100\ccs\tools\compiler\c5500_4.4.1\lib\</path>
         <kind>archive</kind>
         <file>rts55.lib</file>
         <name>divul.obj</name>
      </input_file>
      <input_file id="fl-2a">
         <path>C:\ti\ccs1100\ccs\tools\compiler\c5500_4.4.1\lib\</path>
         <kind>archive</kind>
         <file>rts55.lib</file>
         <name>fixdi.obj</name>
      </input_file>
      <input_file id="fl-2b">
         <path>C:\ti\ccs1100\ccs\tools\compiler\c5500_4.4.1\lib\</path>
         <kind>archive</kind>
         <file>rts55.lib</file>
         <name>fixdli.obj</name>
      </input_file>
      <input_file id="fl-2c">
         <path>C:\ti\ccs1100\ccs\tools\compiler\c5500_4.4.1\lib\</path>
         <kind>archive</kind>
         <file>rts55.lib</file>
         <name>fltlid.obj</name>
      </input_file>
      <input_file id="fl-2d">
         <path>C:\ti\ccs1100\ccs\tools\compiler\c5500_4.4.1\lib\</path>
         <kind>archive</kind>
         <file>rts55.lib</file>
         <name>fputc.obj</name>
      </input_file>
      <input_file id="fl-2e">
         <path>C:\ti\ccs1100\ccs\tools\compiler\c5500_4.4.1\lib\</path>
         <kind>archive</kind>
         <file>rts55.lib</file>
         <name>fputs.obj</name>
      </input_file>
      <input_file id="fl-2f">
         <path>C:\ti\ccs1100\ccs\tools\compiler\c5500_4.4.1\lib\</path>
         <kind>archive</kind>
         <file>rts55.lib</file>
         <name>frcmpyd_div.obj</name>
      </input_file>
      <input_file id="fl-30">
         <path>C:\ti\ccs1100\ccs\tools\compiler\c5500_4.4.1\lib\</path>
         <kind>archive</kind>
         <file>rts55.lib</file>
         <name>isinf.obj</name>
      </input_file>
      <input_file id="fl-31">
         <path>C:\ti\ccs1100\ccs\tools\compiler\c5500_4.4.1\lib\</path>
         <kind>archive</kind>
         <file>rts55.lib</file>
         <name>llmpy.obj</name>
      </input_file>
      <input_file id="fl-32">
         <path>C:\ti\ccs1100\ccs\tools\compiler\c5500_4.4.1\lib\</path>
         <kind>archive</kind>
         <file>rts55.lib</file>
         <name>lmpy.obj</name>
      </input_file>
      <input_file id="fl-33">
         <path>C:\ti\ccs1100\ccs\tools\compiler\c5500_4.4.1\lib\</path>
         <kind>archive</kind>
         <file>rts55.lib</file>
         <name>lowlev.obj</name>
      </input_file>
      <input_file id="fl-34">
         <path>C:\ti\ccs1100\ccs\tools\compiler\c5500_4.4.1\lib\</path>
         <kind>archive</kind>
         <file>rts55.lib</file>
         <name>ltoa.obj</name>
      </input_file>
      <input_file id="fl-35">
         <path>C:\ti\ccs1100\ccs\tools\compiler\c5500_4.4.1\lib\</path>
         <kind>archive</kind>
         <file>rts55.lib</file>
         <name>memccpy.obj</name>
      </input_file>
      <input_file id="fl-36">
         <path>C:\ti\ccs1100\ccs\tools\compiler\c5500_4.4.1\lib\</path>
         <kind>archive</kind>
         <file>rts55.lib</file>
         <name>memcpy.obj</name>
      </input_file>
      <input_file id="fl-37">
         <path>C:\ti\ccs1100\ccs\tools\compiler\c5500_4.4.1\lib\</path>
         <kind>archive</kind>
         <file>rts55.lib</file>
         <name>mpyd.obj</name>
      </input_file>
      <input_file id="fl-38">
         <path>C:\ti\ccs1100\ccs\tools\compiler\c5500_4.4.1\lib\</path>
         <kind>archive</kind>
         <file>rts55.lib</file>
         <name>negd.obj</name>
      </input_file>
      <input_file id="fl-39">
         <path>C:\ti\ccs1100\ccs\tools\compiler\c5500_4.4.1\lib\</path>
         <kind>archive</kind>
         <file>rts55.lib</file>
         <name>remli.obj</name>
      </input_file>
      <input_file id="fl-3a">
         <path>C:\ti\ccs1100\ccs\tools\compiler\c5500_4.4.1\lib\</path>
         <kind>archive</kind>
         <file>rts55.lib</file>
         <name>remul.obj</name>
      </input_file>
      <input_file id="fl-3b">
         <path>C:\ti\ccs1100\ccs\tools\compiler\c5500_4.4.1\lib\</path>
         <kind>archive</kind>
         <file>rts55.lib</file>
         <name>subd.obj</name>
      </input_file>
      <input_file id="fl-3c">
         <path>C:\ti\ccs1100\ccs\tools\compiler\c5500_4.4.1\lib\</path>
         <kind>archive</kind>
         <file>rts55.lib</file>
         <name>trgdrv.obj</name>
      </input_file>
      <input_file id="fl-3d">
         <path>C:\ti\ccs1100\ccs\tools\compiler\c5500_4.4.1\lib\</path>
         <kind>archive</kind>
         <file>rts55.lib</file>
         <name>trgmsg.obj</name>
      </input_file>
      <input_file id="fl-3e">
         <path>C:\ti\ccs1100\ccs\tools\compiler\c5500_4.4.1\lib\</path>
         <kind>archive</kind>
         <file>rts55.lib</file>
         <name>udiv.obj</name>
      </input_file>
      <input_file id="fl-3f">
         <path>C:\ti\ccs1100\ccs\tools\compiler\c5500_4.4.1\lib\</path>
         <kind>archive</kind>
         <file>rts55.lib</file>
         <name>_io_perm.obj</name>
      </input_file>
      <input_file id="fl-40">
         <path>C:\ti\ccs1100\ccs\tools\compiler\c5500_4.4.1\lib\</path>
         <kind>archive</kind>
         <file>rts55.lib</file>
         <name>addd.obj</name>
      </input_file>
      <input_file id="fl-41">
         <path>C:\ti\ccs1100\ccs\tools\compiler\c5500_4.4.1\lib\</path>
         <kind>archive</kind>
         <file>rts55.lib</file>
         <name>divli.obj</name>
      </input_file>
      <input_file id="fl-42">
         <path>C:\ti\ccs1100\ccs\tools\compiler\c5500_4.4.1\lib\</path>
         <kind>archive</kind>
         <file>rts55.lib</file>
         <name>fflush.obj</name>
      </input_file>
      <input_file id="fl-43">
         <path>C:\ti\ccs1100\ccs\tools\compiler\c5500_4.4.1\lib\</path>
         <kind>archive</kind>
         <file>rts55.lib</file>
         <name>frcmpyd.obj</name>
      </input_file>
      <input_file id="fl-44">
         <path>C:\ti\ccs1100\ccs\tools\compiler\c5500_4.4.1\lib\</path>
         <kind>archive</kind>
         <file>rts55.lib</file>
         <name>fseek.obj</name>
      </input_file>
      <input_file id="fl-45">
         <path>C:\ti\ccs1100\ccs\tools\compiler\c5500_4.4.1\lib\</path>
         <kind>archive</kind>
         <file>rts55.lib</file>
         <name>setvbuf.obj</name>
      </input_file>
      <input_file id="fl-46">
         <path>C:\ti\ccs1100\ccs\tools\compiler\c5500_4.4.1\lib\</path>
         <kind>archive</kind>
         <file>rts55.lib</file>
         <name>fopen.obj</name>
      </input_file>
      <input_file id="fl-47">
         <path>C:\ti\ccs1100\ccs\tools\compiler\c5500_4.4.1\lib\</path>
         <kind>archive</kind>
         <file>rts55.lib</file>
         <name>memory.obj</name>
      </input_file>
      <input_file id="fl-48">
         <path>C:\ti\ccs1100\ccs\tools\compiler\c5500_4.4.1\lib\</path>
         <kind>archive</kind>
         <file>rts55.lib</file>
         <name>fclose.obj</name>
      </input_file>
      <input_file id="fl-49">
         <path>C:\ti\ccs1100\ccs\tools\compiler\c5500_4.4.1\lib\</path>
         <kind>archive</kind>
         <file>rts55.lib</file>
         <name>remove.obj</name>
      </input_file>
   </input_file_list>
   <object_component_list>
      <object_component id="oc-2d">
         <name>vectors</name>
         <load_address>0xffff00</load_address>
         <run_address>0xffff00</run_address>
         <size>0x100</size>
         <input_file_ref idref="fl-1f"/>
      </object_component>
      <object_component id="oc-10">
         <name>.cinit</name>
         <load_address>0xc0</load_address>
         <run_address>0xc0</run_address>
         <size>0x234</size>
         <input_file_ref idref="fl-2"/>
      </object_component>
      <object_component id="oc-84">
         <name>.cinit</name>
         <load_address>0x2f4</load_address>
         <run_address>0x2f4</run_address>
         <size>0x50</size>
         <input_file_ref idref="fl-33"/>
      </object_component>
      <object_component id="oc-51">
         <name>.cinit</name>
         <load_address>0x344</load_address>
         <run_address>0x344</run_address>
         <size>0x32</size>
         <input_file_ref idref="fl-27"/>
      </object_component>
      <object_component id="oc-34">
         <name>.cinit</name>
         <load_address>0x376</load_address>
         <run_address>0x376</run_address>
         <size>0x14</size>
         <input_file_ref idref="fl-20"/>
      </object_component>
      <object_component id="oc-20">
         <name>.cinit</name>
         <load_address>0x38a</load_address>
         <run_address>0x38a</run_address>
         <size>0x14</size>
         <input_file_ref idref="fl-1c"/>
      </object_component>
      <object_component id="oc-d5">
         <name>.cinit</name>
         <load_address>0x39e</load_address>
         <run_address>0x39e</run_address>
         <size>0x8</size>
         <input_file_ref idref="fl-46"/>
      </object_component>
      <object_component id="oc-db">
         <name>.cinit</name>
         <load_address>0x3a6</load_address>
         <run_address>0x3a6</run_address>
         <size>0x8</size>
         <input_file_ref idref="fl-47"/>
      </object_component>
      <object_component id="oc-37">
         <name>.text</name>
         <load_address>0x2000</load_address>
         <run_address>0x2000</run_address>
         <size>0x1330</size>
         <input_file_ref idref="fl-21"/>
      </object_component>
      <object_component id="oc-d">
         <name>.text</name>
         <load_address>0x3330</load_address>
         <run_address>0x3330</run_address>
         <size>0x6d7</size>
         <input_file_ref idref="fl-2"/>
      </object_component>
      <object_component id="oc-81">
         <name>.text</name>
         <load_address>0x3a07</load_address>
         <run_address>0x3a07</run_address>
         <size>0x46c</size>
         <input_file_ref idref="fl-33"/>
      </object_component>
      <object_component id="oc-93">
         <name>.text</name>
         <load_address>0x3e73</load_address>
         <run_address>0x3e73</run_address>
         <size>0x158</size>
         <input_file_ref idref="fl-37"/>
      </object_component>
      <object_component id="oc-5b">
         <name>.text</name>
         <load_address>0x3fcb</load_address>
         <run_address>0x3fcb</run_address>
         <size>0x2a</size>
         <input_file_ref idref="fl-2a"/>
      </object_component>
      <object_component id="oc-e3">
         <name>.text</name>
         <load_address>0x3ff5</load_address>
         <run_address>0x3ff5</run_address>
         <size>0xa</size>
         <input_file_ref idref="fl-49"/>
      </object_component>
      <object_component id="oc-a7">
         <name>.text</name>
         <load_address>0x4000</load_address>
         <run_address>0x4000</run_address>
         <size>0x465</size>
         <input_file_ref idref="fl-3c"/>
      </object_component>
      <object_component id="oc-53">
         <name>.text</name>
         <load_address>0x4465</load_address>
         <run_address>0x4465</run_address>
         <size>0x3c8</size>
         <input_file_ref idref="fl-28"/>
      </object_component>
      <object_component id="oc-d8">
         <name>.text</name>
         <load_address>0x482d</load_address>
         <run_address>0x482d</run_address>
         <size>0x380</size>
         <input_file_ref idref="fl-47"/>
      </object_component>
      <object_component id="oc-ba">
         <name>.text</name>
         <load_address>0x4bad</load_address>
         <run_address>0x4bad</run_address>
         <size>0x260</size>
         <input_file_ref idref="fl-40"/>
      </object_component>
      <object_component id="oc-79">
         <name>.text</name>
         <load_address>0x4e0d</load_address>
         <run_address>0x4e0d</run_address>
         <size>0x25e</size>
         <input_file_ref idref="fl-31"/>
      </object_component>
      <object_component id="oc-d2">
         <name>.text</name>
         <load_address>0x506b</load_address>
         <run_address>0x506b</run_address>
         <size>0x222</size>
         <input_file_ref idref="fl-46"/>
      </object_component>
      <object_component id="oc-49">
         <name>.text</name>
         <load_address>0x528d</load_address>
         <run_address>0x528d</run_address>
         <size>0x1ea</size>
         <input_file_ref idref="fl-25"/>
      </object_component>
      <object_component id="oc-6c">
         <name>.text</name>
         <load_address>0x5477</load_address>
         <run_address>0x5477</run_address>
         <size>0x12a</size>
         <input_file_ref idref="fl-2e"/>
      </object_component>
      <object_component id="oc-b6">
         <name>.text</name>
         <load_address>0x55a1</load_address>
         <run_address>0x55a1</run_address>
         <size>0xb4</size>
         <input_file_ref idref="fl-3f"/>
      </object_component>
      <object_component id="oc-ce">
         <name>.text</name>
         <load_address>0x5655</load_address>
         <run_address>0x5655</run_address>
         <size>0xad</size>
         <input_file_ref idref="fl-45"/>
      </object_component>
      <object_component id="oc-c2">
         <name>.text</name>
         <load_address>0x5702</load_address>
         <run_address>0x5702</run_address>
         <size>0xaa</size>
         <input_file_ref idref="fl-42"/>
      </object_component>
      <object_component id="oc-af">
         <name>.text:CIO_breakpoint</name>
         <load_address>0x57ac</load_address>
         <run_address>0x57ac</run_address>
         <size>0xa8</size>
         <input_file_ref idref="fl-3d"/>
      </object_component>
      <object_component id="oc-15">
         <name>.text</name>
         <load_address>0x5854</load_address>
         <run_address>0x5854</run_address>
         <size>0xa1</size>
         <input_file_ref idref="fl-7"/>
      </object_component>
      <object_component id="oc-57">
         <name>.text</name>
         <load_address>0x58f5</load_address>
         <run_address>0x58f5</run_address>
         <size>0xa1</size>
         <input_file_ref idref="fl-29"/>
      </object_component>
      <object_component id="oc-68">
         <name>.text</name>
         <load_address>0x5996</load_address>
         <run_address>0x5996</run_address>
         <size>0x85</size>
         <input_file_ref idref="fl-2d"/>
      </object_component>
      <object_component id="oc-c6">
         <name>.text</name>
         <load_address>0x5a1b</load_address>
         <run_address>0x5a1b</run_address>
         <size>0x76</size>
         <input_file_ref idref="fl-43"/>
      </object_component>
      <object_component id="oc-71">
         <name>.text</name>
         <load_address>0x5a91</load_address>
         <run_address>0x5a91</run_address>
         <size>0x73</size>
         <input_file_ref idref="fl-2f"/>
      </object_component>
      <object_component id="oc-87">
         <name>.text</name>
         <load_address>0x5b04</load_address>
         <run_address>0x5b04</run_address>
         <size>0x73</size>
         <input_file_ref idref="fl-34"/>
      </object_component>
      <object_component id="oc-9f">
         <name>.text</name>
         <load_address>0x5b77</load_address>
         <run_address>0x5b77</run_address>
         <size>0x72</size>
         <input_file_ref idref="fl-3a"/>
      </object_component>
      <object_component id="oc-5f">
         <name>.text</name>
         <load_address>0x5be9</load_address>
         <run_address>0x5be9</run_address>
         <size>0x6f</size>
         <input_file_ref idref="fl-2b"/>
      </object_component>
      <object_component id="oc-45">
         <name>.text</name>
         <load_address>0x5c58</load_address>
         <run_address>0x5c58</run_address>
         <size>0x6b</size>
         <input_file_ref idref="fl-24"/>
      </object_component>
      <object_component id="oc-63">
         <name>.text</name>
         <load_address>0x5cc3</load_address>
         <run_address>0x5cc3</run_address>
         <size>0x62</size>
         <input_file_ref idref="fl-2c"/>
      </object_component>
      <object_component id="oc-df">
         <name>.text</name>
         <load_address>0x5d25</load_address>
         <run_address>0x5d25</run_address>
         <size>0x61</size>
         <input_file_ref idref="fl-48"/>
      </object_component>
      <object_component id="oc-ac">
         <name>.text</name>
         <load_address>0x5d86</load_address>
         <run_address>0x5d86</run_address>
         <size>0x61</size>
         <input_file_ref idref="fl-3d"/>
      </object_component>
      <object_component id="oc-41">
         <name>.text</name>
         <load_address>0x5de7</load_address>
         <run_address>0x5de7</run_address>
         <size>0x5c</size>
         <input_file_ref idref="fl-23"/>
      </object_component>
      <object_component id="oc-ca">
         <name>.text</name>
         <load_address>0x5e43</load_address>
         <run_address>0x5e43</run_address>
         <size>0x58</size>
         <input_file_ref idref="fl-44"/>
      </object_component>
      <object_component id="oc-c">
         <name>.text</name>
         <load_address>0x5e9b</load_address>
         <run_address>0x5e9b</run_address>
         <size>0x4c</size>
         <input_file_ref idref="fl-1b"/>
      </object_component>
      <object_component id="oc-28">
         <name>.text</name>
         <load_address>0x5ee7</load_address>
         <run_address>0x5ee7</run_address>
         <size>0x4b</size>
         <input_file_ref idref="fl-1e"/>
      </object_component>
      <object_component id="oc-9b">
         <name>.text</name>
         <load_address>0x5f32</load_address>
         <run_address>0x5f32</run_address>
         <size>0x4b</size>
         <input_file_ref idref="fl-39"/>
      </object_component>
      <object_component id="oc-be">
         <name>.text</name>
         <load_address>0x5f7d</load_address>
         <run_address>0x5f7d</run_address>
         <size>0x48</size>
         <input_file_ref idref="fl-41"/>
      </object_component>
      <object_component id="oc-1d">
         <name>.text</name>
         <load_address>0x5fc5</load_address>
         <run_address>0x5fc5</run_address>
         <size>0x38</size>
         <input_file_ref idref="fl-1c"/>
      </object_component>
      <object_component id="oc-2c">
         <name>.text</name>
         <load_address>0x5ffd</load_address>
         <run_address>0x5ffd</run_address>
         <size>0x2</size>
         <input_file_ref idref="fl-1f"/>
      </object_component>
      <object_component id="oc-3d">
         <name>.text</name>
         <load_address>0x6000</load_address>
         <run_address>0x6000</run_address>
         <size>0x40</size>
         <input_file_ref idref="fl-22"/>
      </object_component>
      <object_component id="oc-8f">
         <name>.text</name>
         <load_address>0x6040</load_address>
         <run_address>0x6040</run_address>
         <size>0x3f</size>
         <input_file_ref idref="fl-36"/>
      </object_component>
      <object_component id="oc-b2">
         <name>.text</name>
         <load_address>0x607f</load_address>
         <run_address>0x607f</run_address>
         <size>0x2a</size>
         <input_file_ref idref="fl-3e"/>
      </object_component>
      <object_component id="oc-8b">
         <name>.text</name>
         <load_address>0x60a9</load_address>
         <run_address>0x60a9</run_address>
         <size>0x1f</size>
         <input_file_ref idref="fl-35"/>
      </object_component>
      <object_component id="oc-75">
         <name>.text</name>
         <load_address>0x60c8</load_address>
         <run_address>0x60c8</run_address>
         <size>0x1a</size>
         <input_file_ref idref="fl-30"/>
      </object_component>
      <object_component id="oc-a3">
         <name>.text</name>
         <load_address>0x60e2</load_address>
         <run_address>0x60e2</run_address>
         <size>0x14</size>
         <input_file_ref idref="fl-3b"/>
      </object_component>
      <object_component id="oc-7d">
         <name>.text</name>
         <load_address>0x60f6</load_address>
         <run_address>0x60f6</run_address>
         <size>0x13</size>
         <input_file_ref idref="fl-32"/>
      </object_component>
      <object_component id="oc-31">
         <name>.text</name>
         <load_address>0x6109</load_address>
         <run_address>0x6109</run_address>
         <size>0x10</size>
         <input_file_ref idref="fl-20"/>
      </object_component>
      <object_component id="oc-24">
         <name>.text</name>
         <load_address>0x6119</load_address>
         <run_address>0x6119</run_address>
         <size>0x10</size>
         <input_file_ref idref="fl-1d"/>
      </object_component>
      <object_component id="oc-97">
         <name>.text</name>
         <load_address>0x6129</load_address>
         <run_address>0x6129</run_address>
         <size>0x10</size>
         <input_file_ref idref="fl-38"/>
      </object_component>
      <object_component id="oc-21">
         <name>.text:CIO_breakpoint</name>
         <load_address>0x6139</load_address>
         <run_address>0x6139</run_address>
         <size>0x7</size>
         <input_file_ref idref="fl-1c"/>
      </object_component>
      <object_component id="oc-19">
         <name>.stack</name>
         <uninitialized>true</uninitialized>
         <run_address>0x8b0</run_address>
         <size>0x0</size>
         <input_file_ref idref="fl-1b"/>
      </object_component>
      <object_component id="oc-ff">
         <name>.stack</name>
         <uninitialized>true</uninitialized>
         <run_address>0x8b0</run_address>
         <size>0x0</size>
      </object_component>
      <object_component id="oc-e7">
         <name>.sysstack</name>
         <uninitialized>true</uninitialized>
         <run_address>0xab0</run_address>
         <size>0x0</size>
         <input_file_ref idref="fl-1b"/>
      </object_component>
      <object_component id="oc-101">
         <name>.sysstack</name>
         <uninitialized>true</uninitialized>
         <run_address>0xab0</run_address>
         <size>0x0</size>
      </object_component>
      <object_component id="oc-dc">
         <name>.sysmem</name>
         <uninitialized>true</uninitialized>
         <run_address>0x8000</run_address>
         <size>0x0</size>
         <input_file_ref idref="fl-47"/>
      </object_component>
      <object_component id="oc-100">
         <name>.sysmem</name>
         <uninitialized>true</uninitialized>
         <run_address>0x8000</run_address>
         <size>0x0</size>
      </object_component>
      <object_component id="oc-ae">
         <name>.cio</name>
         <uninitialized>true</uninitialized>
         <run_address>0x670</run_address>
         <size>0x240</size>
         <input_file_ref idref="fl-3d"/>
      </object_component>
      <object_component id="oc-e">
         <name>.bss</name>
         <uninitialized>true</uninitialized>
         <run_address>0xa000</run_address>
         <size>0x21c</size>
         <input_file_ref idref="fl-2"/>
      </object_component>
      <object_component id="oc-1e">
         <name>.bss</name>
         <uninitialized>true</uninitialized>
         <run_address>0xa63c</run_address>
         <size>0x8</size>
         <input_file_ref idref="fl-1c"/>
      </object_component>
      <object_component id="oc-32">
         <name>.bss</name>
         <uninitialized>true</uninitialized>
         <run_address>0xa634</run_address>
         <size>0x8</size>
         <input_file_ref idref="fl-20"/>
      </object_component>
      <object_component id="oc-4f">
         <name>.bss</name>
         <uninitialized>true</uninitialized>
         <run_address>0xa21c</run_address>
         <size>0x1ba</size>
         <input_file_ref idref="fl-27"/>
      </object_component>
      <object_component id="oc-82">
         <name>.bss</name>
         <uninitialized>true</uninitialized>
         <run_address>0xa578</run_address>
         <size>0xba</size>
         <input_file_ref idref="fl-33"/>
      </object_component>
      <object_component id="oc-a8">
         <name>.bss</name>
         <uninitialized>true</uninitialized>
         <run_address>0xa3d6</run_address>
         <size>0x1a0</size>
         <input_file_ref idref="fl-3c"/>
      </object_component>
      <object_component id="oc-d3">
         <name>.bss</name>
         <uninitialized>true</uninitialized>
         <run_address>0xa576</run_address>
         <size>0x2</size>
         <input_file_ref idref="fl-46"/>
      </object_component>
      <object_component id="oc-d9">
         <name>.bss</name>
         <uninitialized>true</uninitialized>
         <run_address>0xa644</run_address>
         <size>0x8</size>
         <input_file_ref idref="fl-47"/>
      </object_component>
      <object_component id="oc-ea">
         <name>.const:__ctypes_</name>
         <load_address>0x3b0</load_address>
         <run_address>0x3b0</run_address>
         <size>0x202</size>
         <input_file_ref idref="fl-26"/>
      </object_component>
      <object_component id="oc-39">
         <name>.const:.string</name>
         <load_address>0x5b2</load_address>
         <run_address>0x5b2</run_address>
         <size>0x46</size>
         <input_file_ref idref="fl-21"/>
      </object_component>
      <object_component id="oc-e9">
         <name>.const:_$P$T1$2</name>
         <load_address>0x5f8</load_address>
         <run_address>0x5f8</run_address>
         <size>0x20</size>
         <input_file_ref idref="fl-2"/>
      </object_component>
      <object_component id="oc-3a">
         <name>.const</name>
         <load_address>0x618</load_address>
         <run_address>0x618</run_address>
         <size>0x18</size>
         <input_file_ref idref="fl-21"/>
      </object_component>
      <object_component id="oc-e8">
         <name>.const:_$P$T0$1</name>
         <load_address>0x630</load_address>
         <run_address>0x630</run_address>
         <size>0x14</size>
         <input_file_ref idref="fl-2"/>
      </object_component>
      <object_component id="oc-eb">
         <name>.const:_initial_approx$1</name>
         <load_address>0x644</load_address>
         <run_address>0x644</run_address>
         <size>0x10</size>
         <input_file_ref idref="fl-28"/>
      </object_component>
      <object_component id="oc-11">
         <name>.const:.string</name>
         <load_address>0x654</load_address>
         <run_address>0x654</run_address>
         <size>0xe</size>
         <input_file_ref idref="fl-2"/>
      </object_component>
      <object_component id="oc-6e">
         <name>.const:.string</name>
         <load_address>0x662</load_address>
         <run_address>0x662</run_address>
         <size>0x4</size>
         <input_file_ref idref="fl-2e"/>
      </object_component>
      <object_component id="oc-65">
         <name>.const</name>
         <load_address>0x668</load_address>
         <run_address>0x668</run_address>
         <size>0x4</size>
         <input_file_ref idref="fl-2c"/>
      </object_component>
      <object_component id="oc-f">
         <name>.debug_info</name>
         <load_address>0x0</load_address>
         <run_address>0x0</run_address>
         <size>0x11aa</size>
         <input_file_ref idref="fl-2"/>
      </object_component>
      <object_component id="oc-16">
         <name>.debug_info</name>
         <load_address>0x11aa</load_address>
         <run_address>0x11aa</run_address>
         <size>0xa0</size>
         <input_file_ref idref="fl-7"/>
      </object_component>
      <object_component id="oc-1a">
         <name>.debug_info</name>
         <load_address>0x124a</load_address>
         <run_address>0x124a</run_address>
         <size>0xe8</size>
         <input_file_ref idref="fl-1b"/>
      </object_component>
      <object_component id="oc-1f">
         <name>.debug_info</name>
         <load_address>0x1332</load_address>
         <run_address>0x1332</run_address>
         <size>0x5fb</size>
         <input_file_ref idref="fl-1c"/>
      </object_component>
      <object_component id="oc-25">
         <name>.debug_info</name>
         <load_address>0x192d</load_address>
         <run_address>0x192d</run_address>
         <size>0x59d</size>
         <input_file_ref idref="fl-1d"/>
      </object_component>
      <object_component id="oc-29">
         <name>.debug_info</name>
         <load_address>0x1eca</load_address>
         <run_address>0x1eca</run_address>
         <size>0x767</size>
         <input_file_ref idref="fl-1e"/>
      </object_component>
      <object_component id="oc-2e">
         <name>.debug_info</name>
         <load_address>0x2631</load_address>
         <run_address>0x2631</run_address>
         <size>0xbc</size>
         <input_file_ref idref="fl-1f"/>
      </object_component>
      <object_component id="oc-33">
         <name>.debug_info</name>
         <load_address>0x26ed</load_address>
         <run_address>0x26ed</run_address>
         <size>0x5bc</size>
         <input_file_ref idref="fl-20"/>
      </object_component>
      <object_component id="oc-38">
         <name>.debug_info</name>
         <load_address>0x2ca9</load_address>
         <run_address>0x2ca9</run_address>
         <size>0x27a1</size>
         <input_file_ref idref="fl-21"/>
      </object_component>
      <object_component id="oc-3e">
         <name>.debug_info</name>
         <load_address>0x544a</load_address>
         <run_address>0x544a</run_address>
         <size>0x586</size>
         <input_file_ref idref="fl-22"/>
      </object_component>
      <object_component id="oc-42">
         <name>.debug_info</name>
         <load_address>0x59d0</load_address>
         <run_address>0x59d0</run_address>
         <size>0x59a</size>
         <input_file_ref idref="fl-23"/>
      </object_component>
      <object_component id="oc-46">
         <name>.debug_info</name>
         <load_address>0x5f6a</load_address>
         <run_address>0x5f6a</run_address>
         <size>0xcd</size>
         <input_file_ref idref="fl-24"/>
      </object_component>
      <object_component id="oc-4a">
         <name>.debug_info</name>
         <load_address>0x6037</load_address>
         <run_address>0x6037</run_address>
         <size>0x81f</size>
         <input_file_ref idref="fl-25"/>
      </object_component>
      <object_component id="oc-4d">
         <name>.debug_info</name>
         <load_address>0x6856</load_address>
         <run_address>0x6856</run_address>
         <size>0x493</size>
         <input_file_ref idref="fl-26"/>
      </object_component>
      <object_component id="oc-50">
         <name>.debug_info</name>
         <load_address>0x6ce9</load_address>
         <run_address>0x6ce9</run_address>
         <size>0x57e</size>
         <input_file_ref idref="fl-27"/>
      </object_component>
      <object_component id="oc-54">
         <name>.debug_info</name>
         <load_address>0x7267</load_address>
         <run_address>0x7267</run_address>
         <size>0x7e8</size>
         <input_file_ref idref="fl-28"/>
      </object_component>
      <object_component id="oc-58">
         <name>.debug_info</name>
         <load_address>0x7a4f</load_address>
         <run_address>0x7a4f</run_address>
         <size>0x534</size>
         <input_file_ref idref="fl-29"/>
      </object_component>
      <object_component id="oc-5c">
         <name>.debug_info</name>
         <load_address>0x7f83</load_address>
         <run_address>0x7f83</run_address>
         <size>0x4cf</size>
         <input_file_ref idref="fl-2a"/>
      </object_component>
      <object_component id="oc-60">
         <name>.debug_info</name>
         <load_address>0x8452</load_address>
         <run_address>0x8452</run_address>
         <size>0x534</size>
         <input_file_ref idref="fl-2b"/>
      </object_component>
      <object_component id="oc-64">
         <name>.debug_info</name>
         <load_address>0x8986</load_address>
         <run_address>0x8986</run_address>
         <size>0x549</size>
         <input_file_ref idref="fl-2c"/>
      </object_component>
      <object_component id="oc-69">
         <name>.debug_info</name>
         <load_address>0x8ecf</load_address>
         <run_address>0x8ecf</run_address>
         <size>0x6a5</size>
         <input_file_ref idref="fl-2d"/>
      </object_component>
      <object_component id="oc-6d">
         <name>.debug_info</name>
         <load_address>0x9574</load_address>
         <run_address>0x9574</run_address>
         <size>0x938</size>
         <input_file_ref idref="fl-2e"/>
      </object_component>
      <object_component id="oc-72">
         <name>.debug_info</name>
         <load_address>0x9eac</load_address>
         <run_address>0x9eac</run_address>
         <size>0x53e</size>
         <input_file_ref idref="fl-2f"/>
      </object_component>
      <object_component id="oc-76">
         <name>.debug_info</name>
         <load_address>0xa3ea</load_address>
         <run_address>0xa3ea</run_address>
         <size>0x680</size>
         <input_file_ref idref="fl-30"/>
      </object_component>
      <object_component id="oc-7a">
         <name>.debug_info</name>
         <load_address>0xaa6a</load_address>
         <run_address>0xaa6a</run_address>
         <size>0x7d4</size>
         <input_file_ref idref="fl-31"/>
      </object_component>
      <object_component id="oc-7e">
         <name>.debug_info</name>
         <load_address>0xb23e</load_address>
         <run_address>0xb23e</run_address>
         <size>0xbd</size>
         <input_file_ref idref="fl-32"/>
      </object_component>
      <object_component id="oc-83">
         <name>.debug_info</name>
         <load_address>0xb2fb</load_address>
         <run_address>0xb2fb</run_address>
         <size>0x1446</size>
         <input_file_ref idref="fl-33"/>
      </object_component>
      <object_component id="oc-88">
         <name>.debug_info</name>
         <load_address>0xc741</load_address>
         <run_address>0xc741</run_address>
         <size>0x5a8</size>
         <input_file_ref idref="fl-34"/>
      </object_component>
      <object_component id="oc-8c">
         <name>.debug_info</name>
         <load_address>0xcce9</load_address>
         <run_address>0xcce9</run_address>
         <size>0x56f</size>
         <input_file_ref idref="fl-35"/>
      </object_component>
      <object_component id="oc-90">
         <name>.debug_info</name>
         <load_address>0xd258</load_address>
         <run_address>0xd258</run_address>
         <size>0xd1</size>
         <input_file_ref idref="fl-36"/>
      </object_component>
      <object_component id="oc-94">
         <name>.debug_info</name>
         <load_address>0xd329</load_address>
         <run_address>0xd329</run_address>
         <size>0x55b</size>
         <input_file_ref idref="fl-37"/>
      </object_component>
      <object_component id="oc-98">
         <name>.debug_info</name>
         <load_address>0xd884</load_address>
         <run_address>0xd884</run_address>
         <size>0x4b7</size>
         <input_file_ref idref="fl-38"/>
      </object_component>
      <object_component id="oc-9c">
         <name>.debug_info</name>
         <load_address>0xdd3b</load_address>
         <run_address>0xdd3b</run_address>
         <size>0x4f2</size>
         <input_file_ref idref="fl-39"/>
      </object_component>
      <object_component id="oc-a0">
         <name>.debug_info</name>
         <load_address>0xe22d</load_address>
         <run_address>0xe22d</run_address>
         <size>0x534</size>
         <input_file_ref idref="fl-3a"/>
      </object_component>
      <object_component id="oc-a4">
         <name>.debug_info</name>
         <load_address>0xe761</load_address>
         <run_address>0xe761</run_address>
         <size>0x4de</size>
         <input_file_ref idref="fl-3b"/>
      </object_component>
      <object_component id="oc-a9">
         <name>.debug_info</name>
         <load_address>0xec3f</load_address>
         <run_address>0xec3f</run_address>
         <size>0xeca</size>
         <input_file_ref idref="fl-3c"/>
      </object_component>
      <object_component id="oc-ad">
         <name>.debug_info</name>
         <load_address>0xfb09</load_address>
         <run_address>0xfb09</run_address>
         <size>0x735</size>
         <input_file_ref idref="fl-3d"/>
      </object_component>
      <object_component id="oc-b3">
         <name>.debug_info</name>
         <load_address>0x1023e</load_address>
         <run_address>0x1023e</run_address>
         <size>0xef</size>
         <input_file_ref idref="fl-3e"/>
      </object_component>
      <object_component id="oc-b7">
         <name>.debug_info</name>
         <load_address>0x1032d</load_address>
         <run_address>0x1032d</run_address>
         <size>0x662</size>
         <input_file_ref idref="fl-3f"/>
      </object_component>
      <object_component id="oc-bb">
         <name>.debug_info</name>
         <load_address>0x1098f</load_address>
         <run_address>0x1098f</run_address>
         <size>0x5ab</size>
         <input_file_ref idref="fl-40"/>
      </object_component>
      <object_component id="oc-bf">
         <name>.debug_info</name>
         <load_address>0x10f3a</load_address>
         <run_address>0x10f3a</run_address>
         <size>0x4f2</size>
         <input_file_ref idref="fl-41"/>
      </object_component>
      <object_component id="oc-c3">
         <name>.debug_info</name>
         <load_address>0x1142c</load_address>
         <run_address>0x1142c</run_address>
         <size>0x701</size>
         <input_file_ref idref="fl-42"/>
      </object_component>
      <object_component id="oc-c7">
         <name>.debug_info</name>
         <load_address>0x11b2d</load_address>
         <run_address>0x11b2d</run_address>
         <size>0x4d2</size>
         <input_file_ref idref="fl-43"/>
      </object_component>
      <object_component id="oc-cb">
         <name>.debug_info</name>
         <load_address>0x11fff</load_address>
         <run_address>0x11fff</run_address>
         <size>0x5f7</size>
         <input_file_ref idref="fl-44"/>
      </object_component>
      <object_component id="oc-cf">
         <name>.debug_info</name>
         <load_address>0x125f6</load_address>
         <run_address>0x125f6</run_address>
         <size>0x64a</size>
         <input_file_ref idref="fl-45"/>
      </object_component>
      <object_component id="oc-d4">
         <name>.debug_info</name>
         <load_address>0x12c40</load_address>
         <run_address>0x12c40</run_address>
         <size>0xa17</size>
         <input_file_ref idref="fl-46"/>
      </object_component>
      <object_component id="oc-da">
         <name>.debug_info</name>
         <load_address>0x13657</load_address>
         <run_address>0x13657</run_address>
         <size>0xb92</size>
         <input_file_ref idref="fl-47"/>
      </object_component>
      <object_component id="oc-e0">
         <name>.debug_info</name>
         <load_address>0x141e9</load_address>
         <run_address>0x141e9</run_address>
         <size>0x64a</size>
         <input_file_ref idref="fl-48"/>
      </object_component>
      <object_component id="oc-e4">
         <name>.debug_info</name>
         <load_address>0x14833</load_address>
         <run_address>0x14833</run_address>
         <size>0x50b</size>
         <input_file_ref idref="fl-49"/>
      </object_component>
      <object_component id="oc-108">
         <name>.debug_info</name>
         <load_address>0x14d3e</load_address>
         <run_address>0x14d3e</run_address>
         <size>0x6e</size>
      </object_component>
      <object_component id="oc-12">
         <name>.debug_frame</name>
         <load_address>0x0</load_address>
         <run_address>0x0</run_address>
         <size>0x1a6</size>
         <input_file_ref idref="fl-2"/>
      </object_component>
      <object_component id="oc-13">
         <name>.debug_line</name>
         <load_address>0x0</load_address>
         <run_address>0x0</run_address>
         <size>0x1b8</size>
         <input_file_ref idref="fl-2"/>
      </object_component>
      <object_component id="oc-17">
         <name>.debug_line</name>
         <load_address>0x1b8</load_address>
         <run_address>0x1b8</run_address>
         <size>0x74</size>
         <input_file_ref idref="fl-7"/>
      </object_component>
      <object_component id="oc-1b">
         <name>.debug_line</name>
         <load_address>0x22c</load_address>
         <run_address>0x22c</run_address>
         <size>0x57</size>
         <input_file_ref idref="fl-1b"/>
      </object_component>
      <object_component id="oc-22">
         <name>.debug_line</name>
         <load_address>0x283</load_address>
         <run_address>0x283</run_address>
         <size>0x51</size>
         <input_file_ref idref="fl-1c"/>
      </object_component>
      <object_component id="oc-26">
         <name>.debug_line</name>
         <load_address>0x2d4</load_address>
         <run_address>0x2d4</run_address>
         <size>0x52</size>
         <input_file_ref idref="fl-1d"/>
      </object_component>
      <object_component id="oc-2a">
         <name>.debug_line</name>
         <load_address>0x326</load_address>
         <run_address>0x326</run_address>
         <size>0x69</size>
         <input_file_ref idref="fl-1e"/>
      </object_component>
      <object_component id="oc-2f">
         <name>.debug_line</name>
         <load_address>0x38f</load_address>
         <run_address>0x38f</run_address>
         <size>0x37</size>
         <input_file_ref idref="fl-1f"/>
      </object_component>
      <object_component id="oc-35">
         <name>.debug_line</name>
         <load_address>0x3c6</load_address>
         <run_address>0x3c6</run_address>
         <size>0x5b</size>
         <input_file_ref idref="fl-20"/>
      </object_component>
      <object_component id="oc-3b">
         <name>.debug_line</name>
         <load_address>0x421</load_address>
         <run_address>0x421</run_address>
         <size>0x325</size>
         <input_file_ref idref="fl-21"/>
      </object_component>
      <object_component id="oc-3f">
         <name>.debug_line</name>
         <load_address>0x746</load_address>
         <run_address>0x746</run_address>
         <size>0x41</size>
         <input_file_ref idref="fl-22"/>
      </object_component>
      <object_component id="oc-43">
         <name>.debug_line</name>
         <load_address>0x787</load_address>
         <run_address>0x787</run_address>
         <size>0x46</size>
         <input_file_ref idref="fl-23"/>
      </object_component>
      <object_component id="oc-47">
         <name>.debug_line</name>
         <load_address>0x7cd</load_address>
         <run_address>0x7cd</run_address>
         <size>0x5e</size>
         <input_file_ref idref="fl-24"/>
      </object_component>
      <object_component id="oc-4b">
         <name>.debug_line</name>
         <load_address>0x82b</load_address>
         <run_address>0x82b</run_address>
         <size>0xad</size>
         <input_file_ref idref="fl-25"/>
      </object_component>
      <object_component id="oc-55">
         <name>.debug_line</name>
         <load_address>0x8d8</load_address>
         <run_address>0x8d8</run_address>
         <size>0x5b</size>
         <input_file_ref idref="fl-28"/>
      </object_component>
      <object_component id="oc-59">
         <name>.debug_line</name>
         <load_address>0x933</load_address>
         <run_address>0x933</run_address>
         <size>0x44</size>
         <input_file_ref idref="fl-29"/>
      </object_component>
      <object_component id="oc-5d">
         <name>.debug_line</name>
         <load_address>0x977</load_address>
         <run_address>0x977</run_address>
         <size>0x3d</size>
         <input_file_ref idref="fl-2a"/>
      </object_component>
      <object_component id="oc-61">
         <name>.debug_line</name>
         <load_address>0x9b4</load_address>
         <run_address>0x9b4</run_address>
         <size>0x3d</size>
         <input_file_ref idref="fl-2b"/>
      </object_component>
      <object_component id="oc-66">
         <name>.debug_line</name>
         <load_address>0x9f1</load_address>
         <run_address>0x9f1</run_address>
         <size>0x44</size>
         <input_file_ref idref="fl-2c"/>
      </object_component>
      <object_component id="oc-6a">
         <name>.debug_line</name>
         <load_address>0xa35</load_address>
         <run_address>0xa35</run_address>
         <size>0x55</size>
         <input_file_ref idref="fl-2d"/>
      </object_component>
      <object_component id="oc-6f">
         <name>.debug_line</name>
         <load_address>0xa8a</load_address>
         <run_address>0xa8a</run_address>
         <size>0xa8</size>
         <input_file_ref idref="fl-2e"/>
      </object_component>
      <object_component id="oc-73">
         <name>.debug_line</name>
         <load_address>0xb32</load_address>
         <run_address>0xb32</run_address>
         <size>0x40</size>
         <input_file_ref idref="fl-2f"/>
      </object_component>
      <object_component id="oc-77">
         <name>.debug_line</name>
         <load_address>0xb72</load_address>
         <run_address>0xb72</run_address>
         <size>0x38</size>
         <input_file_ref idref="fl-30"/>
      </object_component>
      <object_component id="oc-7b">
         <name>.debug_line</name>
         <load_address>0xbaa</load_address>
         <run_address>0xbaa</run_address>
         <size>0xa8</size>
         <input_file_ref idref="fl-31"/>
      </object_component>
      <object_component id="oc-7f">
         <name>.debug_line</name>
         <load_address>0xc52</load_address>
         <run_address>0xc52</run_address>
         <size>0x3c</size>
         <input_file_ref idref="fl-32"/>
      </object_component>
      <object_component id="oc-85">
         <name>.debug_line</name>
         <load_address>0xc8e</load_address>
         <run_address>0xc8e</run_address>
         <size>0x1af</size>
         <input_file_ref idref="fl-33"/>
      </object_component>
      <object_component id="oc-89">
         <name>.debug_line</name>
         <load_address>0xe3d</load_address>
         <run_address>0xe3d</run_address>
         <size>0x40</size>
         <input_file_ref idref="fl-34"/>
      </object_component>
      <object_component id="oc-8d">
         <name>.debug_line</name>
         <load_address>0xe7d</load_address>
         <run_address>0xe7d</run_address>
         <size>0x3a</size>
         <input_file_ref idref="fl-35"/>
      </object_component>
      <object_component id="oc-91">
         <name>.debug_line</name>
         <load_address>0xeb7</load_address>
         <run_address>0xeb7</run_address>
         <size>0x4d</size>
         <input_file_ref idref="fl-36"/>
      </object_component>
      <object_component id="oc-95">
         <name>.debug_line</name>
         <load_address>0xf04</load_address>
         <run_address>0xf04</run_address>
         <size>0x3c</size>
         <input_file_ref idref="fl-37"/>
      </object_component>
      <object_component id="oc-99">
         <name>.debug_line</name>
         <load_address>0xf40</load_address>
         <run_address>0xf40</run_address>
         <size>0x37</size>
         <input_file_ref idref="fl-38"/>
      </object_component>
      <object_component id="oc-9d">
         <name>.debug_line</name>
         <load_address>0xf77</load_address>
         <run_address>0xf77</run_address>
         <size>0x3c</size>
         <input_file_ref idref="fl-39"/>
      </object_component>
      <object_component id="oc-a1">
         <name>.debug_line</name>
         <load_address>0xfb3</load_address>
         <run_address>0xfb3</run_address>
         <size>0x44</size>
         <input_file_ref idref="fl-3a"/>
      </object_component>
      <object_component id="oc-a5">
         <name>.debug_line</name>
         <load_address>0xff7</load_address>
         <run_address>0xff7</run_address>
         <size>0x37</size>
         <input_file_ref idref="fl-3b"/>
      </object_component>
      <object_component id="oc-aa">
         <name>.debug_line</name>
         <load_address>0x102e</load_address>
         <run_address>0x102e</run_address>
         <size>0x15b</size>
         <input_file_ref idref="fl-3c"/>
      </object_component>
      <object_component id="oc-b0">
         <name>.debug_line</name>
         <load_address>0x1189</load_address>
         <run_address>0x1189</run_address>
         <size>0x6a</size>
         <input_file_ref idref="fl-3d"/>
      </object_component>
      <object_component id="oc-b4">
         <name>.debug_line</name>
         <load_address>0x11f3</load_address>
         <run_address>0x11f3</run_address>
         <size>0x58</size>
         <input_file_ref idref="fl-3e"/>
      </object_component>
      <object_component id="oc-b8">
         <name>.debug_line</name>
         <load_address>0x124b</load_address>
         <run_address>0x124b</run_address>
         <size>0x57</size>
         <input_file_ref idref="fl-3f"/>
      </object_component>
      <object_component id="oc-bc">
         <name>.debug_line</name>
         <load_address>0x12a2</load_address>
         <run_address>0x12a2</run_address>
         <size>0x5c</size>
         <input_file_ref idref="fl-40"/>
      </object_component>
      <object_component id="oc-c0">
         <name>.debug_line</name>
         <load_address>0x12fe</load_address>
         <run_address>0x12fe</run_address>
         <size>0x3c</size>
         <input_file_ref idref="fl-41"/>
      </object_component>
      <object_component id="oc-c4">
         <name>.debug_line</name>
         <load_address>0x133a</load_address>
         <run_address>0x133a</run_address>
         <size>0x5b</size>
         <input_file_ref idref="fl-42"/>
      </object_component>
      <object_component id="oc-c8">
         <name>.debug_line</name>
         <load_address>0x1395</load_address>
         <run_address>0x1395</run_address>
         <size>0x3a</size>
         <input_file_ref idref="fl-43"/>
      </object_component>
      <object_component id="oc-cc">
         <name>.debug_line</name>
         <load_address>0x13cf</load_address>
         <run_address>0x13cf</run_address>
         <size>0x3c</size>
         <input_file_ref idref="fl-44"/>
      </object_component>
      <object_component id="oc-d0">
         <name>.debug_line</name>
         <load_address>0x140b</load_address>
         <run_address>0x140b</run_address>
         <size>0x40</size>
         <input_file_ref idref="fl-45"/>
      </object_component>
      <object_component id="oc-d6">
         <name>.debug_line</name>
         <load_address>0x144b</load_address>
         <run_address>0x144b</run_address>
         <size>0xd7</size>
         <input_file_ref idref="fl-46"/>
      </object_component>
      <object_component id="oc-dd">
         <name>.debug_line</name>
         <load_address>0x1522</load_address>
         <run_address>0x1522</run_address>
         <size>0x10f</size>
         <input_file_ref idref="fl-47"/>
      </object_component>
      <object_component id="oc-e1">
         <name>.debug_line</name>
         <load_address>0x1631</load_address>
         <run_address>0x1631</run_address>
         <size>0x3d</size>
         <input_file_ref idref="fl-48"/>
      </object_component>
      <object_component id="oc-e5">
         <name>.debug_line</name>
         <load_address>0x166e</load_address>
         <run_address>0x166e</run_address>
         <size>0x39</size>
         <input_file_ref idref="fl-49"/>
      </object_component>
      <object_component id="oc-14">
         <name>.debug_abbrev</name>
         <load_address>0x0</load_address>
         <run_address>0x0</run_address>
         <size>0x16c</size>
         <input_file_ref idref="fl-2"/>
      </object_component>
      <object_component id="oc-18">
         <name>.debug_abbrev</name>
         <load_address>0x16c</load_address>
         <run_address>0x16c</run_address>
         <size>0x2a</size>
         <input_file_ref idref="fl-7"/>
      </object_component>
      <object_component id="oc-1c">
         <name>.debug_abbrev</name>
         <load_address>0x196</load_address>
         <run_address>0x196</run_address>
         <size>0x3a</size>
         <input_file_ref idref="fl-1b"/>
      </object_component>
      <object_component id="oc-23">
         <name>.debug_abbrev</name>
         <load_address>0x1d0</load_address>
         <run_address>0x1d0</run_address>
         <size>0xf7</size>
         <input_file_ref idref="fl-1c"/>
      </object_component>
      <object_component id="oc-27">
         <name>.debug_abbrev</name>
         <load_address>0x2c7</load_address>
         <run_address>0x2c7</run_address>
         <size>0xb0</size>
         <input_file_ref idref="fl-1d"/>
      </object_component>
      <object_component id="oc-2b">
         <name>.debug_abbrev</name>
         <load_address>0x377</load_address>
         <run_address>0x377</run_address>
         <size>0x13c</size>
         <input_file_ref idref="fl-1e"/>
      </object_component>
      <object_component id="oc-30">
         <name>.debug_abbrev</name>
         <load_address>0x4b3</load_address>
         <run_address>0x4b3</run_address>
         <size>0x26</size>
         <input_file_ref idref="fl-1f"/>
      </object_component>
      <object_component id="oc-36">
         <name>.debug_abbrev</name>
         <load_address>0x4d9</load_address>
         <run_address>0x4d9</run_address>
         <size>0x9f</size>
         <input_file_ref idref="fl-20"/>
      </object_component>
      <object_component id="oc-3c">
         <name>.debug_abbrev</name>
         <load_address>0x578</load_address>
         <run_address>0x578</run_address>
         <size>0x1ef</size>
         <input_file_ref idref="fl-21"/>
      </object_component>
      <object_component id="oc-40">
         <name>.debug_abbrev</name>
         <load_address>0x767</load_address>
         <run_address>0x767</run_address>
         <size>0xec</size>
         <input_file_ref idref="fl-22"/>
      </object_component>
      <object_component id="oc-44">
         <name>.debug_abbrev</name>
         <load_address>0x853</load_address>
         <run_address>0x853</run_address>
         <size>0xcc</size>
         <input_file_ref idref="fl-23"/>
      </object_component>
      <object_component id="oc-48">
         <name>.debug_abbrev</name>
         <load_address>0x91f</load_address>
         <run_address>0x91f</run_address>
         <size>0x44</size>
         <input_file_ref idref="fl-24"/>
      </object_component>
      <object_component id="oc-4c">
         <name>.debug_abbrev</name>
         <load_address>0x963</load_address>
         <run_address>0x963</run_address>
         <size>0xb7</size>
         <input_file_ref idref="fl-25"/>
      </object_component>
      <object_component id="oc-4e">
         <name>.debug_abbrev</name>
         <load_address>0xa1a</load_address>
         <run_address>0xa1a</run_address>
         <size>0x5f</size>
         <input_file_ref idref="fl-26"/>
      </object_component>
      <object_component id="oc-52">
         <name>.debug_abbrev</name>
         <load_address>0xa79</load_address>
         <run_address>0xa79</run_address>
         <size>0x83</size>
         <input_file_ref idref="fl-27"/>
      </object_component>
      <object_component id="oc-56">
         <name>.debug_abbrev</name>
         <load_address>0xafc</load_address>
         <run_address>0xafc</run_address>
         <size>0x112</size>
         <input_file_ref idref="fl-28"/>
      </object_component>
      <object_component id="oc-5a">
         <name>.debug_abbrev</name>
         <load_address>0xc0e</load_address>
         <run_address>0xc0e</run_address>
         <size>0xb5</size>
         <input_file_ref idref="fl-29"/>
      </object_component>
      <object_component id="oc-5e">
         <name>.debug_abbrev</name>
         <load_address>0xcc3</load_address>
         <run_address>0xcc3</run_address>
         <size>0x8f</size>
         <input_file_ref idref="fl-2a"/>
      </object_component>
      <object_component id="oc-62">
         <name>.debug_abbrev</name>
         <load_address>0xd52</load_address>
         <run_address>0xd52</run_address>
         <size>0xb7</size>
         <input_file_ref idref="fl-2b"/>
      </object_component>
      <object_component id="oc-67">
         <name>.debug_abbrev</name>
         <load_address>0xe09</load_address>
         <run_address>0xe09</run_address>
         <size>0xc2</size>
         <input_file_ref idref="fl-2c"/>
      </object_component>
      <object_component id="oc-6b">
         <name>.debug_abbrev</name>
         <load_address>0xecb</load_address>
         <run_address>0xecb</run_address>
         <size>0xfa</size>
         <input_file_ref idref="fl-2d"/>
      </object_component>
      <object_component id="oc-70">
         <name>.debug_abbrev</name>
         <load_address>0xfc5</load_address>
         <run_address>0xfc5</run_address>
         <size>0x135</size>
         <input_file_ref idref="fl-2e"/>
      </object_component>
      <object_component id="oc-74">
         <name>.debug_abbrev</name>
         <load_address>0x10fa</load_address>
         <run_address>0x10fa</run_address>
         <size>0x9a</size>
         <input_file_ref idref="fl-2f"/>
      </object_component>
      <object_component id="oc-78">
         <name>.debug_abbrev</name>
         <load_address>0x1194</load_address>
         <run_address>0x1194</run_address>
         <size>0xd0</size>
         <input_file_ref idref="fl-30"/>
      </object_component>
      <object_component id="oc-7c">
         <name>.debug_abbrev</name>
         <load_address>0x1264</load_address>
         <run_address>0x1264</run_address>
         <size>0xb7</size>
         <input_file_ref idref="fl-31"/>
      </object_component>
      <object_component id="oc-80">
         <name>.debug_abbrev</name>
         <load_address>0x131b</load_address>
         <run_address>0x131b</run_address>
         <size>0x38</size>
         <input_file_ref idref="fl-32"/>
      </object_component>
      <object_component id="oc-86">
         <name>.debug_abbrev</name>
         <load_address>0x1353</load_address>
         <run_address>0x1353</run_address>
         <size>0x21c</size>
         <input_file_ref idref="fl-33"/>
      </object_component>
      <object_component id="oc-8a">
         <name>.debug_abbrev</name>
         <load_address>0x156f</load_address>
         <run_address>0x156f</run_address>
         <size>0xe3</size>
         <input_file_ref idref="fl-34"/>
      </object_component>
      <object_component id="oc-8e">
         <name>.debug_abbrev</name>
         <load_address>0x1652</load_address>
         <run_address>0x1652</run_address>
         <size>0xae</size>
         <input_file_ref idref="fl-35"/>
      </object_component>
      <object_component id="oc-92">
         <name>.debug_abbrev</name>
         <load_address>0x1700</load_address>
         <run_address>0x1700</run_address>
         <size>0x38</size>
         <input_file_ref idref="fl-36"/>
      </object_component>
      <object_component id="oc-96">
         <name>.debug_abbrev</name>
         <load_address>0x1738</load_address>
         <run_address>0x1738</run_address>
         <size>0xdc</size>
         <input_file_ref idref="fl-37"/>
      </object_component>
      <object_component id="oc-9a">
         <name>.debug_abbrev</name>
         <load_address>0x1814</load_address>
         <run_address>0x1814</run_address>
         <size>0x81</size>
         <input_file_ref idref="fl-38"/>
      </object_component>
      <object_component id="oc-9e">
         <name>.debug_abbrev</name>
         <load_address>0x1895</load_address>
         <run_address>0x1895</run_address>
         <size>0xa6</size>
         <input_file_ref idref="fl-39"/>
      </object_component>
      <object_component id="oc-a2">
         <name>.debug_abbrev</name>
         <load_address>0x193b</load_address>
         <run_address>0x193b</run_address>
         <size>0xb5</size>
         <input_file_ref idref="fl-3a"/>
      </object_component>
      <object_component id="oc-a6">
         <name>.debug_abbrev</name>
         <load_address>0x19f0</load_address>
         <run_address>0x19f0</run_address>
         <size>0x8f</size>
         <input_file_ref idref="fl-3b"/>
      </object_component>
      <object_component id="oc-ab">
         <name>.debug_abbrev</name>
         <load_address>0x1a7f</load_address>
         <run_address>0x1a7f</run_address>
         <size>0x151</size>
         <input_file_ref idref="fl-3c"/>
      </object_component>
      <object_component id="oc-b1">
         <name>.debug_abbrev</name>
         <load_address>0x1bd0</load_address>
         <run_address>0x1bd0</run_address>
         <size>0xd5</size>
         <input_file_ref idref="fl-3d"/>
      </object_component>
      <object_component id="oc-b5">
         <name>.debug_abbrev</name>
         <load_address>0x1ca5</load_address>
         <run_address>0x1ca5</run_address>
         <size>0x38</size>
         <input_file_ref idref="fl-3e"/>
      </object_component>
      <object_component id="oc-b9">
         <name>.debug_abbrev</name>
         <load_address>0x1cdd</load_address>
         <run_address>0x1cdd</run_address>
         <size>0xd1</size>
         <input_file_ref idref="fl-3f"/>
      </object_component>
      <object_component id="oc-bd">
         <name>.debug_abbrev</name>
         <load_address>0x1dae</load_address>
         <run_address>0x1dae</run_address>
         <size>0xd4</size>
         <input_file_ref idref="fl-40"/>
      </object_component>
      <object_component id="oc-c1">
         <name>.debug_abbrev</name>
         <load_address>0x1e82</load_address>
         <run_address>0x1e82</run_address>
         <size>0xa6</size>
         <input_file_ref idref="fl-41"/>
      </object_component>
      <object_component id="oc-c5">
         <name>.debug_abbrev</name>
         <load_address>0x1f28</load_address>
         <run_address>0x1f28</run_address>
         <size>0x12d</size>
         <input_file_ref idref="fl-42"/>
      </object_component>
      <object_component id="oc-c9">
         <name>.debug_abbrev</name>
         <load_address>0x2055</load_address>
         <run_address>0x2055</run_address>
         <size>0x81</size>
         <input_file_ref idref="fl-43"/>
      </object_component>
      <object_component id="oc-cd">
         <name>.debug_abbrev</name>
         <load_address>0x20d6</load_address>
         <run_address>0x20d6</run_address>
         <size>0xd1</size>
         <input_file_ref idref="fl-44"/>
      </object_component>
      <object_component id="oc-d1">
         <name>.debug_abbrev</name>
         <load_address>0x21a7</load_address>
         <run_address>0x21a7</run_address>
         <size>0x10b</size>
         <input_file_ref idref="fl-45"/>
      </object_component>
      <object_component id="oc-d7">
         <name>.debug_abbrev</name>
         <load_address>0x22b2</load_address>
         <run_address>0x22b2</run_address>
         <size>0x199</size>
         <input_file_ref idref="fl-46"/>
      </object_component>
      <object_component id="oc-de">
         <name>.debug_abbrev</name>
         <load_address>0x244b</load_address>
         <run_address>0x244b</run_address>
         <size>0x1d5</size>
         <input_file_ref idref="fl-47"/>
      </object_component>
      <object_component id="oc-e2">
         <name>.debug_abbrev</name>
         <load_address>0x2620</load_address>
         <run_address>0x2620</run_address>
         <size>0x10f</size>
         <input_file_ref idref="fl-48"/>
      </object_component>
      <object_component id="oc-e6">
         <name>.debug_abbrev</name>
         <load_address>0x272f</load_address>
         <run_address>0x272f</run_address>
         <size>0xb6</size>
         <input_file_ref idref="fl-49"/>
      </object_component>
      <object_component id="oc-109">
         <name>.debug_abbrev</name>
         <load_address>0x27e5</load_address>
         <run_address>0x27e5</run_address>
         <size>0xd</size>
      </object_component>
   </object_component_list>
   <logical_group_list>
      <logical_group id="lg-2">
         <name>vectors</name>
         <load_address>0xffff00</load_address>
         <run_address>0xffff00</run_address>
         <size>0x100</size>
         <contents>
            <object_component_ref idref="oc-2d"/>
         </contents>
      </logical_group>
      <logical_group id="lg-3">
         <name>.cinit</name>
         <load_address>0xc0</load_address>
         <run_address>0xc0</run_address>
         <size>0x2f0</size>
         <contents>
            <object_component_ref idref="oc-10"/>
            <object_component_ref idref="oc-84"/>
            <object_component_ref idref="oc-51"/>
            <object_component_ref idref="oc-34"/>
            <object_component_ref idref="oc-20"/>
            <object_component_ref idref="oc-d5"/>
            <object_component_ref idref="oc-db"/>
         </contents>
      </logical_group>
      <logical_group id="lg-105">
         <name>.text.1</name>
         <load_address>0x2000</load_address>
         <run_address>0x2000</run_address>
         <size>0x2000</size>
         <contents>
            <object_component_ref idref="oc-37"/>
            <object_component_ref idref="oc-d"/>
            <object_component_ref idref="oc-81"/>
            <object_component_ref idref="oc-93"/>
            <object_component_ref idref="oc-5b"/>
            <object_component_ref idref="oc-e3"/>
         </contents>
      </logical_group>
      <logical_group id="lg-106">
         <name>.text.2</name>
         <load_address>0x4000</load_address>
         <run_address>0x4000</run_address>
         <size>0x2000</size>
         <contents>
            <object_component_ref idref="oc-a7"/>
            <object_component_ref idref="oc-53"/>
            <object_component_ref idref="oc-d8"/>
            <object_component_ref idref="oc-ba"/>
            <object_component_ref idref="oc-79"/>
            <object_component_ref idref="oc-d2"/>
            <object_component_ref idref="oc-49"/>
            <object_component_ref idref="oc-6c"/>
            <object_component_ref idref="oc-b6"/>
            <object_component_ref idref="oc-ce"/>
            <object_component_ref idref="oc-c2"/>
            <object_component_ref idref="oc-af"/>
            <object_component_ref idref="oc-15"/>
            <object_component_ref idref="oc-57"/>
            <object_component_ref idref="oc-68"/>
            <object_component_ref idref="oc-c6"/>
            <object_component_ref idref="oc-71"/>
            <object_component_ref idref="oc-87"/>
            <object_component_ref idref="oc-9f"/>
            <object_component_ref idref="oc-5f"/>
            <object_component_ref idref="oc-45"/>
            <object_component_ref idref="oc-63"/>
            <object_component_ref idref="oc-df"/>
            <object_component_ref idref="oc-ac"/>
            <object_component_ref idref="oc-41"/>
            <object_component_ref idref="oc-ca"/>
            <object_component_ref idref="oc-c"/>
            <object_component_ref idref="oc-28"/>
            <object_component_ref idref="oc-9b"/>
            <object_component_ref idref="oc-be"/>
            <object_component_ref idref="oc-1d"/>
            <object_component_ref idref="oc-2c"/>
         </contents>
      </logical_group>
      <logical_group id="lg-107">
         <name>.text.3</name>
         <load_address>0x6000</load_address>
         <run_address>0x6000</run_address>
         <size>0x141</size>
         <contents>
            <object_component_ref idref="oc-3d"/>
            <object_component_ref idref="oc-8f"/>
            <object_component_ref idref="oc-b2"/>
            <object_component_ref idref="oc-8b"/>
            <object_component_ref idref="oc-75"/>
            <object_component_ref idref="oc-a3"/>
            <object_component_ref idref="oc-7d"/>
            <object_component_ref idref="oc-31"/>
            <object_component_ref idref="oc-24"/>
            <object_component_ref idref="oc-97"/>
            <object_component_ref idref="oc-21"/>
         </contents>
      </logical_group>
      <split_section id="lg-4">
         <name>.text</name>
         <contents>
            <logical_group_ref idref="lg-105"/>
            <logical_group_ref idref="lg-106"/>
            <logical_group_ref idref="lg-107"/>
         </contents>
      </split_section>
      <logical_group id="lg-5">
         <name>.stack</name>
         <run_address>0x8b0</run_address>
         <size>0x200</size>
         <contents>
            <object_component_ref idref="oc-19"/>
            <object_component_ref idref="oc-ff"/>
         </contents>
      </logical_group>
      <logical_group id="lg-6">
         <name>.sysstack</name>
         <run_address>0xab0</run_address>
         <size>0x200</size>
         <contents>
            <object_component_ref idref="oc-e7"/>
            <object_component_ref idref="oc-101"/>
         </contents>
      </logical_group>
      <logical_group id="lg-7">
         <name>.sysmem</name>
         <run_address>0x8000</run_address>
         <size>0x400</size>
         <contents>
            <object_component_ref idref="oc-dc"/>
            <object_component_ref idref="oc-100"/>
         </contents>
      </logical_group>
      <logical_group id="lg-8">
         <name>.data</name>
         <run_address>0x8000</run_address>
         <size>0x0</size>
         <contents>
         </contents>
      </logical_group>
      <logical_group id="lg-9">
         <name>.cio</name>
         <run_address>0x670</run_address>
         <size>0x240</size>
         <contents>
            <object_component_ref idref="oc-ae"/>
         </contents>
      </logical_group>
      <logical_group id="lg-a">
         <name>.bss</name>
         <run_address>0xa000</run_address>
         <size>0x64c</size>
         <contents>
            <object_component_ref idref="oc-e"/>
            <object_component_ref idref="oc-1e"/>
            <object_component_ref idref="oc-32"/>
            <object_component_ref idref="oc-4f"/>
            <object_component_ref idref="oc-82"/>
            <object_component_ref idref="oc-a8"/>
            <object_component_ref idref="oc-d3"/>
            <object_component_ref idref="oc-d9"/>
         </contents>
      </logical_group>
      <logical_group id="lg-b">
         <name>.const</name>
         <load_address>0x3b0</load_address>
         <run_address>0x3b0</run_address>
         <size>0x2bc</size>
         <contents>
            <object_component_ref idref="oc-ea"/>
            <object_component_ref idref="oc-39"/>
            <object_component_ref idref="oc-e9"/>
            <object_component_ref idref="oc-3a"/>
            <object_component_ref idref="oc-e8"/>
            <object_component_ref idref="oc-eb"/>
            <object_component_ref idref="oc-11"/>
            <object_component_ref idref="oc-6e"/>
            <object_component_ref idref="oc-65"/>
         </contents>
      </logical_group>
      <logical_group id="lg-f6">
         <name>.debug_info</name>
         <load_address>0x0</load_address>
         <run_address>0x0</run_address>
         <size>0x14dac</size>
         <contents>
            <object_component_ref idref="oc-f"/>
            <object_component_ref idref="oc-16"/>
            <object_component_ref idref="oc-1a"/>
            <object_component_ref idref="oc-1f"/>
            <object_component_ref idref="oc-25"/>
            <object_component_ref idref="oc-29"/>
            <object_component_ref idref="oc-2e"/>
            <object_component_ref idref="oc-33"/>
            <object_component_ref idref="oc-38"/>
            <object_component_ref idref="oc-3e"/>
            <object_component_ref idref="oc-42"/>
            <object_component_ref idref="oc-46"/>
            <object_component_ref idref="oc-4a"/>
            <object_component_ref idref="oc-4d"/>
            <object_component_ref idref="oc-50"/>
            <object_component_ref idref="oc-54"/>
            <object_component_ref idref="oc-58"/>
            <object_component_ref idref="oc-5c"/>
            <object_component_ref idref="oc-60"/>
            <object_component_ref idref="oc-64"/>
            <object_component_ref idref="oc-69"/>
            <object_component_ref idref="oc-6d"/>
            <object_component_ref idref="oc-72"/>
            <object_component_ref idref="oc-76"/>
            <object_component_ref idref="oc-7a"/>
            <object_component_ref idref="oc-7e"/>
            <object_component_ref idref="oc-83"/>
            <object_component_ref idref="oc-88"/>
            <object_component_ref idref="oc-8c"/>
            <object_component_ref idref="oc-90"/>
            <object_component_ref idref="oc-94"/>
            <object_component_ref idref="oc-98"/>
            <object_component_ref idref="oc-9c"/>
            <object_component_ref idref="oc-a0"/>
            <object_component_ref idref="oc-a4"/>
            <object_component_ref idref="oc-a9"/>
            <object_component_ref idref="oc-ad"/>
            <object_component_ref idref="oc-b3"/>
            <object_component_ref idref="oc-b7"/>
            <object_component_ref idref="oc-bb"/>
            <object_component_ref idref="oc-bf"/>
            <object_component_ref idref="oc-c3"/>
            <object_component_ref idref="oc-c7"/>
            <object_component_ref idref="oc-cb"/>
            <object_component_ref idref="oc-cf"/>
            <object_component_ref idref="oc-d4"/>
            <object_component_ref idref="oc-da"/>
            <object_component_ref idref="oc-e0"/>
            <object_component_ref idref="oc-e4"/>
            <object_component_ref idref="oc-108"/>
         </contents>
      </logical_group>
      <logical_group id="lg-f8">
         <name>.debug_frame</name>
         <load_address>0x0</load_address>
         <run_address>0x0</run_address>
         <size>0x1a6</size>
         <contents>
            <object_component_ref idref="oc-12"/>
         </contents>
      </logical_group>
      <logical_group id="lg-fa">
         <name>.debug_line</name>
         <load_address>0x0</load_address>
         <run_address>0x0</run_address>
         <size>0x16a7</size>
         <contents>
            <object_component_ref idref="oc-13"/>
            <object_component_ref idref="oc-17"/>
            <object_component_ref idref="oc-1b"/>
            <object_component_ref idref="oc-22"/>
            <object_component_ref idref="oc-26"/>
            <object_component_ref idref="oc-2a"/>
            <object_component_ref idref="oc-2f"/>
            <object_component_ref idref="oc-35"/>
            <object_component_ref idref="oc-3b"/>
            <object_component_ref idref="oc-3f"/>
            <object_component_ref idref="oc-43"/>
            <object_component_ref idref="oc-47"/>
            <object_component_ref idref="oc-4b"/>
            <object_component_ref idref="oc-55"/>
            <object_component_ref idref="oc-59"/>
            <object_component_ref idref="oc-5d"/>
            <object_component_ref idref="oc-61"/>
            <object_component_ref idref="oc-66"/>
            <object_component_ref idref="oc-6a"/>
            <object_component_ref idref="oc-6f"/>
            <object_component_ref idref="oc-73"/>
            <object_component_ref idref="oc-77"/>
            <object_component_ref idref="oc-7b"/>
            <object_component_ref idref="oc-7f"/>
            <object_component_ref idref="oc-85"/>
            <object_component_ref idref="oc-89"/>
            <object_component_ref idref="oc-8d"/>
            <object_component_ref idref="oc-91"/>
            <object_component_ref idref="oc-95"/>
            <object_component_ref idref="oc-99"/>
            <object_component_ref idref="oc-9d"/>
            <object_component_ref idref="oc-a1"/>
            <object_component_ref idref="oc-a5"/>
[...]
         <value>0x400</value>
      </symbol>
      <symbol id="sm-c">
         <name>___c_args__</name>
         <value>0xffffffff</value>
      </symbol>
      <symbol id="sm-d">
         <name>__SYSSTACK_SIZE</name>
         <value>0x200</value>
      </symbol>
      <symbol id="sm-e">
         <name>.text</name>
         <value>0xffffffff</value>
      </symbol>
      <symbol id="sm-f">
         <name>___text__</name>
         <value>0xffffffff</value>
      </symbol>
      <symbol id="sm-10">
         <name>etext</name>
         <value>0xffffffff</value>
      </symbol>
      <symbol id="sm-11">
         <name>___etext__</name>
         <value>0xffffffff</value>
      </symbol>
      <symbol id="sm-12">
         <name>.data</name>
         <value>0x8000</value>
      </symbol>
      <symbol id="sm-13">
         <name>___data__</name>
         <value>0x8000</value>
      </symbol>
      <symbol id="sm-14">
         <name>edata</name>
         <value>0x8000</value>
      </symbol>
      <symbol id="sm-15">
         <name>___edata__</name>
         <value>0x8000</value>
      </symbol>
      <symbol id="sm-16">
         <name>.bss</name>
         <value>0xa000</value>
      </symbol>
      <symbol id="sm-17">
         <name>___bss__</name>
         <value>0xa000</value>
      </symbol>
      <symbol id="sm-18">
         <name>end</name>
         <value>0xa64c</value>
      </symbol>
      <symbol id="sm-19">
         <name>___end__</name>
         <value>0xa64c</value>
      </symbol>
      <symbol id="sm-7c">
         <name>_main</name>
         <value>0x39fe</value>
         <object_component_ref idref="oc-d"/>
      </symbol>
      <symbol id="sm-7d">
         <name>_iirFormaDireta2</name>
         <value>0x3455</value>
         <object_component_ref idref="oc-d"/>
      </symbol>
      <symbol id="sm-7e">
         <name>_iirFormaDireta1</name>
         <value>0x3762</value>
         <object_component_ref idref="oc-d"/>
      </symbol>
      <symbol id="sm-7f">
         <name>_x_random</name>
         <value>0xa100</value>
         <object_component_ref idref="oc-e"/>
      </symbol>
      <symbol id="sm-80">
         <name>_sumQ15</name>
         <value>0x337f</value>
         <object_component_ref idref="oc-d"/>
      </symbol>
      <symbol id="sm-81">
         <name>_cas51</name>
         <value>0x33bb</value>
         <object_component_ref idref="oc-d"/>
      </symbol>
      <symbol id="sm-82">
         <name>_get_at</name>
         <value>0x343f</value>
         <object_component_ref idref="oc-d"/>
      </symbol>
      <symbol id="sm-83">
         <name>_multiplyQ15</name>
         <value>0x3330</value>
         <object_component_ref idref="oc-d"/>
      </symbol>
      <symbol id="sm-84">
         <name>_x_sin</name>
         <value>0xa000</value>
         <object_component_ref idref="oc-e"/>
      </symbol>
      <symbol id="sm-85">
         <name>_b</name>
         <value>0xa200</value>
         <object_component_ref idref="oc-e"/>
      </symbol>
      <symbol id="sm-86">
         <name>_a</name>
         <value>0xa20e</value>
         <object_component_ref idref="oc-e"/>
      </symbol>
      <symbol id="sm-95">
         <name>_iircas51</name>
         <value>0x5854</value>
         <object_component_ref idref="oc-15"/>
      </symbol>
      <symbol id="sm-a1">
         <name>__sysstack</name>
         <value>0xab0</value>
         <object_component_ref idref="oc-e7"/>
      </symbol>
      <symbol id="sm-a2">
         <name>_c_int00</name>
         <value>0x5e9b</value>
         <object_component_ref idref="oc-c"/>
      </symbol>
      <symbol id="sm-a3">
         <name>__stack</name>
         <value>0x8b0</value>
         <object_component_ref idref="oc-19"/>
      </symbol>
      <symbol id="sm-b3">
         <name>C$$EXIT</name>
         <value>0x613a</value>
         <object_component_ref idref="oc-21"/>
      </symbol>
      <symbol id="sm-b4">
         <name>_exit</name>
         <value>0x5fc5</value>
         <object_component_ref idref="oc-1d"/>
      </symbol>
      <symbol id="sm-b5">
         <name>_abort</name>
         <value>0x6139</value>
         <object_component_ref idref="oc-21"/>
      </symbol>
      <symbol id="sm-b6">
         <name>__cleanup_ptr</name>
         <value>0xa63c</value>
         <object_component_ref idref="oc-1e"/>
      </symbol>
      <symbol id="sm-b7">
         <name>__dtors_ptr</name>
         <value>0xa640</value>
         <object_component_ref idref="oc-1e"/>
      </symbol>
      <symbol id="sm-c1">
         <name>_memset</name>
         <value>0x6119</value>
         <object_component_ref idref="oc-24"/>
      </symbol>
      <symbol id="sm-cb">
         <name>_printf</name>
         <value>0x5ee7</value>
         <object_component_ref idref="oc-28"/>
      </symbol>
      <symbol id="sm-d5">
         <name>_Reset</name>
         <value>0xffff00</value>
         <object_component_ref idref="oc-2d"/>
      </symbol>
      <symbol id="sm-e3">
         <name>__unlock</name>
         <value>0xa638</value>
         <object_component_ref idref="oc-32"/>
      </symbol>
      <symbol id="sm-e4">
         <name>__lock</name>
         <value>0xa634</value>
         <object_component_ref idref="oc-32"/>
      </symbol>
      <symbol id="sm-e5">
         <name>__register_lock</name>
         <value>0x6110</value>
         <object_component_ref idref="oc-31"/>
      </symbol>
      <symbol id="sm-e6">
         <name>__nop</name>
         <value>0x6117</value>
         <object_component_ref idref="oc-31"/>
      </symbol>
      <symbol id="sm-e7">
         <name>__register_unlock</name>
         <value>0x6109</value>
         <object_component_ref idref="oc-31"/>
      </symbol>
      <symbol id="sm-f9">
         <name>__printfi</name>
         <value>0x315c</value>
         <object_component_ref idref="oc-37"/>
      </symbol>
      <symbol id="sm-103">
         <name>__args_main</name>
         <value>0x6000</value>
         <object_component_ref idref="oc-3d"/>
      </symbol>
      <symbol id="sm-104">
         <name>__TI_args_main</name>
         <value>0x1</value>
      </symbol>
      <symbol id="sm-10e">
         <name>_atoi</name>
         <value>0x5de7</value>
         <object_component_ref idref="oc-41"/>
      </symbol>
      <symbol id="sm-116">
         <name>_auto_init</name>
         <value>0x5c58</value>
         <object_component_ref idref="oc-45"/>
      </symbol>
      <symbol id="sm-120">
         <name>__eqld</name>
         <value>0x53eb</value>
         <object_component_ref idref="oc-49"/>
      </symbol>
      <symbol id="sm-121">
         <name>__cmpd</name>
         <value>0x541f</value>
         <object_component_ref idref="oc-49"/>
      </symbol>
      <symbol id="sm-122">
         <name>__neqd</name>
         <value>0x528d</value>
         <object_component_ref idref="oc-49"/>
      </symbol>
      <symbol id="sm-123">
         <name>__gtrd</name>
         <value>0x5356</value>
         <object_component_ref idref="oc-49"/>
      </symbol>
      <symbol id="sm-124">
         <name>__geqd</name>
         <value>0x53a1</value>
         <object_component_ref idref="oc-49"/>
      </symbol>
      <symbol id="sm-125">
         <name>__leqd</name>
         <value>0x5309</value>
         <object_component_ref idref="oc-49"/>
      </symbol>
      <symbol id="sm-126">
         <name>__lssd</name>
         <value>0x52c1</value>
         <object_component_ref idref="oc-49"/>
      </symbol>
      <symbol id="sm-12e">
         <name>__ctypes_</name>
         <value>0x3b0</value>
         <object_component_ref idref="oc-ea"/>
      </symbol>
      <symbol id="sm-138">
         <name>__tmpnams</name>
         <value>0xa294</value>
         <object_component_ref idref="oc-4f"/>
      </symbol>
      <symbol id="sm-139">
         <name>__ft_end</name>
         <value>0xa3d4</value>
         <object_component_ref idref="oc-4f"/>
      </symbol>
      <symbol id="sm-13a">
         <name>__ftable</name>
         <value>0xa21c</value>
         <object_component_ref idref="oc-4f"/>
      </symbol>
      <symbol id="sm-146">
         <name>__divd</name>
         <value>0x4465</value>
         <object_component_ref idref="oc-53"/>
      </symbol>
      <symbol id="sm-151">
         <name>__divul</name>
         <value>0x58f5</value>
         <object_component_ref idref="oc-57"/>
      </symbol>
      <symbol id="sm-15b">
         <name>__fixdi</name>
         <value>0x3fcb</value>
         <object_component_ref idref="oc-5b"/>
      </symbol>
      <symbol id="sm-165">
         <name>__fixdli</name>
         <value>0x5be9</value>
         <object_component_ref idref="oc-5f"/>
      </symbol>
      <symbol id="sm-171">
         <name>__fltlid</name>
         <value>0x5cc3</value>
         <object_component_ref idref="oc-63"/>
      </symbol>
      <symbol id="sm-17b">
         <name>_putchar</name>
         <value>0x5a0e</value>
         <object_component_ref idref="oc-68"/>
      </symbol>
      <symbol id="sm-17c">
         <name>_putc</name>
         <value>0x5996</value>
         <object_component_ref idref="oc-68"/>
      </symbol>
      <symbol id="sm-17d">
         <name>_fputc</name>
         <value>0x5996</value>
         <object_component_ref idref="oc-68"/>
      </symbol>
      <symbol id="sm-18b">
         <name>_puts</name>
         <value>0x557f</value>
         <object_component_ref idref="oc-6c"/>
      </symbol>
      <symbol id="sm-18c">
         <name>_fputs</name>
         <value>0x5477</value>
         <object_component_ref idref="oc-6c"/>
      </symbol>
      <symbol id="sm-196">
         <name>__frcmpyd_div</name>
         <value>0x5a91</value>
         <object_component_ref idref="oc-71"/>
      </symbol>
      <symbol id="sm-1a0">
         <name>___isinf</name>
         <value>0x60c8</value>
         <object_component_ref idref="oc-75"/>
      </symbol>
      <symbol id="sm-1aa">
         <name>__divull</name>
         <value>0x4f42</value>
         <object_component_ref idref="oc-79"/>
      </symbol>
      <symbol id="sm-1ab">
         <name>__mpylli</name>
         <value>0x4e8a</value>
         <object_component_ref idref="oc-79"/>
      </symbol>
      <symbol id="sm-1ac">
         <name>__remlli</name>
         <value>0x4e5b</value>
         <object_component_ref idref="oc-79"/>
      </symbol>
      <symbol id="sm-1ad">
         <name>__divlli</name>
         <value>0x5036</value>
         <object_component_ref idref="oc-79"/>
      </symbol>
      <symbol id="sm-1ae">
         <name>__remull</name>
         <value>0x4e0d</value>
         <object_component_ref idref="oc-79"/>
      </symbol>
      <symbol id="sm-1b6">
         <name>__mpyli</name>
         <value>0x60f6</value>
         <object_component_ref idref="oc-7d"/>
      </symbol>
      <symbol id="sm-1b7">
         <name>I$$LMPY</name>
         <value>0x60f6</value>
         <object_component_ref idref="oc-7d"/>
      </symbol>
      <symbol id="sm-1c9">
         <name>_add_device</name>
         <value>0x3d9d</value>
         <object_component_ref idref="oc-81"/>
      </symbol>
      <symbol id="sm-1ca">
         <name>_rename</name>
         <value>0x3b44</value>
         <object_component_ref idref="oc-81"/>
      </symbol>
      <symbol id="sm-1cb">
         <name>_read</name>
         <value>0x3bbb</value>
         <object_component_ref idref="oc-81"/>
      </symbol>
      <symbol id="sm-1cc">
         <name>_unlink</name>
         <value>0x3b16</value>
         <object_component_ref idref="oc-81"/>
      </symbol>
      <symbol id="sm-1cd">
         <name>_remove_device</name>
         <value>0x3b8e</value>
         <object_component_ref idref="oc-81"/>
      </symbol>
      <symbol id="sm-1ce">
         <name>_open</name>
         <value>0x3c4c</value>
         <object_component_ref idref="oc-81"/>
      </symbol>
      <symbol id="sm-1cf">
         <name>_find_registered_device</name>
         <value>0x3d37</value>
         <object_component_ref idref="oc-81"/>
      </symbol>
      <symbol id="sm-1d0">
         <name>_lseek</name>
         <value>0x3ce0</value>
         <object_component_ref idref="oc-81"/>
      </symbol>
      <symbol id="sm-1d1">
         <name>_close</name>
         <value>0x3d40</value>
         <object_component_ref idref="oc-81"/>
      </symbol>
      <symbol id="sm-1d2">
         <name>_write</name>
         <value>0x3a07</value>
         <object_component_ref idref="oc-81"/>
      </symbol>
      <symbol id="sm-1dc">
         <name>_ltoa</name>
         <value>0x5b04</value>
         <object_component_ref idref="oc-87"/>
      </symbol>
      <symbol id="sm-1e7">
         <name>_memccpy</name>
         <value>0x60a9</value>
         <object_component_ref idref="oc-8b"/>
      </symbol>
      <symbol id="sm-1ef">
         <name>_memcpy</name>
         <value>0x6040</value>
         <object_component_ref idref="oc-8f"/>
      </symbol>
      <symbol id="sm-1f9">
         <name>__mpyd</name>
         <value>0x3e73</value>
         <object_component_ref idref="oc-93"/>
      </symbol>
      <symbol id="sm-203">
         <name>__negd</name>
         <value>0x6129</value>
         <object_component_ref idref="oc-97"/>
      </symbol>
      <symbol id="sm-20d">
         <name>__remli</name>
         <value>0x5f32</value>
         <object_component_ref idref="oc-9b"/>
      </symbol>
      <symbol id="sm-218">
         <name>__remul</name>
         <value>0x5b77</value>
         <object_component_ref idref="oc-9f"/>
      </symbol>
      <symbol id="sm-222">
         <name>__subd</name>
         <value>0x60e2</value>
         <object_component_ref idref="oc-a3"/>
      </symbol>
      <symbol id="sm-22e">
         <name>_HOSTopen</name>
         <value>0x4295</value>
         <object_component_ref idref="oc-a7"/>
      </symbol>
      <symbol id="sm-22f">
         <name>_HOSTread</name>
         <value>0x421b</value>
         <object_component_ref idref="oc-a7"/>
      </symbol>
      <symbol id="sm-230">
         <name>_HOSTtime</name>
         <value>0x4133</value>
         <object_component_ref idref="oc-a7"/>
      </symbol>
      <symbol id="sm-231">
         <name>_getenv</name>
         <value>0x4000</value>
         <object_component_ref idref="oc-a7"/>
      </symbol>
      <symbol id="sm-232">
         <name>_HOSTrename</name>
         <value>0x4182</value>
         <object_component_ref idref="oc-a7"/>
      </symbol>
      <symbol id="sm-233">
         <name>_HOSTclock</name>
         <value>0x4416</value>
         <object_component_ref idref="oc-a7"/>
      </symbol>
      <symbol id="sm-234">
         <name>_HOSTwrite</name>
         <value>0x4062</value>
         <object_component_ref idref="oc-a7"/>
      </symbol>
      <symbol id="sm-235">
         <name>_HOSTlseek</name>
         <value>0x431c</value>
         <object_component_ref idref="oc-a7"/>
      </symbol>
      <symbol id="sm-236">
         <name>_HOSTunlink</name>
         <value>0x40dc</value>
         <object_component_ref idref="oc-a7"/>
      </symbol>
      <symbol id="sm-237">
         <name>_HOSTclose</name>
         <value>0x43bf</value>
         <object_component_ref idref="oc-a7"/>
      </symbol>
      <symbol id="sm-249">
         <name>C$$IO$$</name>
         <value>0x584f</value>
         <object_component_ref idref="oc-af"/>
      </symbol>
      <symbol id="sm-24a">
         <name>__CIOBUF_</name>
         <value>0x670</value>
         <object_component_ref idref="oc-ae"/>
      </symbol>
      <symbol id="sm-24b">
         <name>_readmsg</name>
         <value>0x5d86</value>
         <object_component_ref idref="oc-ac"/>
      </symbol>
      <symbol id="sm-24c">
         <name>_writemsg</name>
         <value>0x57ac</value>
         <object_component_ref idref="oc-af"/>
      </symbol>
      <symbol id="sm-254">
         <name>__remu</name>
         <value>0x6094</value>
         <object_component_ref idref="oc-b2"/>
      </symbol>
      <symbol id="sm-255">
         <name>__divu</name>
         <value>0x607f</value>
         <object_component_ref idref="oc-b2"/>
      </symbol>
      <symbol id="sm-256">
         <name>I$$UMOD</name>
         <value>0x6094</value>
         <object_component_ref idref="oc-b2"/>
      </symbol>
      <symbol id="sm-257">
         <name>I$$UDIV</name>
         <value>0x607f</value>
         <object_component_ref idref="oc-b2"/>
      </symbol>
      <symbol id="sm-261">
         <name>__rd_ok</name>
         <value>0x5607</value>
         <object_component_ref idref="oc-b6"/>
      </symbol>
      <symbol id="sm-262">
         <name>__wrt_ok</name>
         <value>0x55a1</value>
         <object_component_ref idref="oc-b6"/>
      </symbol>
      <symbol id="sm-26c">
         <name>__addd</name>
         <value>0x4bad</value>
         <object_component_ref idref="oc-ba"/>
      </symbol>
      <symbol id="sm-276">
         <name>__divli</name>
         <value>0x5f7d</value>
         <object_component_ref idref="oc-be"/>
      </symbol>
      <symbol id="sm-280">
         <name>__doflush</name>
         <value>0x5702</value>
         <object_component_ref idref="oc-c2"/>
      </symbol>
      <symbol id="sm-281">
         <name>_fflush</name>
         <value>0x575b</value>
         <object_component_ref idref="oc-c2"/>
      </symbol>
      <symbol id="sm-28b">
         <name>__frcmpyd</name>
         <value>0x5a1b</value>
         <object_component_ref idref="oc-c6"/>
      </symbol>
      <symbol id="sm-295">
         <name>_fseek</name>
         <value>0x5e43</value>
         <object_component_ref idref="oc-ca"/>
      </symbol>
      <symbol id="sm-29f">
         <name>_setvbuf</name>
         <value>0x5655</value>
         <object_component_ref idref="oc-ce"/>
      </symbol>
      <symbol id="sm-2ae">
         <name>__cleanup</name>
         <value>0x517a</value>
         <object_component_ref idref="oc-d2"/>
      </symbol>
      <symbol id="sm-2af">
         <name>_fopen</name>
         <value>0x5261</value>
         <object_component_ref idref="oc-d2"/>
      </symbol>
      <symbol id="sm-2b0">
         <name>_freopen</name>
         <value>0x51c8</value>
         <object_component_ref idref="oc-d2"/>
      </symbol>
      <symbol id="sm-2c0">
         <name>__sys_memory</name>
         <value>0x8000</value>
         <object_component_ref idref="oc-dc"/>
      </symbol>
      <symbol id="sm-2c1">
         <name>_chkheap</name>
         <value>0x4b87</value>
         <object_component_ref idref="oc-d8"/>
      </symbol>
      <symbol id="sm-2c2">
         <name>_realloc</name>
         <value>0x49b4</value>
         <object_component_ref idref="oc-d8"/>
      </symbol>
      <symbol id="sm-2c3">
         <name>_free_memory</name>
         <value>0x4b41</value>
         <object_component_ref idref="oc-d8"/>
      </symbol>
      <symbol id="sm-2c4">
         <name>_max_free</name>
         <value>0x4af8</value>
         <object_component_ref idref="oc-d8"/>
      </symbol>
      <symbol id="sm-2c5">
         <name>_free</name>
         <value>0x482d</value>
         <object_component_ref idref="oc-d8"/>
      </symbol>
      <symbol id="sm-2c6">
         <name>_calloc</name>
         <value>0x4b8b</value>
         <object_component_ref idref="oc-d8"/>
      </symbol>
      <symbol id="sm-2c7">
         <name>_malloc</name>
         <value>0x4908</value>
         <object_component_ref idref="oc-d8"/>
      </symbol>
      <symbol id="sm-2c8">
         <name>_minit</name>
         <value>0x48bc</value>
         <object_component_ref idref="oc-d8"/>
      </symbol>
      <symbol id="sm-2d2">
         <name>_fclose</name>
         <value>0x5d25</value>
         <object_component_ref idref="oc-df"/>
      </symbol>
      <symbol id="sm-2dc">
         <name>_remove</name>
         <value>0x3ff5</value>
         <object_component_ref idref="oc-e3"/>
      </symbol>
   </symbol_table>
</link_info>
