<?xml version="1.0"?>
<link_info>
   <banner>TMS320C55x Linker PC v4.4.1</banner>
   <copyright>Copyright (c) 1996-2012 Texas Instruments Incorporated</copyright>
   <link_time>0x61889598</link_time>
   <output_file>hello_word.out</output_file>
   <entry_point>
      <name>_c_int00</name>
      <address>0x6058</address>
   </entry_point>
   <input_file_list>
      <input_file id="fl-2">
         <path>.\</path>
         <kind>object</kind>
         <file>hello_world.obj</file>
         <name>hello_world.obj</name>
      </input_file>
      <input_file id="fl-7">
         <path>..\</path>
         <kind>archive</kind>
         <file>55xdsp.lib</file>
         <name>fltoq15.obj</name>
      </input_file>
      <input_file id="fl-8">
         <path>..\</path>
         <kind>archive</kind>
         <file>55xdsp.lib</file>
         <name>iircas4.obj</name>
      </input_file>
      <input_file id="fl-9">
         <path>..\</path>
         <kind>archive</kind>
         <file>55xdsp.lib</file>
         <name>iircas5.obj</name>
      </input_file>
      <input_file id="fl-a">
         <path>..\</path>
         <kind>archive</kind>
         <file>55xdsp.lib</file>
         <name>iircas51.obj</name>
      </input_file>
      <input_file id="fl-b">
         <path>..\</path>
         <kind>archive</kind>
         <file>55xdsp.lib</file>
         <name>q15tofl.obj</name>
      </input_file>
      <input_file id="fl-1f">
         <path>C:\ti\ccs1100\ccs\tools\compiler\c5500_4.4.1\lib\</path>
         <kind>archive</kind>
         <file>rts55.lib</file>
         <name>boot.obj</name>
      </input_file>
      <input_file id="fl-20">
         <path>C:\ti\ccs1100\ccs\tools\compiler\c5500_4.4.1\lib\</path>
         <kind>archive</kind>
         <file>rts55.lib</file>
         <name>exit.obj</name>
      </input_file>
      <input_file id="fl-21">
         <path>C:\ti\ccs1100\ccs\tools\compiler\c5500_4.4.1\lib\</path>
         <kind>archive</kind>
         <file>rts55.lib</file>
         <name>memset.obj</name>
      </input_file>
      <input_file id="fl-22">
         <path>C:\ti\ccs1100\ccs\tools\compiler\c5500_4.4.1\lib\</path>
         <kind>archive</kind>
         <file>rts55.lib</file>
         <name>mpyd.obj</name>
      </input_file>
      <input_file id="fl-23">
         <path>C:\ti\ccs1100\ccs\tools\compiler\c5500_4.4.1\lib\</path>
         <kind>archive</kind>
         <file>rts55.lib</file>
         <name>printf.obj</name>
      </input_file>
      <input_file id="fl-24">
         <path>C:\ti\ccs1100\ccs\tools\compiler\c5500_4.4.1\lib\</path>
         <kind>archive</kind>
         <file>rts55.lib</file>
         <name>vectors.obj</name>
      </input_file>
      <input_file id="fl-25">
         <path>C:\ti\ccs1100\ccs\tools\compiler\c5500_4.4.1\lib\</path>
         <kind>archive</kind>
         <file>rts55.lib</file>
         <name>_lock.obj</name>
      </input_file>
      <input_file id="fl-26">
         <path>C:\ti\ccs1100\ccs\tools\compiler\c5500_4.4.1\lib\</path>
         <kind>archive</kind>
         <file>rts55.lib</file>
         <name>_printfi.obj</name>
      </input_file>
      <input_file id="fl-27">
         <path>C:\ti\ccs1100\ccs\tools\compiler\c5500_4.4.1\lib\</path>
         <kind>archive</kind>
         <file>rts55.lib</file>
         <name>args_main.obj</name>
      </input_file>
      <input_file id="fl-28">
         <path>C:\ti\ccs1100\ccs\tools\compiler\c5500_4.4.1\lib\</path>
         <kind>archive</kind>
         <file>rts55.lib</file>
         <name>atoi.obj</name>
      </input_file>
      <input_file id="fl-29">
         <path>C:\ti\ccs1100\ccs\tools\compiler\c5500_4.4.1\lib\</path>
         <kind>archive</kind>
         <file>rts55.lib</file>
         <name>autoinit.obj</name>
      </input_file>
      <input_file id="fl-2a">
         <path>C:\ti\ccs1100\ccs\tools\compiler\c5500_4.4.1\lib\</path>
         <kind>archive</kind>
         <file>rts55.lib</file>
         <name>cmpd.obj</name>
      </input_file>
      <input_file id="fl-2b">
         <path>C:\ti\ccs1100\ccs\tools\compiler\c5500_4.4.1\lib\</path>
         <kind>archive</kind>
         <file>rts55.lib</file>
         <name>ctype.obj</name>
      </input_file>
      <input_file id="fl-2c">
         <path>C:\ti\ccs1100\ccs\tools\compiler\c5500_4.4.1\lib\</path>
         <kind>archive</kind>
         <file>rts55.lib</file>
         <name>defs.obj</name>
      </input_file>
      <input_file id="fl-2d">
         <path>C:\ti\ccs1100\ccs\tools\compiler\c5500_4.4.1\lib\</path>
         <kind>archive</kind>
         <file>rts55.lib</file>
         <name>divd.obj</name>
      </input_file>
      <input_file id="fl-2e">
         <path>C:\ti\ccs1100\ccs\tools\compiler\c5500_4.4.1\lib\</path>
         <kind>archive</kind>
         <file>rts55.lib</file>
         <name>divul.obj</name>
      </input_file>
      <input_file id="fl-2f">
         <path>C:\ti\ccs1100\ccs\tools\compiler\c5500_4.4.1\lib\</path>
         <kind>archive</kind>
         <file>rts55.lib</file>
         <name>fixdi.obj</name>
      </input_file>
      <input_file id="fl-30">
         <path>C:\ti\ccs1100\ccs\tools\compiler\c5500_4.4.1\lib\</path>
         <kind>archive</kind>
         <file>rts55.lib</file>
         <name>fixdli.obj</name>
      </input_file>
      <input_file id="fl-31">
         <path>C:\ti\ccs1100\ccs\tools\compiler\c5500_4.4.1\lib\</path>
         <kind>archive</kind>
         <file>rts55.lib</file>
         <name>fltlid.obj</name>
      </input_file>
      <input_file id="fl-32">
         <path>C:\ti\ccs1100\ccs\tools\compiler\c5500_4.4.1\lib\</path>
         <kind>archive</kind>
         <file>rts55.lib</file>
         <name>fputc.obj</name>
      </input_file>
      <input_file id="fl-33">
         <path>C:\ti\ccs1100\ccs\tools\compiler\c5500_4.4.1\lib\</path>
         <kind>archive</kind>
         <file>rts55.lib</file>
         <name>fputs.obj</name>
      </input_file>
      <input_file id="fl-34">
         <path>C:\ti\ccs1100\ccs\tools\compiler\c5500_4.4.1\lib\</path>
         <kind>archive</kind>
         <file>rts55.lib</file>
         <name>frcmpyd.obj</name>
      </input_file>
      <input_file id="fl-35">
         <path>C:\ti\ccs1100\ccs\tools\compiler\c5500_4.4.1\lib\</path>
         <kind>archive</kind>
         <file>rts55.lib</file>
         <name>frcmpyd_div.obj</name>
      </input_file>
      <input_file id="fl-36">
         <path>C:\ti\ccs1100\ccs\tools\compiler\c5500_4.4.1\lib\</path>
         <kind>archive</kind>
         <file>rts55.lib</file>
         <name>isinf.obj</name>
      </input_file>
      <input_file id="fl-37">
         <path>C:\ti\ccs1100\ccs\tools\compiler\c5500_4.4.1\lib\</path>
         <kind>archive</kind>
         <file>rts55.lib</file>
         <name>llmpy.obj</name>
      </input_file>
      <input_file id="fl-38">
         <path>C:\ti\ccs1100\ccs\tools\compiler\c5500_4.4.1\lib\</path>
         <kind>archive</kind>
         <file>rts55.lib</file>
         <name>lmpy.obj</name>
      </input_file>
      <input_file id="fl-39">
         <path>C:\ti\ccs1100\ccs\tools\compiler\c5500_4.4.1\lib\</path>
         <kind>archive</kind>
         <file>rts55.lib</file>
         <name>lowlev.obj</name>
      </input_file>
      <input_file id="fl-3a">
         <path>C:\ti\ccs1100\ccs\tools\compiler\c5500_4.4.1\lib\</path>
         <kind>archive</kind>
         <file>rts55.lib</file>
         <name>ltoa.obj</name>
      </input_file>
      <input_file id="fl-3b">
         <path>C:\ti\ccs1100\ccs\tools\compiler\c5500_4.4.1\lib\</path>
         <kind>archive</kind>
         <file>rts55.lib</file>
         <name>memccpy.obj</name>
      </input_file>
      <input_file id="fl-3c">
         <path>C:\ti\ccs1100\ccs\tools\compiler\c5500_4.4.1\lib\</path>
         <kind>archive</kind>
         <file>rts55.lib</file>
         <name>memcpy.obj</name>
      </input_file>
      <input_file id="fl-3d">
         <path>C:\ti\ccs1100\ccs\tools\compiler\c5500_4.4.1\lib\</path>
         <kind>archive</kind>
         <file>rts55.lib</file>
         <name>negd.obj</name>
      </input_file>
      <input_file id="fl-3e">
         <path>C:\ti\ccs1100\ccs\tools\compiler\c5500_4.4.1\lib\</path>
         <kind>archive</kind>
         <file>rts55.lib</file>
         <name>remli.obj</name>
      </input_file>
      <input_file id="fl-3f">
         <path>C:\ti\ccs1100\ccs\tools\compiler\c5500_4.4.1\lib\</path>
         <kind>archive</kind>
         <file>rts55.lib</file>
         <name>remul.obj</name>
      </input_file>
      <input_file id="fl-40">
         <path>C:\ti\ccs1100\ccs\tools\compiler\c5500_4.4.1\lib\</path>
         <kind>archive</kind>
         <file>rts55.lib</file>
         <name>subd.obj</name>
      </input_file>
      <input_file id="fl-41">
         <path>C:\ti\ccs1100\ccs\tools\compiler\c5500_4.4.1\lib\</path>
         <kind>archive</kind>
         <file>rts55.lib</file>
         <name>trgdrv.obj</name>
      </input_file>
      <input_file id="fl-42">
         <path>C:\ti\ccs1100\ccs\tools\compiler\c5500_4.4.1\lib\</path>
         <kind>archive</kind>
         <file>rts55.lib</file>
         <name>trgmsg.obj</name>
      </input_file>
      <input_file id="fl-43">
         <path>C:\ti\ccs1100\ccs\tools\compiler\c5500_4.4.1\lib\</path>
         <kind>archive</kind>
         <file>rts55.lib</file>
         <name>udiv.obj</name>
      </input_file>
      <input_file id="fl-44">
         <path>C:\ti\ccs1100\ccs\tools\compiler\c5500_4.4.1\lib\</path>
         <kind>archive</kind>
         <file>rts55.lib</file>
         <name>_io_perm.obj</name>
      </input_file>
      <input_file id="fl-45">
         <path>C:\ti\ccs1100\ccs\tools\compiler\c5500_4.4.1\lib\</path>
         <kind>archive</kind>
         <file>rts55.lib</file>
         <name>addd.obj</name>
      </input_file>
      <input_file id="fl-46">
         <path>C:\ti\ccs1100\ccs\tools\compiler\c5500_4.4.1\lib\</path>
         <kind>archive</kind>
         <file>rts55.lib</file>
         <name>divli.obj</name>
      </input_file>
      <input_file id="fl-47">
         <path>C:\ti\ccs1100\ccs\tools\compiler\c5500_4.4.1\lib\</path>
         <kind>archive</kind>
         <file>rts55.lib</file>
         <name>fflush.obj</name>
      </input_file>
      <input_file id="fl-48">
         <path>C:\ti\ccs1100\ccs\tools\compiler\c5500_4.4.1\lib\</path>
         <kind>archive</kind>
         <file>rts55.lib</file>
         <name>fseek.obj</name>
      </input_file>
      <input_file id="fl-49">
         <path>C:\ti\ccs1100\ccs\tools\compiler\c5500_4.4.1\lib\</path>
         <kind>archive</kind>
         <file>rts55.lib</file>
         <name>setvbuf.obj</name>
      </input_file>
      <input_file id="fl-4a">
         <path>C:\ti\ccs1100\ccs\tools\compiler\c5500_4.4.1\lib\</path>
         <kind>archive</kind>
         <file>rts55.lib</file>
         <name>fopen.obj</name>
      </input_file>
      <input_file id="fl-4b">
         <path>C:\ti\ccs1100\ccs\tools\compiler\c5500_4.4.1\lib\</path>
         <kind>archive</kind>
         <file>rts55.lib</file>
         <name>memory.obj</name>
      </input_file>
      <input_file id="fl-4c">
         <path>C:\ti\ccs1100\ccs\tools\compiler\c5500_4.4.1\lib\</path>
         <kind>archive</kind>
         <file>rts55.lib</file>
         <name>fclose.obj</name>
      </input_file>
      <input_file id="fl-4d">
         <path>C:\ti\ccs1100\ccs\tools\compiler\c5500_4.4.1\lib\</path>
         <kind>archive</kind>
         <file>rts55.lib</file>
         <name>remove.obj</name>
      </input_file>
   </input_file_list>
   <object_component_list>
      <object_component id="oc-41">
         <name>vectors</name>
         <load_address>0xffff00</load_address>
         <run_address>0xffff00</run_address>
         <size>0x100</size>
         <input_file_ref idref="fl-24"/>
      </object_component>
      <object_component id="oc-10">
         <name>.cinit</name>
         <load_address>0x45c</load_address>
         <run_address>0x45c</run_address>
         <size>0x23c</size>
         <input_file_ref idref="fl-2"/>
      </object_component>
      <object_component id="oc-9c">
         <name>.cinit</name>
         <load_address>0x698</load_address>
         <run_address>0x698</run_address>
         <size>0x50</size>
         <input_file_ref idref="fl-39"/>
      </object_component>
      <object_component id="oc-65">
         <name>.cinit</name>
         <load_address>0x6e8</load_address>
         <run_address>0x6e8</run_address>
         <size>0x32</size>
         <input_file_ref idref="fl-2c"/>
      </object_component>
      <object_component id="oc-48">
         <name>.cinit</name>
         <load_address>0x71a</load_address>
         <run_address>0x71a</run_address>
         <size>0x14</size>
         <input_file_ref idref="fl-25"/>
      </object_component>
      <object_component id="oc-30">
         <name>.cinit</name>
         <load_address>0x72e</load_address>
         <run_address>0x72e</run_address>
         <size>0x14</size>
         <input_file_ref idref="fl-20"/>
      </object_component>
      <object_component id="oc-e5">
         <name>.cinit</name>
         <load_address>0x742</load_address>
         <run_address>0x742</run_address>
         <size>0x8</size>
         <input_file_ref idref="fl-4a"/>
      </object_component>
      <object_component id="oc-eb">
         <name>.cinit</name>
         <load_address>0x74a</load_address>
         <run_address>0x74a</run_address>
         <size>0x8</size>
         <input_file_ref idref="fl-4b"/>
      </object_component>
      <object_component id="oc-4b">
         <name>.text</name>
         <load_address>0x2000</load_address>
         <run_address>0x2000</run_address>
         <size>0x1330</size>
         <input_file_ref idref="fl-26"/>
      </object_component>
      <object_component id="oc-d">
         <name>.text</name>
         <load_address>0x3330</load_address>
         <run_address>0x3330</run_address>
         <size>0x617</size>
         <input_file_ref idref="fl-2"/>
      </object_component>
      <object_component id="oc-99">
         <name>.text</name>
         <load_address>0x3947</load_address>
         <run_address>0x3947</run_address>
         <size>0x46c</size>
         <input_file_ref idref="fl-39"/>
      </object_component>
      <object_component id="oc-e2">
         <name>.text</name>
         <load_address>0x3db3</load_address>
         <run_address>0x3db3</run_address>
         <size>0x222</size>
         <input_file_ref idref="fl-4a"/>
      </object_component>
      <object_component id="oc-6f">
         <name>.text</name>
         <load_address>0x3fd5</load_address>
         <run_address>0x3fd5</run_address>
         <size>0x2a</size>
         <input_file_ref idref="fl-2f"/>
      </object_component>
      <object_component id="oc-bb">
         <name>.text</name>
         <load_address>0x4000</load_address>
         <run_address>0x4000</run_address>
         <size>0x465</size>
         <input_file_ref idref="fl-41"/>
      </object_component>
      <object_component id="oc-67">
         <name>.text</name>
         <load_address>0x4465</load_address>
         <run_address>0x4465</run_address>
         <size>0x3c8</size>
         <input_file_ref idref="fl-2d"/>
      </object_component>
      <object_component id="oc-e8">
         <name>.text</name>
         <load_address>0x482d</load_address>
         <run_address>0x482d</run_address>
         <size>0x380</size>
         <input_file_ref idref="fl-4b"/>
      </object_component>
      <object_component id="oc-ce">
         <name>.text</name>
         <load_address>0x4bad</load_address>
         <run_address>0x4bad</run_address>
         <size>0x260</size>
         <input_file_ref idref="fl-45"/>
      </object_component>
      <object_component id="oc-91">
         <name>.text</name>
         <load_address>0x4e0d</load_address>
         <run_address>0x4e0d</run_address>
         <size>0x25e</size>
         <input_file_ref idref="fl-37"/>
      </object_component>
      <object_component id="oc-5d">
         <name>.text</name>
         <load_address>0x506b</load_address>
         <run_address>0x506b</run_address>
         <size>0x1ea</size>
         <input_file_ref idref="fl-2a"/>
      </object_component>
      <object_component id="oc-38">
         <name>.text</name>
         <load_address>0x5255</load_address>
         <run_address>0x5255</run_address>
         <size>0x158</size>
         <input_file_ref idref="fl-22"/>
      </object_component>
      <object_component id="oc-80">
         <name>.text</name>
         <load_address>0x53ad</load_address>
         <run_address>0x53ad</run_address>
         <size>0x12a</size>
         <input_file_ref idref="fl-33"/>
      </object_component>
      <object_component id="oc-19">
         <name>.text</name>
         <load_address>0x54d7</load_address>
         <run_address>0x54d7</run_address>
         <size>0xb7</size>
         <input_file_ref idref="fl-8"/>
      </object_component>
      <object_component id="oc-ca">
         <name>.text</name>
         <load_address>0x558e</load_address>
         <run_address>0x558e</run_address>
         <size>0xb4</size>
         <input_file_ref idref="fl-44"/>
      </object_component>
      <object_component id="oc-de">
         <name>.text</name>
         <load_address>0x5642</load_address>
         <run_address>0x5642</run_address>
         <size>0xad</size>
         <input_file_ref idref="fl-49"/>
      </object_component>
      <object_component id="oc-d6">
         <name>.text</name>
         <load_address>0x56ef</load_address>
         <run_address>0x56ef</run_address>
         <size>0xaa</size>
         <input_file_ref idref="fl-47"/>
      </object_component>
      <object_component id="oc-c3">
         <name>.text:CIO_breakpoint</name>
         <load_address>0x5799</load_address>
         <run_address>0x5799</run_address>
         <size>0xa8</size>
         <input_file_ref idref="fl-42"/>
      </object_component>
      <object_component id="oc-21">
         <name>.text</name>
         <load_address>0x5841</load_address>
         <run_address>0x5841</run_address>
         <size>0xa1</size>
         <input_file_ref idref="fl-a"/>
      </object_component>
      <object_component id="oc-6b">
         <name>.text</name>
         <load_address>0x58e2</load_address>
         <run_address>0x58e2</run_address>
         <size>0xa1</size>
         <input_file_ref idref="fl-2e"/>
      </object_component>
      <object_component id="oc-15">
         <name>.text</name>
         <load_address>0x5983</load_address>
         <run_address>0x5983</run_address>
         <size>0x9f</size>
         <input_file_ref idref="fl-7"/>
      </object_component>
      <object_component id="oc-1d">
         <name>.text</name>
         <load_address>0x5a22</load_address>
         <run_address>0x5a22</run_address>
         <size>0x89</size>
         <input_file_ref idref="fl-9"/>
      </object_component>
      <object_component id="oc-7c">
         <name>.text</name>
         <load_address>0x5aab</load_address>
         <run_address>0x5aab</run_address>
         <size>0x85</size>
         <input_file_ref idref="fl-32"/>
      </object_component>
      <object_component id="oc-25">
         <name>.text</name>
         <load_address>0x5b30</load_address>
         <run_address>0x5b30</run_address>
         <size>0x79</size>
         <input_file_ref idref="fl-b"/>
      </object_component>
      <object_component id="oc-85">
         <name>.text</name>
         <load_address>0x5ba9</load_address>
         <run_address>0x5ba9</run_address>
         <size>0x76</size>
         <input_file_ref idref="fl-34"/>
      </object_component>
      <object_component id="oc-89">
         <name>.text</name>
         <load_address>0x5c1f</load_address>
         <run_address>0x5c1f</run_address>
         <size>0x73</size>
         <input_file_ref idref="fl-35"/>
      </object_component>
      <object_component id="oc-9f">
         <name>.text</name>
         <load_address>0x5c92</load_address>
         <run_address>0x5c92</run_address>
         <size>0x73</size>
         <input_file_ref idref="fl-3a"/>
      </object_component>
      <object_component id="oc-b3">
         <name>.text</name>
         <load_address>0x5d05</load_address>
         <run_address>0x5d05</run_address>
         <size>0x72</size>
         <input_file_ref idref="fl-3f"/>
      </object_component>
      <object_component id="oc-73">
         <name>.text</name>
         <load_address>0x5d77</load_address>
         <run_address>0x5d77</run_address>
         <size>0x6f</size>
         <input_file_ref idref="fl-30"/>
      </object_component>
      <object_component id="oc-59">
         <name>.text</name>
         <load_address>0x5de6</load_address>
         <run_address>0x5de6</run_address>
         <size>0x6b</size>
         <input_file_ref idref="fl-29"/>
      </object_component>
      <object_component id="oc-77">
         <name>.text</name>
         <load_address>0x5e51</load_address>
         <run_address>0x5e51</run_address>
         <size>0x62</size>
         <input_file_ref idref="fl-31"/>
      </object_component>
      <object_component id="oc-ef">
         <name>.text</name>
         <load_address>0x5eb3</load_address>
         <run_address>0x5eb3</run_address>
         <size>0x61</size>
         <input_file_ref idref="fl-4c"/>
      </object_component>
      <object_component id="oc-c0">
         <name>.text</name>
         <load_address>0x5f14</load_address>
         <run_address>0x5f14</run_address>
         <size>0x61</size>
         <input_file_ref idref="fl-42"/>
      </object_component>
      <object_component id="oc-55">
         <name>.text</name>
         <load_address>0x5f75</load_address>
         <run_address>0x5f75</run_address>
         <size>0x5c</size>
         <input_file_ref idref="fl-28"/>
      </object_component>
      <object_component id="oc-c6">
         <name>.text</name>
         <load_address>0x5fd1</load_address>
         <run_address>0x5fd1</run_address>
         <size>0x2a</size>
         <input_file_ref idref="fl-43"/>
      </object_component>
      <object_component id="oc-40">
         <name>.text</name>
         <load_address>0x5ffb</load_address>
         <run_address>0x5ffb</run_address>
         <size>0x2</size>
         <input_file_ref idref="fl-24"/>
      </object_component>
      <object_component id="oc-da">
         <name>.text</name>
         <load_address>0x6000</load_address>
         <run_address>0x6000</run_address>
         <size>0x58</size>
         <input_file_ref idref="fl-48"/>
      </object_component>
      <object_component id="oc-c">
         <name>.text</name>
         <load_address>0x6058</load_address>
         <run_address>0x6058</run_address>
         <size>0x4c</size>
         <input_file_ref idref="fl-1f"/>
      </object_component>
      <object_component id="oc-3c">
         <name>.text</name>
         <load_address>0x60a4</load_address>
         <run_address>0x60a4</run_address>
         <size>0x4b</size>
         <input_file_ref idref="fl-23"/>
      </object_component>
      <object_component id="oc-af">
         <name>.text</name>
         <load_address>0x60ef</load_address>
         <run_address>0x60ef</run_address>
         <size>0x4b</size>
         <input_file_ref idref="fl-3e"/>
      </object_component>
      <object_component id="oc-d2">
         <name>.text</name>
         <load_address>0x613a</load_address>
         <run_address>0x613a</run_address>
         <size>0x48</size>
         <input_file_ref idref="fl-46"/>
      </object_component>
      <object_component id="oc-51">
         <name>.text</name>
         <load_address>0x6182</load_address>
         <run_address>0x6182</run_address>
         <size>0x40</size>
         <input_file_ref idref="fl-27"/>
      </object_component>
      <object_component id="oc-a7">
         <name>.text</name>
         <load_address>0x61c2</load_address>
         <run_address>0x61c2</run_address>
         <size>0x3f</size>
         <input_file_ref idref="fl-3c"/>
      </object_component>
      <object_component id="oc-2d">
         <name>.text</name>
         <load_address>0x6201</load_address>
         <run_address>0x6201</run_address>
         <size>0x38</size>
         <input_file_ref idref="fl-20"/>
      </object_component>
      <object_component id="oc-a3">
         <name>.text</name>
         <load_address>0x6239</load_address>
         <run_address>0x6239</run_address>
         <size>0x1f</size>
         <input_file_ref idref="fl-3b"/>
      </object_component>
      <object_component id="oc-8d">
         <name>.text</name>
         <load_address>0x6258</load_address>
         <run_address>0x6258</run_address>
         <size>0x1a</size>
         <input_file_ref idref="fl-36"/>
      </object_component>
      <object_component id="oc-b7">
         <name>.text</name>
         <load_address>0x6272</load_address>
         <run_address>0x6272</run_address>
         <size>0x14</size>
         <input_file_ref idref="fl-40"/>
      </object_component>
      <object_component id="oc-95">
         <name>.text</name>
         <load_address>0x6286</load_address>
         <run_address>0x6286</run_address>
         <size>0x13</size>
         <input_file_ref idref="fl-38"/>
      </object_component>
      <object_component id="oc-45">
         <name>.text</name>
         <load_address>0x6299</load_address>
         <run_address>0x6299</run_address>
         <size>0x10</size>
         <input_file_ref idref="fl-25"/>
      </object_component>
      <object_component id="oc-34">
         <name>.text</name>
         <load_address>0x62a9</load_address>
         <run_address>0x62a9</run_address>
         <size>0x10</size>
         <input_file_ref idref="fl-21"/>
      </object_component>
      <object_component id="oc-ab">
         <name>.text</name>
         <load_address>0x62b9</load_address>
         <run_address>0x62b9</run_address>
         <size>0x10</size>
         <input_file_ref idref="fl-3d"/>
      </object_component>
      <object_component id="oc-f3">
         <name>.text</name>
         <load_address>0x62c9</load_address>
         <run_address>0x62c9</run_address>
         <size>0xa</size>
         <input_file_ref idref="fl-4d"/>
      </object_component>
      <object_component id="oc-31">
         <name>.text:CIO_breakpoint</name>
         <load_address>0x62d3</load_address>
         <run_address>0x62d3</run_address>
         <size>0x7</size>
         <input_file_ref idref="fl-20"/>
      </object_component>
      <object_component id="oc-29">
         <name>.stack</name>
         <uninitialized>true</uninitialized>
         <run_address>0x998</run_address>
         <size>0x0</size>
         <input_file_ref idref="fl-1f"/>
      </object_component>
      <object_component id="oc-116">
         <name>.stack</name>
         <uninitialized>true</uninitialized>
         <run_address>0x998</run_address>
         <size>0x0</size>
      </object_component>
      <object_component id="oc-f7">
         <name>.sysstack</name>
         <uninitialized>true</uninitialized>
         <run_address>0xb98</run_address>
         <size>0x0</size>
         <input_file_ref idref="fl-1f"/>
      </object_component>
      <object_component id="oc-118">
         <name>.sysstack</name>
         <uninitialized>true</uninitialized>
         <run_address>0xb98</run_address>
         <size>0x0</size>
      </object_component>
      <object_component id="oc-ec">
         <name>.sysmem</name>
         <uninitialized>true</uninitialized>
         <run_address>0x8000</run_address>
         <size>0x0</size>
         <input_file_ref idref="fl-4b"/>
      </object_component>
      <object_component id="oc-117">
         <name>.sysmem</name>
         <uninitialized>true</uninitialized>
         <run_address>0x8000</run_address>
         <size>0x0</size>
      </object_component>
      <object_component id="oc-c2">
         <name>.cio</name>
         <uninitialized>true</uninitialized>
         <run_address>0x758</run_address>
         <size>0x240</size>
         <input_file_ref idref="fl-42"/>
      </object_component>
      <object_component id="oc-e">
         <name>.bss</name>
         <uninitialized>true</uninitialized>
         <run_address>0xa000</run_address>
         <size>0x21e</size>
         <input_file_ref idref="fl-2"/>
      </object_component>
      <object_component id="oc-2e">
         <name>.bss</name>
         <uninitialized>true</uninitialized>
         <run_address>0xa63c</run_address>
         <size>0x8</size>
         <input_file_ref idref="fl-20"/>
      </object_component>
      <object_component id="oc-46">
         <name>.bss</name>
         <uninitialized>true</uninitialized>
         <run_address>0xa634</run_address>
         <size>0x8</size>
         <input_file_ref idref="fl-25"/>
      </object_component>
      <object_component id="oc-63">
         <name>.bss</name>
         <uninitialized>true</uninitialized>
         <run_address>0xa21e</run_address>
         <size>0x1ba</size>
         <input_file_ref idref="fl-2c"/>
      </object_component>
      <object_component id="oc-9a">
         <name>.bss</name>
         <uninitialized>true</uninitialized>
         <run_address>0xa578</run_address>
         <size>0xba</size>
         <input_file_ref idref="fl-39"/>
      </object_component>
      <object_component id="oc-bc">
         <name>.bss</name>
         <uninitialized>true</uninitialized>
         <run_address>0xa3d8</run_address>
         <size>0x1a0</size>
         <input_file_ref idref="fl-41"/>
      </object_component>
      <object_component id="oc-e3">
         <name>.bss</name>
         <uninitialized>true</uninitialized>
         <run_address>0xa632</run_address>
         <size>0x2</size>
         <input_file_ref idref="fl-4a"/>
      </object_component>
      <object_component id="oc-e9">
         <name>.bss</name>
         <uninitialized>true</uninitialized>
         <run_address>0xa644</run_address>
         <size>0x8</size>
         <input_file_ref idref="fl-4b"/>
      </object_component>
      <object_component id="oc-101">
         <name>.const:__ctypes_</name>
         <load_address>0xc0</load_address>
         <run_address>0xc0</run_address>
         <size>0x202</size>
         <input_file_ref idref="fl-2b"/>
      </object_component>
      <object_component id="oc-4d">
         <name>.const:.string</name>
         <load_address>0x2c2</load_address>
         <run_address>0x2c2</run_address>
         <size>0x46</size>
         <input_file_ref idref="fl-26"/>
      </object_component>
      <object_component id="oc-11">
         <name>.const:.string</name>
         <load_address>0x308</load_address>
         <run_address>0x308</run_address>
         <size>0x3e</size>
         <input_file_ref idref="fl-2"/>
      </object_component>
      <object_component id="oc-f8">
         <name>.const:_$P$T0$1</name>
         <load_address>0x346</load_address>
         <run_address>0x346</run_address>
         <size>0x20</size>
         <input_file_ref idref="fl-2"/>
      </object_component>
      <object_component id="oc-fa">
         <name>.const:_$P$T2$3</name>
         <load_address>0x366</load_address>
         <run_address>0x366</run_address>
         <size>0x20</size>
         <input_file_ref idref="fl-2"/>
      </object_component>
      <object_component id="oc-fc">
         <name>.const:_$P$T4$5</name>
         <load_address>0x386</load_address>
         <run_address>0x386</run_address>
         <size>0x20</size>
         <input_file_ref idref="fl-2"/>
      </object_component>
      <object_component id="oc-fe">
         <name>.const:_$P$T6$7</name>
         <load_address>0x3a6</load_address>
         <run_address>0x3a6</run_address>
         <size>0x20</size>
         <input_file_ref idref="fl-2"/>
      </object_component>
      <object_component id="oc-100">
         <name>.const:_$P$T8$9</name>
         <load_address>0x3c6</load_address>
         <run_address>0x3c6</run_address>
         <size>0x20</size>
         <input_file_ref idref="fl-2"/>
      </object_component>
      <object_component id="oc-4e">
         <name>.const</name>
         <load_address>0x3e8</load_address>
         <run_address>0x3e8</run_address>
         <size>0x18</size>
         <input_file_ref idref="fl-26"/>
      </object_component>
      <object_component id="oc-fb">
         <name>.const:_$P$T3$4</name>
         <load_address>0x400</load_address>
         <run_address>0x400</run_address>
         <size>0x14</size>
         <input_file_ref idref="fl-2"/>
      </object_component>
      <object_component id="oc-fd">
         <name>.const:_$P$T5$6</name>
         <load_address>0x414</load_address>
         <run_address>0x414</run_address>
         <size>0x14</size>
         <input_file_ref idref="fl-2"/>
      </object_component>
      <object_component id="oc-ff">
         <name>.const:_$P$T7$8</name>
         <load_address>0x428</load_address>
         <run_address>0x428</run_address>
         <size>0x14</size>
         <input_file_ref idref="fl-2"/>
      </object_component>
      <object_component id="oc-102">
         <name>.const:_initial_approx$1</name>
         <load_address>0x43c</load_address>
         <run_address>0x43c</run_address>
         <size>0x10</size>
         <input_file_ref idref="fl-2d"/>
      </object_component>
      <object_component id="oc-f9">
         <name>.const:_$P$T1$2</name>
         <load_address>0x44c</load_address>
         <run_address>0x44c</run_address>
         <size>0x8</size>
         <input_file_ref idref="fl-2"/>
      </object_component>
      <object_component id="oc-82">
         <name>.const:.string</name>
         <load_address>0x454</load_address>
         <run_address>0x454</run_address>
         <size>0x4</size>
         <input_file_ref idref="fl-33"/>
      </object_component>
      <object_component id="oc-79">
         <name>.const</name>
         <load_address>0x458</load_address>
         <run_address>0x458</run_address>
         <size>0x4</size>
         <input_file_ref idref="fl-31"/>
      </object_component>
      <object_component id="oc-f">
         <name>.debug_info</name>
         <load_address>0x0</load_address>
         <run_address>0x0</run_address>
         <size>0x18bf</size>
         <input_file_ref idref="fl-2"/>
      </object_component>
      <object_component id="oc-16">
         <name>.debug_info</name>
         <load_address>0x18bf</load_address>
         <run_address>0x18bf</run_address>
         <size>0x9d</size>
         <input_file_ref idref="fl-7"/>
      </object_component>
      <object_component id="oc-1a">
         <name>.debug_info</name>
         <load_address>0x195c</load_address>
         <run_address>0x195c</run_address>
         <size>0x9e</size>
         <input_file_ref idref="fl-8"/>
      </object_component>
      <object_component id="oc-1e">
         <name>.debug_info</name>
         <load_address>0x19fa</load_address>
         <run_address>0x19fa</run_address>
         <size>0x9e</size>
         <input_file_ref idref="fl-9"/>
      </object_component>
      <object_component id="oc-22">
         <name>.debug_info</name>
         <load_address>0x1a98</load_address>
         <run_address>0x1a98</run_address>
         <size>0xa0</size>
         <input_file_ref idref="fl-a"/>
      </object_component>
      <object_component id="oc-26">
         <name>.debug_info</name>
         <load_address>0x1b38</load_address>
         <run_address>0x1b38</run_address>
         <size>0x9d</size>
         <input_file_ref idref="fl-b"/>
      </object_component>
      <object_component id="oc-2a">
         <name>.debug_info</name>
         <load_address>0x1bd5</load_address>
         <run_address>0x1bd5</run_address>
         <size>0xe8</size>
         <input_file_ref idref="fl-1f"/>
      </object_component>
      <object_component id="oc-2f">
         <name>.debug_info</name>
         <load_address>0x1cbd</load_address>
         <run_address>0x1cbd</run_address>
         <size>0x5fb</size>
         <input_file_ref idref="fl-20"/>
      </object_component>
      <object_component id="oc-35">
         <name>.debug_info</name>
         <load_address>0x22b8</load_address>
         <run_address>0x22b8</run_address>
         <size>0x59d</size>
         <input_file_ref idref="fl-21"/>
      </object_component>
      <object_component id="oc-39">
         <name>.debug_info</name>
         <load_address>0x2855</load_address>
         <run_address>0x2855</run_address>
         <size>0x55b</size>
         <input_file_ref idref="fl-22"/>
      </object_component>
      <object_component id="oc-3d">
         <name>.debug_info</name>
         <load_address>0x2db0</load_address>
         <run_address>0x2db0</run_address>
         <size>0x767</size>
         <input_file_ref idref="fl-23"/>
      </object_component>
      <object_component id="oc-42">
         <name>.debug_info</name>
         <load_address>0x3517</load_address>
         <run_address>0x3517</run_address>
         <size>0xbc</size>
         <input_file_ref idref="fl-24"/>
      </object_component>
      <object_component id="oc-47">
         <name>.debug_info</name>
         <load_address>0x35d3</load_address>
         <run_address>0x35d3</run_address>
         <size>0x5bc</size>
         <input_file_ref idref="fl-25"/>
      </object_component>
      <object_component id="oc-4c">
         <name>.debug_info</name>
         <load_address>0x3b8f</load_address>
         <run_address>0x3b8f</run_address>
         <size>0x27a1</size>
         <input_file_ref idref="fl-26"/>
      </object_component>
      <object_component id="oc-52">
         <name>.debug_info</name>
         <load_address>0x6330</load_address>
         <run_address>0x6330</run_address>
         <size>0x586</size>
         <input_file_ref idref="fl-27"/>
      </object_component>
      <object_component id="oc-56">
         <name>.debug_info</name>
         <load_address>0x68b6</load_address>
         <run_address>0x68b6</run_address>
         <size>0x59a</size>
         <input_file_ref idref="fl-28"/>
      </object_component>
      <object_component id="oc-5a">
         <name>.debug_info</name>
         <load_address>0x6e50</load_address>
         <run_address>0x6e50</run_address>
         <size>0xcd</size>
         <input_file_ref idref="fl-29"/>
      </object_component>
      <object_component id="oc-5e">
         <name>.debug_info</name>
         <load_address>0x6f1d</load_address>
         <run_address>0x6f1d</run_address>
         <size>0x81f</size>
         <input_file_ref idref="fl-2a"/>
      </object_component>
      <object_component id="oc-61">
         <name>.debug_info</name>
         <load_address>0x773c</load_address>
         <run_address>0x773c</run_address>
         <size>0x493</size>
         <input_file_ref idref="fl-2b"/>
      </object_component>
      <object_component id="oc-64">
         <name>.debug_info</name>
         <load_address>0x7bcf</load_address>
         <run_address>0x7bcf</run_address>
         <size>0x57e</size>
         <input_file_ref idref="fl-2c"/>
      </object_component>
      <object_component id="oc-68">
         <name>.debug_info</name>
         <load_address>0x814d</load_address>
         <run_address>0x814d</run_address>
         <size>0x7e8</size>
         <input_file_ref idref="fl-2d"/>
      </object_component>
      <object_component id="oc-6c">
         <name>.debug_info</name>
         <load_address>0x8935</load_address>
         <run_address>0x8935</run_address>
         <size>0x534</size>
         <input_file_ref idref="fl-2e"/>
      </object_component>
      <object_component id="oc-70">
         <name>.debug_info</name>
         <load_address>0x8e69</load_address>
         <run_address>0x8e69</run_address>
         <size>0x4cf</size>
         <input_file_ref idref="fl-2f"/>
      </object_component>
      <object_component id="oc-74">
         <name>.debug_info</name>
         <load_address>0x9338</load_address>
         <run_address>0x9338</run_address>
         <size>0x534</size>
         <input_file_ref idref="fl-30"/>
      </object_component>
      <object_component id="oc-78">
         <name>.debug_info</name>
         <load_address>0x986c</load_address>
         <run_address>0x986c</run_address>
         <size>0x549</size>
         <input_file_ref idref="fl-31"/>
      </object_component>
      <object_component id="oc-7d">
         <name>.debug_info</name>
         <load_address>0x9db5</load_address>
         <run_address>0x9db5</run_address>
         <size>0x6a5</size>
         <input_file_ref idref="fl-32"/>
      </object_component>
      <object_component id="oc-81">
         <name>.debug_info</name>
         <load_address>0xa45a</load_address>
         <run_address>0xa45a</run_address>
         <size>0x938</size>
         <input_file_ref idref="fl-33"/>
      </object_component>
      <object_component id="oc-86">
         <name>.debug_info</name>
         <load_address>0xad92</load_address>
         <run_address>0xad92</run_address>
         <size>0x4d2</size>
         <input_file_ref idref="fl-34"/>
      </object_component>
      <object_component id="oc-8a">
         <name>.debug_info</name>
         <load_address>0xb264</load_address>
         <run_address>0xb264</run_address>
         <size>0x53e</size>
         <input_file_ref idref="fl-35"/>
      </object_component>
      <object_component id="oc-8e">
         <name>.debug_info</name>
         <load_address>0xb7a2</load_address>
         <run_address>0xb7a2</run_address>
         <size>0x680</size>
         <input_file_ref idref="fl-36"/>
      </object_component>
      <object_component id="oc-92">
         <name>.debug_info</name>
         <load_address>0xbe22</load_address>
         <run_address>0xbe22</run_address>
         <size>0x7d4</size>
         <input_file_ref idref="fl-37"/>
      </object_component>
      <object_component id="oc-96">
         <name>.debug_info</name>
         <load_address>0xc5f6</load_address>
         <run_address>0xc5f6</run_address>
         <size>0xbd</size>
         <input_file_ref idref="fl-38"/>
      </object_component>
      <object_component id="oc-9b">
         <name>.debug_info</name>
         <load_address>0xc6b3</load_address>
         <run_address>0xc6b3</run_address>
         <size>0x1446</size>
         <input_file_ref idref="fl-39"/>
      </object_component>
      <object_component id="oc-a0">
         <name>.debug_info</name>
         <load_address>0xdaf9</load_address>
         <run_address>0xdaf9</run_address>
         <size>0x5a8</size>
         <input_file_ref idref="fl-3a"/>
      </object_component>
      <object_component id="oc-a4">
         <name>.debug_info</name>
         <load_address>0xe0a1</load_address>
         <run_address>0xe0a1</run_address>
         <size>0x56f</size>
         <input_file_ref idref="fl-3b"/>
      </object_component>
      <object_component id="oc-a8">
         <name>.debug_info</name>
         <load_address>0xe610</load_address>
         <run_address>0xe610</run_address>
         <size>0xd1</size>
         <input_file_ref idref="fl-3c"/>
      </object_component>
      <object_component id="oc-ac">
         <name>.debug_info</name>
         <load_address>0xe6e1</load_address>
         <run_address>0xe6e1</run_address>
         <size>0x4b7</size>
         <input_file_ref idref="fl-3d"/>
      </object_component>
      <object_component id="oc-b0">
         <name>.debug_info</name>
         <load_address>0xeb98</load_address>
         <run_address>0xeb98</run_address>
         <size>0x4f2</size>
         <input_file_ref idref="fl-3e"/>
      </object_component>
      <object_component id="oc-b4">
         <name>.debug_info</name>
         <load_address>0xf08a</load_address>
         <run_address>0xf08a</run_address>
         <size>0x534</size>
         <input_file_ref idref="fl-3f"/>
      </object_component>
      <object_component id="oc-b8">
         <name>.debug_info</name>
         <load_address>0xf5be</load_address>
         <run_address>0xf5be</run_address>
         <size>0x4de</size>
         <input_file_ref idref="fl-40"/>
      </object_component>
      <object_component id="oc-bd">
         <name>.debug_info</name>
         <load_address>0xfa9c</load_address>
         <run_address>0xfa9c</run_address>
         <size>0xeca</size>
         <input_file_ref idref="fl-41"/>
      </object_component>
      <object_component id="oc-c1">
         <name>.debug_info</name>
         <load_address>0x10966</load_address>
         <run_address>0x10966</run_address>
         <size>0x735</size>
         <input_file_ref idref="fl-42"/>
      </object_component>
      <object_component id="oc-c7">
         <name>.debug_info</name>
         <load_address>0x1109b</load_address>
         <run_address>0x1109b</run_address>
         <size>0xef</size>
         <input_file_ref idref="fl-43"/>
      </object_component>
      <object_component id="oc-cb">
         <name>.debug_info</name>
         <load_address>0x1118a</load_address>
         <run_address>0x1118a</run_address>
         <size>0x662</size>
         <input_file_ref idref="fl-44"/>
      </object_component>
      <object_component id="oc-cf">
         <name>.debug_info</name>
         <load_address>0x117ec</load_address>
         <run_address>0x117ec</run_address>
         <size>0x5ab</size>
         <input_file_ref idref="fl-45"/>
      </object_component>
      <object_component id="oc-d3">
         <name>.debug_info</name>
         <load_address>0x11d97</load_address>
         <run_address>0x11d97</run_address>
         <size>0x4f2</size>
         <input_file_ref idref="fl-46"/>
      </object_component>
      <object_component id="oc-d7">
         <name>.debug_info</name>
         <load_address>0x12289</load_address>
         <run_address>0x12289</run_address>
         <size>0x701</size>
         <input_file_ref idref="fl-47"/>
      </object_component>
      <object_component id="oc-db">
         <name>.debug_info</name>
         <load_address>0x1298a</load_address>
         <run_address>0x1298a</run_address>
         <size>0x5f7</size>
         <input_file_ref idref="fl-48"/>
      </object_component>
      <object_component id="oc-df">
         <name>.debug_info</name>
         <load_address>0x12f81</load_address>
         <run_address>0x12f81</run_address>
         <size>0x64a</size>
         <input_file_ref idref="fl-49"/>
      </object_component>
      <object_component id="oc-e4">
         <name>.debug_info</name>
         <load_address>0x135cb</load_address>
         <run_address>0x135cb</run_address>
         <size>0xa17</size>
         <input_file_ref idref="fl-4a"/>
      </object_component>
      <object_component id="oc-ea">
         <name>.debug_info</name>
         <load_address>0x13fe2</load_address>
         <run_address>0x13fe2</run_address>
         <size>0xb92</size>
         <input_file_ref idref="fl-4b"/>
      </object_component>
      <object_component id="oc-f0">
         <name>.debug_info</name>
         <load_address>0x14b74</load_address>
         <run_address>0x14b74</run_address>
         <size>0x64a</size>
         <input_file_ref idref="fl-4c"/>
      </object_component>
      <object_component id="oc-f4">
         <name>.debug_info</name>
         <load_address>0x151be</load_address>
         <run_address>0x151be</run_address>
         <size>0x50b</size>
         <input_file_ref idref="fl-4d"/>
      </object_component>
      <object_component id="oc-11f">
         <name>.debug_info</name>
         <load_address>0x156c9</load_address>
         <run_address>0x156c9</run_address>
         <size>0x6e</size>
      </object_component>
      <object_component id="oc-12">
         <name>.debug_frame</name>
         <load_address>0x0</load_address>
         <run_address>0x0</run_address>
         <size>0x20d</size>
         <input_file_ref idref="fl-2"/>
      </object_component>
      <object_component id="oc-13">
         <name>.debug_line</name>
         <load_address>0x0</load_address>
         <run_address>0x0</run_address>
         <size>0x284</size>
         <input_file_ref idref="fl-2"/>
      </object_component>
      <object_component id="oc-17">
         <name>.debug_line</name>
         <load_address>0x284</load_address>
         <run_address>0x284</run_address>
         <size>0x6e</size>
         <input_file_ref idref="fl-7"/>
      </object_component>
      <object_component id="oc-1b">
         <name>.debug_line</name>
         <load_address>0x2f2</load_address>
         <run_address>0x2f2</run_address>
         <size>0x7e</size>
         <input_file_ref idref="fl-8"/>
      </object_component>
      <object_component id="oc-1f">
         <name>.debug_line</name>
         <load_address>0x370</load_address>
         <run_address>0x370</run_address>
         <size>0x6c</size>
         <input_file_ref idref="fl-9"/>
      </object_component>
      <object_component id="oc-23">
         <name>.debug_line</name>
         <load_address>0x3dc</load_address>
         <run_address>0x3dc</run_address>
         <size>0x74</size>
         <input_file_ref idref="fl-a"/>
      </object_component>
      <object_component id="oc-27">
         <name>.debug_line</name>
         <load_address>0x450</load_address>
         <run_address>0x450</run_address>
         <size>0x5e</size>
         <input_file_ref idref="fl-b"/>
      </object_component>
      <object_component id="oc-2b">
         <name>.debug_line</name>
         <load_address>0x4ae</load_address>
         <run_address>0x4ae</run_address>
         <size>0x57</size>
         <input_file_ref idref="fl-1f"/>
      </object_component>
      <object_component id="oc-32">
         <name>.debug_line</name>
         <load_address>0x505</load_address>
         <run_address>0x505</run_address>
         <size>0x51</size>
         <input_file_ref idref="fl-20"/>
      </object_component>
      <object_component id="oc-36">
         <name>.debug_line</name>
         <load_address>0x556</load_address>
         <run_address>0x556</run_address>
         <size>0x52</size>
         <input_file_ref idref="fl-21"/>
      </object_component>
      <object_component id="oc-3a">
         <name>.debug_line</name>
         <load_address>0x5a8</load_address>
         <run_address>0x5a8</run_address>
         <size>0x3c</size>
         <input_file_ref idref="fl-22"/>
      </object_component>
      <object_component id="oc-3e">
         <name>.debug_line</name>
         <load_address>0x5e4</load_address>
         <run_address>0x5e4</run_address>
         <size>0x69</size>
         <input_file_ref idref="fl-23"/>
      </object_component>
      <object_component id="oc-43">
         <name>.debug_line</name>
         <load_address>0x64d</load_address>
         <run_address>0x64d</run_address>
         <size>0x37</size>
         <input_file_ref idref="fl-24"/>
      </object_component>
      <object_component id="oc-49">
         <name>.debug_line</name>
         <load_address>0x684</load_address>
         <run_address>0x684</run_address>
         <size>0x5b</size>
         <input_file_ref idref="fl-25"/>
      </object_component>
      <object_component id="oc-4f">
         <name>.debug_line</name>
         <load_address>0x6df</load_address>
         <run_address>0x6df</run_address>
         <size>0x325</size>
         <input_file_ref idref="fl-26"/>
      </object_component>
      <object_component id="oc-53">
         <name>.debug_line</name>
         <load_address>0xa04</load_address>
         <run_address>0xa04</run_address>
         <size>0x41</size>
         <input_file_ref idref="fl-27"/>
      </object_component>
      <object_component id="oc-57">
         <name>.debug_line</name>
         <load_address>0xa45</load_address>
         <run_address>0xa45</run_address>
         <size>0x46</size>
         <input_file_ref idref="fl-28"/>
      </object_component>
      <object_component id="oc-5b">
         <name>.debug_line</name>
         <load_address>0xa8b</load_address>
         <run_address>0xa8b</run_address>
         <size>0x5e</size>
         <input_file_ref idref="fl-29"/>
      </object_component>
      <object_component id="oc-5f">
         <name>.debug_line</name>
         <load_address>0xae9</load_address>
         <run_address>0xae9</run_address>
         <size>0xad</size>
         <input_file_ref idref="fl-2a"/>
      </object_component>
      <object_component id="oc-69">
         <name>.debug_line</name>
         <load_address>0xb96</load_address>
         <run_address>0xb96</run_address>
         <size>0x5b</size>
         <input_file_ref idref="fl-2d"/>
      </object_component>
      <object_component id="oc-6d">
         <name>.debug_line</name>
         <load_address>0xbf1</load_address>
         <run_address>0xbf1</run_address>
         <size>0x44</size>
         <input_file_ref idref="fl-2e"/>
      </object_component>
      <object_component id="oc-71">
         <name>.debug_line</name>
         <load_address>0xc35</load_address>
         <run_address>0xc35</run_address>
         <size>0x3d</size>
         <input_file_ref idref="fl-2f"/>
      </object_component>
      <object_component id="oc-75">
         <name>.debug_line</name>
         <load_address>0xc72</load_address>
         <run_address>0xc72</run_address>
         <size>0x3d</size>
         <input_file_ref idref="fl-30"/>
      </object_component>
      <object_component id="oc-7a">
         <name>.debug_line</name>
         <load_address>0xcaf</load_address>
         <run_address>0xcaf</run_address>
         <size>0x44</size>
         <input_file_ref idref="fl-31"/>
      </object_component>
      <object_component id="oc-7e">
         <name>.debug_line</name>
         <load_address>0xcf3</load_address>
         <run_address>0xcf3</run_address>
         <size>0x55</size>
         <input_file_ref idref="fl-32"/>
      </object_component>
      <object_component id="oc-83">
         <name>.debug_line</name>
         <load_address>0xd48</load_address>
         <run_address>0xd48</run_address>
         <size>0xa8</size>
         <input_file_ref idref="fl-33"/>
      </object_component>
      <object_component id="oc-87">
         <name>.debug_line</name>
         <load_address>0xdf0</load_address>
         <run_address>0xdf0</run_address>
         <size>0x3a</size>
         <input_file_ref idref="fl-34"/>
      </object_component>
      <object_component id="oc-8b">
         <name>.debug_line</name>
         <load_address>0xe2a</load_address>
         <run_address>0xe2a</run_address>
         <size>0x40</size>
         <input_file_ref idref="fl-35"/>
      </object_component>
      <object_component id="oc-8f">
         <name>.debug_line</name>
         <load_address>0xe6a</load_address>
         <run_address>0xe6a</run_address>
         <size>0x38</size>
         <input_file_ref idref="fl-36"/>
      </object_component>
      <object_component id="oc-93">
         <name>.debug_line</name>
         <load_address>0xea2</load_address>
         <run_address>0xea2</run_address>
         <size>0xa8</size>
         <input_file_ref idref="fl-37"/>
      </object_component>
      <object_component id="oc-97">
         <name>.debug_line</name>
         <load_address>0xf4a</load_address>
         <run_address>0xf4a</run_address>
         <size>0x3c</size>
         <input_file_ref idref="fl-38"/>
      </object_component>
      <object_component id="oc-9d">
         <name>.debug_line</name>
         <load_address>0xf86</load_address>
         <run_address>0xf86</run_address>
         <size>0x1af</size>
         <input_file_ref idref="fl-39"/>
      </object_component>
      <object_component id="oc-a1">
         <name>.debug_line</name>
         <load_address>0x1135</load_address>
         <run_address>0x1135</run_address>
         <size>0x40</size>
         <input_file_ref idref="fl-3a"/>
      </object_component>
      <object_component id="oc-a5">
         <name>.debug_line</name>
         <load_address>0x1175</load_address>
         <run_address>0x1175</run_address>
         <size>0x3a</size>
         <input_file_ref idref="fl-3b"/>
      </object_component>
      <object_component id="oc-a9">
         <name>.debug_line</name>
         <load_address>0x11af</load_address>
         <run_address>0x11af</run_address>
         <size>0x4d</size>
         <input_file_ref idref="fl-3c"/>
      </object_component>
      <object_component id="oc-ad">
         <name>.debug_line</name>
         <load_address>0x11fc</load_address>
         <run_address>0x11fc</run_address>
         <size>0x37</size>
         <input_file_ref idref="fl-3d"/>
      </object_component>
      <object_component id="oc-b1">
         <name>.debug_line</name>
         <load_address>0x1233</load_address>
         <run_address>0x1233</run_address>
         <size>0x3c</size>
         <input_file_ref idref="fl-3e"/>
      </object_component>
      <object_component id="oc-b5">
         <name>.debug_line</name>
         <load_address>0x126f</load_address>
         <run_address>0x126f</run_address>
         <size>0x44</size>
         <input_file_ref idref="fl-3f"/>
      </object_component>
      <object_component id="oc-b9">
         <name>.debug_line</name>
         <load_address>0x12b3</load_address>
         <run_address>0x12b3</run_address>
         <size>0x37</size>
         <input_file_ref idref="fl-40"/>
      </object_component>
      <object_component id="oc-be">
         <name>.debug_line</name>
         <load_address>0x12ea</load_address>
         <run_address>0x12ea</run_address>
         <size>0x15b</size>
         <input_file_ref idref="fl-41"/>
      </object_component>
      <object_component id="oc-c4">
         <name>.debug_line</name>
         <load_address>0x1445</load_address>
         <run_address>0x1445</run_address>
         <size>0x6a</size>
         <input_file_ref idref="fl-42"/>
      </object_component>
      <object_component id="oc-c8">
         <name>.debug_line</name>
         <load_address>0x14af</load_address>
         <run_address>0x14af</run_address>
         <size>0x58</size>
         <input_file_ref idref="fl-43"/>
      </object_component>
      <object_component id="oc-cc">
         <name>.debug_line</name>
         <load_address>0x1507</load_address>
         <run_address>0x1507</run_address>
         <size>0x57</size>
         <input_file_ref idref="fl-44"/>
      </object_component>
      <object_component id="oc-d0">
         <name>.debug_line</name>
         <load_address>0x155e</load_address>
         <run_address>0x155e</run_address>
         <size>0x5c</size>
         <input_file_ref idref="fl-45"/>
      </object_component>
      <object_component id="oc-d4">
         <name>.debug_line</name>
         <load_address>0x15ba</load_address>
         <run_address>0x15ba</run_address>
         <size>0x3c</size>
         <input_file_ref idref="fl-46"/>
      </object_component>
      <object_component id="oc-d8">
         <name>.debug_line</name>
         <load_address>0x15f6</load_address>
         <run_address>0x15f6</run_address>
         <size>0x5b</size>
         <input_file_ref idref="fl-47"/>
      </object_component>
      <object_component id="oc-dc">
         <name>.debug_line</name>
         <load_address>0x1651</load_address>
         <run_address>0x1651</run_address>
         <size>0x3c</size>
         <input_file_ref idref="fl-48"/>
      </object_component>
      <object_component id="oc-e0">
         <name>.debug_line</name>
         <load_address>0x168d</load_address>
         <run_address>0x168d</run_address>
         <size>0x40</size>
         <input_file_ref idref="fl-49"/>
      </object_component>
      <object_component id="oc-e6">
         <name>.debug_line</name>
         <load_address>0x16cd</load_address>
         <run_address>0x16cd</run_address>
         <size>0xd7</size>
         <input_file_ref idref="fl-4a"/>
      </object_component>
      <object_component id="oc-ed">
         <name>.debug_line</name>
         <load_address>0x17a4</load_address>
         <run_address>0x17a4</run_address>
         <size>0x10f</size>
         <input_file_ref idref="fl-4b"/>
      </object_component>
      <object_component id="oc-f1">
         <name>.debug_line</name>
         <load_address>0x18b3</load_address>
         <run_address>0x18b3</run_address>
         <size>0x3d</size>
         <input_file_ref idref="fl-4c"/>
      </object_component>
      <object_component id="oc-f5">
         <name>.debug_line</name>
         <load_address>0x18f0</load_address>
         <run_address>0x18f0</run_address>
         <size>0x39</size>
         <input_file_ref idref="fl-4d"/>
      </object_component>
      <object_component id="oc-14">
         <name>.debug_abbrev</name>
         <load_address>0x0</load_address>
         <run_address>0x0</run_address>
         <size>0x1c8</size>
         <input_file_ref idref="fl-2"/>
      </object_component>
      <object_component id="oc-18">
         <name>.debug_abbrev</name>
         <load_address>0x1c8</load_address>
         <run_address>0x1c8</run_address>
         <size>0x2a</size>
         <input_file_ref idref="fl-7"/>
      </object_component>
      <object_component id="oc-1c">
         <name>.debug_abbrev</name>
         <load_address>0x1f2</load_address>
         <run_address>0x1f2</run_address>
         <size>0x2a</size>
         <input_file_ref idref="fl-8"/>
      </object_component>
      <object_component id="oc-20">
         <name>.debug_abbrev</name>
         <load_address>0x21c</load_address>
         <run_address>0x21c</run_address>
         <size>0x2a</size>
         <input_file_ref idref="fl-9"/>
      </object_component>
      <object_component id="oc-24">
         <name>.debug_abbrev</name>
         <load_address>0x246</load_address>
         <run_address>0x246</run_address>
         <size>0x2a</size>
         <input_file_ref idref="fl-a"/>
      </object_component>
      <object_component id="oc-28">
         <name>.debug_abbrev</name>
         <load_address>0x270</load_address>
         <run_address>0x270</run_address>
         <size>0x2a</size>
         <input_file_ref idref="fl-b"/>
      </object_component>
      <object_component id="oc-2c">
         <name>.debug_abbrev</name>
         <load_address>0x29a</load_address>
         <run_address>0x29a</run_address>
         <size>0x3a</size>
         <input_file_ref idref="fl-1f"/>
      </object_component>
      <object_component id="oc-33">
         <name>.debug_abbrev</name>
         <load_address>0x2d4</load_address>
         <run_address>0x2d4</run_address>
         <size>0xf7</size>
         <input_file_ref idref="fl-20"/>
      </object_component>
      <object_component id="oc-37">
         <name>.debug_abbrev</name>
         <load_address>0x3cb</load_address>
         <run_address>0x3cb</run_address>
         <size>0xb0</size>
         <input_file_ref idref="fl-21"/>
      </object_component>
      <object_component id="oc-3b">
         <name>.debug_abbrev</name>
         <load_address>0x47b</load_address>
         <run_address>0x47b</run_address>
         <size>0xdc</size>
         <input_file_ref idref="fl-22"/>
      </object_component>
      <object_component id="oc-3f">
         <name>.debug_abbrev</name>
         <load_address>0x557</load_address>
         <run_address>0x557</run_address>
         <size>0x13c</size>
         <input_file_ref idref="fl-23"/>
      </object_component>
      <object_component id="oc-44">
         <name>.debug_abbrev</name>
         <load_address>0x693</load_address>
         <run_address>0x693</run_address>
         <size>0x26</size>
         <input_file_ref idref="fl-24"/>
      </object_component>
      <object_component id="oc-4a">
         <name>.debug_abbrev</name>
         <load_address>0x6b9</load_address>
         <run_address>0x6b9</run_address>
         <size>0x9f</size>
         <input_file_ref idref="fl-25"/>
      </object_component>
      <object_component id="oc-50">
         <name>.debug_abbrev</name>
         <load_address>0x758</load_address>
         <run_address>0x758</run_address>
         <size>0x1ef</size>
         <input_file_ref idref="fl-26"/>
      </object_component>
      <object_component id="oc-54">
         <name>.debug_abbrev</name>
         <load_address>0x947</load_address>
         <run_address>0x947</run_address>
         <size>0xec</size>
         <input_file_ref idref="fl-27"/>
      </object_component>
      <object_component id="oc-58">
         <name>.debug_abbrev</name>
         <load_address>0xa33</load_address>
         <run_address>0xa33</run_address>
         <size>0xcc</size>
         <input_file_ref idref="fl-28"/>
      </object_component>
      <object_component id="oc-5c">
         <name>.debug_abbrev</name>
         <load_address>0xaff</load_address>
         <run_address>0xaff</run_address>
         <size>0x44</size>
         <input_file_ref idref="fl-29"/>
      </object_component>
      <object_component id="oc-60">
         <name>.debug_abbrev</name>
         <load_address>0xb43</load_address>
         <run_address>0xb43</run_address>
         <size>0xb7</size>
         <input_file_ref idref="fl-2a"/>
      </object_component>
      <object_component id="oc-62">
         <name>.debug_abbrev</name>
         <load_address>0xbfa</load_address>
         <run_address>0xbfa</run_address>
         <size>0x5f</size>
         <input_file_ref idref="fl-2b"/>
      </object_component>
      <object_component id="oc-66">
         <name>.debug_abbrev</name>
         <load_address>0xc59</load_address>
         <run_address>0xc59</run_address>
         <size>0x83</size>
         <input_file_ref idref="fl-2c"/>
      </object_component>
      <object_component id="oc-6a">
         <name>.debug_abbrev</name>
         <load_address>0xcdc</load_address>
         <run_address>0xcdc</run_address>
         <size>0x112</size>
         <input_file_ref idref="fl-2d"/>
      </object_component>
      <object_component id="oc-6e">
         <name>.debug_abbrev</name>
         <load_address>0xdee</load_address>
         <run_address>0xdee</run_address>
         <size>0xb5</size>
         <input_file_ref idref="fl-2e"/>
      </object_component>
      <object_component id="oc-72">
         <name>.debug_abbrev</name>
         <load_address>0xea3</load_address>
         <run_address>0xea3</run_address>
         <size>0x8f</size>
         <input_file_ref idref="fl-2f"/>
      </object_component>
      <object_component id="oc-76">
         <name>.debug_abbrev</name>
         <load_address>0xf32</load_address>
         <run_address>0xf32</run_address>
         <size>0xb7</size>
         <input_file_ref idref="fl-30"/>
      </object_component>
      <object_component id="oc-7b">
         <name>.debug_abbrev</name>
         <load_address>0xfe9</load_address>
         <run_address>0xfe9</run_address>
         <size>0xc2</size>
         <input_file_ref idref="fl-31"/>
      </object_component>
      <object_component id="oc-7f">
         <name>.debug_abbrev</name>
         <load_address>0x10ab</load_address>
         <run_address>0x10ab</run_address>
         <size>0xfa</size>
         <input_file_ref idref="fl-32"/>
      </object_component>
      <object_component id="oc-84">
         <name>.debug_abbrev</name>
         <load_address>0x11a5</load_address>
         <run_address>0x11a5</run_address>
         <size>0x135</size>
         <input_file_ref idref="fl-33"/>
      </object_component>
      <object_component id="oc-88">
         <name>.debug_abbrev</name>
         <load_address>0x12da</load_address>
         <run_address>0x12da</run_address>
         <size>0x81</size>
         <input_file_ref idref="fl-34"/>
      </object_component>
      <object_component id="oc-8c">
         <name>.debug_abbrev</name>
         <load_address>0x135b</load_address>
         <run_address>0x135b</run_address>
         <size>0x9a</size>
         <input_file_ref idref="fl-35"/>
      </object_component>
      <object_component id="oc-90">
         <name>.debug_abbrev</name>
         <load_address>0x13f5</load_address>
         <run_address>0x13f5</run_address>
         <size>0xd0</size>
         <input_file_ref idref="fl-36"/>
      </object_component>
      <object_component id="oc-94">
         <name>.debug_abbrev</name>
         <load_address>0x14c5</load_address>
         <run_address>0x14c5</run_address>
         <size>0xb7</size>
         <input_file_ref idref="fl-37"/>
      </object_component>
      <object_component id="oc-98">
         <name>.debug_abbrev</name>
         <load_address>0x157c</load_address>
         <run_address>0x157c</run_address>
         <size>0x38</size>
         <input_file_ref idref="fl-38"/>
      </object_component>
      <object_component id="oc-9e">
         <name>.debug_abbrev</name>
         <load_address>0x15b4</load_address>
         <run_address>0x15b4</run_address>
         <size>0x21c</size>
         <input_file_ref idref="fl-39"/>
      </object_component>
      <object_component id="oc-a2">
         <name>.debug_abbrev</name>
         <load_address>0x17d0</load_address>
         <run_address>0x17d0</run_address>
         <size>0xe3</size>
         <input_file_ref idref="fl-3a"/>
      </object_component>
      <object_component id="oc-a6">
         <name>.debug_abbrev</name>
         <load_address>0x18b3</load_address>
         <run_address>0x18b3</run_address>
         <size>0xae</size>
         <input_file_ref idref="fl-3b"/>
      </object_component>
      <object_component id="oc-aa">
         <name>.debug_abbrev</name>
         <load_address>0x1961</load_address>
         <run_address>0x1961</run_address>
         <size>0x38</size>
         <input_file_ref idref="fl-3c"/>
      </object_component>
      <object_component id="oc-ae">
         <name>.debug_abbrev</name>
         <load_address>0x1999</load_address>
         <run_address>0x1999</run_address>
         <size>0x81</size>
         <input_file_ref idref="fl-3d"/>
      </object_component>
      <object_component id="oc-b2">
         <name>.debug_abbrev</name>
         <load_address>0x1a1a</load_address>
         <run_address>0x1a1a</run_address>
         <size>0xa6</size>
         <input_file_ref idref="fl-3e"/>
      </object_component>
      <object_component id="oc-b6">
         <name>.debug_abbrev</name>
         <load_address>0x1ac0</load_address>
         <run_address>0x1ac0</run_address>
         <size>0xb5</size>
         <input_file_ref idref="fl-3f"/>
      </object_component>
      <object_component id="oc-ba">
         <name>.debug_abbrev</name>
         <load_address>0x1b75</load_address>
         <run_address>0x1b75</run_address>
         <size>0x8f</size>
         <input_file_ref idref="fl-40"/>
      </object_component>
      <object_component id="oc-bf">
         <name>.debug_abbrev</name>
         <load_address>0x1c04</load_address>
         <run_address>0x1c04</run_address>
         <size>0x151</size>
         <input_file_ref idref="fl-41"/>
      </object_component>
      <object_component id="oc-c5">
         <name>.debug_abbrev</name>
         <load_address>0x1d55</load_address>
         <run_address>0x1d55</run_address>
         <size>0xd5</size>
         <input_file_ref idref="fl-42"/>
      </object_component>
      <object_component id="oc-c9">
         <name>.debug_abbrev</name>
         <load_address>0x1e2a</load_address>
         <run_address>0x1e2a</run_address>
         <size>0x38</size>
         <input_file_ref idref="fl-43"/>
      </object_component>
      <object_component id="oc-cd">
         <name>.debug_abbrev</name>
         <load_address>0x1e62</load_address>
         <run_address>0x1e62</run_address>
         <size>0xd1</size>
         <input_file_ref idref="fl-44"/>
      </object_component>
      <object_component id="oc-d1">
         <name>.debug_abbrev</name>
         <load_address>0x1f33</load_address>
         <run_address>0x1f33</run_address>
         <size>0xd4</size>
         <input_file_ref idref="fl-45"/>
      </object_component>
      <object_component id="oc-d5">
         <name>.debug_abbrev</name>
         <load_address>0x2007</load_address>
         <run_address>0x2007</run_address>
         <size>0xa6</size>
         <input_file_ref idref="fl-46"/>
      </object_component>
      <object_component id="oc-d9">
         <name>.debug_abbrev</name>
         <load_address>0x20ad</load_address>
         <run_address>0x20ad</run_address>
         <size>0x12d</size>
         <input_file_ref idref="fl-47"/>
      </object_component>
      <object_component id="oc-dd">
         <name>.debug_abbrev</name>
         <load_address>0x21da</load_address>
         <run_address>0x21da</run_address>
         <size>0xd1</size>
         <input_file_ref idref="fl-48"/>
      </object_component>
      <object_component id="oc-e1">
         <name>.debug_abbrev</name>
         <load_address>0x22ab</load_address>
         <run_address>0x22ab</run_address>
         <size>0x10b</size>
         <input_file_ref idref="fl-49"/>
      </object_component>
      <object_component id="oc-e7">
         <name>.debug_abbrev</name>
         <load_address>0x23b6</load_address>
         <run_address>0x23b6</run_address>
         <size>0x199</size>
         <input_file_ref idref="fl-4a"/>
      </object_component>
      <object_component id="oc-ee">
         <name>.debug_abbrev</name>
         <load_address>0x254f</load_address>
         <run_address>0x254f</run_address>
         <size>0x1d5</size>
         <input_file_ref idref="fl-4b"/>
      </object_component>
      <object_component id="oc-f2">
         <name>.debug_abbrev</name>
         <load_address>0x2724</load_address>
         <run_address>0x2724</run_address>
         <size>0x10f</size>
         <input_file_ref idref="fl-4c"/>
      </object_component>
      <object_component id="oc-f6">
         <name>.debug_abbrev</name>
         <load_address>0x2833</load_address>
         <run_address>0x2833</run_address>
         <size>0xb6</size>
         <input_file_ref idref="fl-4d"/>
      </object_component>
      <object_component id="oc-120">
         <name>.debug_abbrev</name>
         <load_address>0x28e9</load_address>
         <run_address>0x28e9</run_address>
         <size>0xd</size>
      </object_component>
   </object_component_list>
   <logical_group_list>
      <logical_group id="lg-2">
         <name>vectors</name>
         <load_address>0xffff00</load_address>
         <run_address>0xffff00</run_address>
         <size>0x100</size>
         <contents>
            <object_component_ref idref="oc-41"/>
         </contents>
      </logical_group>
      <logical_group id="lg-3">
         <name>.cinit</name>
         <load_address>0x45c</load_address>
         <run_address>0x45c</run_address>
         <size>0x2f8</size>
         <contents>
            <object_component_ref idref="oc-10"/>
            <object_component_ref idref="oc-9c"/>
            <object_component_ref idref="oc-65"/>
            <object_component_ref idref="oc-48"/>
            <object_component_ref idref="oc-30"/>
            <object_component_ref idref="oc-e5"/>
            <object_component_ref idref="oc-eb"/>
         </contents>
      </logical_group>
      <logical_group id="lg-11c">
         <name>.text.1</name>
         <load_address>0x2000</load_address>
         <run_address>0x2000</run_address>
         <size>0x2000</size>
         <contents>
            <object_component_ref idref="oc-4b"/>
            <object_component_ref idref="oc-d"/>
            <object_component_ref idref="oc-99"/>
            <object_component_ref idref="oc-e2"/>
            <object_component_ref idref="oc-6f"/>
         </contents>
      </logical_group>
      <logical_group id="lg-11d">
         <name>.text.2</name>
         <load_address>0x4000</load_address>
         <run_address>0x4000</run_address>
         <size>0x1ffe</size>
         <contents>
            <object_component_ref idref="oc-bb"/>
            <object_component_ref idref="oc-67"/>
            <object_component_ref idref="oc-e8"/>
            <object_component_ref idref="oc-ce"/>
            <object_component_ref idref="oc-91"/>
            <object_component_ref idref="oc-5d"/>
            <object_component_ref idref="oc-38"/>
            <object_component_ref idref="oc-80"/>
            <object_component_ref idref="oc-19"/>
            <object_component_ref idref="oc-ca"/>
            <object_component_ref idref="oc-de"/>
            <object_component_ref idref="oc-d6"/>
            <object_component_ref idref="oc-c3"/>
            <object_component_ref idref="oc-21"/>
            <object_component_ref idref="oc-6b"/>
            <object_component_ref idref="oc-15"/>
            <object_component_ref idref="oc-1d"/>
            <object_component_ref idref="oc-7c"/>
            <object_component_ref idref="oc-25"/>
            <object_component_ref idref="oc-85"/>
            <object_component_ref idref="oc-89"/>
            <object_component_ref idref="oc-9f"/>
            <object_component_ref idref="oc-b3"/>
            <object_component_ref idref="oc-73"/>
            <object_component_ref idref="oc-59"/>
            <object_component_ref idref="oc-77"/>
            <object_component_ref idref="oc-ef"/>
            <object_component_ref idref="oc-c0"/>
            <object_component_ref idref="oc-55"/>
            <object_component_ref idref="oc-c6"/>
            <object_component_ref idref="oc-40"/>
         </contents>
      </logical_group>
      <logical_group id="lg-11e">
         <name>.text.3</name>
         <load_address>0x6000</load_address>
         <run_address>0x6000</run_address>
         <size>0x2db</size>
         <contents>
            <object_component_ref idref="oc-da"/>
            <object_component_ref idref="oc-c"/>
            <object_component_ref idref="oc-3c"/>
            <object_component_ref idref="oc-af"/>
            <object_component_ref idref="oc-d2"/>
            <object_component_ref idref="oc-51"/>
            <object_component_ref idref="oc-a7"/>
            <object_component_ref idref="oc-2d"/>
            <object_component_ref idref="oc-a3"/>
            <object_component_ref idref="oc-8d"/>
            <object_component_ref idref="oc-b7"/>
            <object_component_ref idref="oc-95"/>
            <object_component_ref idref="oc-45"/>
            <object_component_ref idref="oc-34"/>
            <object_component_ref idref="oc-ab"/>
            <object_component_ref idref="oc-f3"/>
            <object_component_ref idref="oc-31"/>
         </contents>
      </logical_group>
      <split_section id="lg-4">
         <name>.text</name>
         <contents>
            <logical_group_ref idref="lg-11c"/>
            <logical_group_ref idref="lg-11d"/>
            <logical_group_ref idref="lg-11e"/>
         </contents>
      </split_section>
      <logical_group id="lg-5">
         <name>.stack</name>
         <run_address>0x998</run_address>
         <size>0x200</size>
         <contents>
            <object_component_ref idref="oc-29"/>
            <object_component_ref idref="oc-116"/>
         </contents>
      </logical_group>
      <logical_group id="lg-6">
         <name>.sysstack</name>
         <run_address>0xb98</run_address>
         <size>0x200</size>
         <contents>
            <object_component_ref idref="oc-f7"/>
            <object_component_ref idref="oc-118"/>
         </contents>
      </logical_group>
      <logical_group id="lg-7">
         <name>.sysmem</name>
         <run_address>0x8000</run_address>
         <size>0x400</size>
         <contents>
            <object_component_ref idref="oc-ec"/>
            <object_component_ref idref="oc-117"/>
[...]
      </symbol>
      <symbol id="sm-19">
         <name>___end__</name>
         <value>0xa64c</value>
      </symbol>
      <symbol id="sm-c0">
         <name>_main</name>
         <value>0x393e</value>
         <object_component_ref idref="oc-d"/>
      </symbol>
      <symbol id="sm-c1">
         <name>_v_at</name>
         <value>0x3624</value>
         <object_component_ref idref="oc-d"/>
      </symbol>
      <symbol id="sm-c2">
         <name>_x_random</name>
         <value>0xa100</value>
         <object_component_ref idref="oc-e"/>
      </symbol>
      <symbol id="sm-c3">
         <name>_sumQ15</name>
         <value>0x35d2</value>
         <object_component_ref idref="oc-d"/>
      </symbol>
      <symbol id="sm-c4">
         <name>_eflag</name>
         <value>0xa21c</value>
         <object_component_ref idref="oc-e"/>
      </symbol>
      <symbol id="sm-c5">
         <name>_cas51</name>
         <value>0x33c8</value>
         <object_component_ref idref="oc-d"/>
      </symbol>
      <symbol id="sm-c6">
         <name>_cas52</name>
         <value>0x344c</value>
         <object_component_ref idref="oc-d"/>
      </symbol>
      <symbol id="sm-c7">
         <name>_filterIIRType2</name>
         <value>0x363a</value>
         <object_component_ref idref="oc-d"/>
      </symbol>
      <symbol id="sm-c8">
         <name>_cas4</name>
         <value>0x3330</value>
         <object_component_ref idref="oc-d"/>
      </symbol>
      <symbol id="sm-c9">
         <name>_x_sin_at</name>
         <value>0x360e</value>
         <object_component_ref idref="oc-d"/>
      </symbol>
      <symbol id="sm-ca">
         <name>_cas51otherfunction</name>
         <value>0x34d0</value>
         <object_component_ref idref="oc-d"/>
      </symbol>
      <symbol id="sm-cb">
         <name>_multiplyQ15</name>
         <value>0x3583</value>
         <object_component_ref idref="oc-d"/>
      </symbol>
      <symbol id="sm-cc">
         <name>_x_sin</name>
         <value>0xa000</value>
         <object_component_ref idref="oc-e"/>
      </symbol>
      <symbol id="sm-cd">
         <name>_b</name>
         <value>0xa200</value>
         <object_component_ref idref="oc-e"/>
      </symbol>
      <symbol id="sm-ce">
         <name>_a</name>
         <value>0xa20e</value>
         <object_component_ref idref="oc-e"/>
      </symbol>
      <symbol id="sm-cf">
         <name>_testeFloat</name>
         <value>0x3554</value>
         <object_component_ref idref="oc-d"/>
      </symbol>
      <symbol id="sm-e3">
         <name>_fltoq15</name>
         <value>0x5983</value>
         <object_component_ref idref="oc-15"/>
      </symbol>
      <symbol id="sm-f2">
         <name>_iircas4</name>
         <value>0x54d7</value>
         <object_component_ref idref="oc-19"/>
      </symbol>
      <symbol id="sm-101">
         <name>_iircas5</name>
         <value>0x5a22</value>
         <object_component_ref idref="oc-1d"/>
      </symbol>
      <symbol id="sm-110">
         <name>_iircas51</name>
         <value>0x5841</value>
         <object_component_ref idref="oc-21"/>
      </symbol>
      <symbol id="sm-121">
         <name>_q15tofl</name>
         <value>0x5b30</value>
         <object_component_ref idref="oc-25"/>
      </symbol>
      <symbol id="sm-12d">
         <name>__sysstack</name>
         <value>0xb98</value>
         <object_component_ref idref="oc-f7"/>
      </symbol>
      <symbol id="sm-12e">
         <name>_c_int00</name>
         <value>0x6058</value>
         <object_component_ref idref="oc-c"/>
      </symbol>
      <symbol id="sm-12f">
         <name>__stack</name>
         <value>0x998</value>
         <object_component_ref idref="oc-29"/>
      </symbol>
      <symbol id="sm-13f">
         <name>C$$EXIT</name>
         <value>0x62d4</value>
         <object_component_ref idref="oc-31"/>
      </symbol>
      <symbol id="sm-140">
         <name>_exit</name>
         <value>0x6201</value>
         <object_component_ref idref="oc-2d"/>
      </symbol>
      <symbol id="sm-141">
         <name>_abort</name>
         <value>0x62d3</value>
         <object_component_ref idref="oc-31"/>
      </symbol>
      <symbol id="sm-142">
         <name>__cleanup_ptr</name>
         <value>0xa63c</value>
         <object_component_ref idref="oc-2e"/>
      </symbol>
      <symbol id="sm-143">
         <name>__dtors_ptr</name>
         <value>0xa640</value>
         <object_component_ref idref="oc-2e"/>
      </symbol>
      <symbol id="sm-14d">
         <name>_memset</name>
         <value>0x62a9</value>
         <object_component_ref idref="oc-34"/>
      </symbol>
      <symbol id="sm-157">
         <name>__mpyd</name>
         <value>0x5255</value>
         <object_component_ref idref="oc-38"/>
      </symbol>
      <symbol id="sm-161">
         <name>_printf</name>
         <value>0x60a4</value>
         <object_component_ref idref="oc-3c"/>
      </symbol>
      <symbol id="sm-16b">
         <name>_Reset</name>
         <value>0xffff00</value>
         <object_component_ref idref="oc-41"/>
      </symbol>
      <symbol id="sm-179">
         <name>__unlock</name>
         <value>0xa638</value>
         <object_component_ref idref="oc-46"/>
      </symbol>
      <symbol id="sm-17a">
         <name>__lock</name>
         <value>0xa634</value>
         <object_component_ref idref="oc-46"/>
      </symbol>
      <symbol id="sm-17b">
         <name>__register_lock</name>
         <value>0x62a0</value>
         <object_component_ref idref="oc-45"/>
      </symbol>
      <symbol id="sm-17c">
         <name>__nop</name>
         <value>0x62a7</value>
         <object_component_ref idref="oc-45"/>
      </symbol>
      <symbol id="sm-17d">
         <name>__register_unlock</name>
         <value>0x6299</value>
         <object_component_ref idref="oc-45"/>
      </symbol>
      <symbol id="sm-18f">
         <name>__printfi</name>
         <value>0x315c</value>
         <object_component_ref idref="oc-4b"/>
      </symbol>
      <symbol id="sm-199">
         <name>__args_main</name>
         <value>0x6182</value>
         <object_component_ref idref="oc-51"/>
      </symbol>
      <symbol id="sm-19a">
         <name>__TI_args_main</name>
         <value>0x1</value>
      </symbol>
      <symbol id="sm-1a4">
         <name>_atoi</name>
         <value>0x5f75</value>
         <object_component_ref idref="oc-55"/>
      </symbol>
      <symbol id="sm-1ac">
         <name>_auto_init</name>
         <value>0x5de6</value>
         <object_component_ref idref="oc-59"/>
      </symbol>
      <symbol id="sm-1b6">
         <name>__eqld</name>
         <value>0x51c9</value>
         <object_component_ref idref="oc-5d"/>
      </symbol>
      <symbol id="sm-1b7">
         <name>__cmpd</name>
         <value>0x51fd</value>
         <object_component_ref idref="oc-5d"/>
      </symbol>
      <symbol id="sm-1b8">
         <name>__neqd</name>
         <value>0x506b</value>
         <object_component_ref idref="oc-5d"/>
      </symbol>
      <symbol id="sm-1b9">
         <name>__gtrd</name>
         <value>0x5134</value>
         <object_component_ref idref="oc-5d"/>
      </symbol>
      <symbol id="sm-1ba">
         <name>__geqd</name>
         <value>0x517f</value>
         <object_component_ref idref="oc-5d"/>
      </symbol>
      <symbol id="sm-1bb">
         <name>__leqd</name>
         <value>0x50e7</value>
         <object_component_ref idref="oc-5d"/>
      </symbol>
      <symbol id="sm-1bc">
         <name>__lssd</name>
         <value>0x509f</value>
         <object_component_ref idref="oc-5d"/>
      </symbol>
      <symbol id="sm-1c4">
         <name>__ctypes_</name>
         <value>0xc0</value>
         <object_component_ref idref="oc-101"/>
      </symbol>
      <symbol id="sm-1ce">
         <name>__tmpnams</name>
         <value>0xa296</value>
         <object_component_ref idref="oc-63"/>
      </symbol>
      <symbol id="sm-1cf">
         <name>__ft_end</name>
         <value>0xa3d6</value>
         <object_component_ref idref="oc-63"/>
      </symbol>
      <symbol id="sm-1d0">
         <name>__ftable</name>
         <value>0xa21e</value>
         <object_component_ref idref="oc-63"/>
      </symbol>
      <symbol id="sm-1dc">
         <name>__divd</name>
         <value>0x4465</value>
         <object_component_ref idref="oc-67"/>
      </symbol>
      <symbol id="sm-1e7">
         <name>__divul</name>
         <value>0x58e2</value>
         <object_component_ref idref="oc-6b"/>
      </symbol>
      <symbol id="sm-1f1">
         <name>__fixdi</name>
         <value>0x3fd5</value>
         <object_component_ref idref="oc-6f"/>
      </symbol>
      <symbol id="sm-1fb">
         <name>__fixdli</name>
         <value>0x5d77</value>
         <object_component_ref idref="oc-73"/>
      </symbol>
      <symbol id="sm-207">
         <name>__fltlid</name>
         <value>0x5e51</value>
         <object_component_ref idref="oc-77"/>
      </symbol>
      <symbol id="sm-211">
         <name>_putchar</name>
         <value>0x5b23</value>
         <object_component_ref idref="oc-7c"/>
      </symbol>
      <symbol id="sm-212">
         <name>_putc</name>
         <value>0x5aab</value>
         <object_component_ref idref="oc-7c"/>
      </symbol>
      <symbol id="sm-213">
         <name>_fputc</name>
         <value>0x5aab</value>
         <object_component_ref idref="oc-7c"/>
      </symbol>
      <symbol id="sm-221">
         <name>_puts</name>
         <value>0x54b5</value>
         <object_component_ref idref="oc-80"/>
      </symbol>
      <symbol id="sm-222">
         <name>_fputs</name>
         <value>0x53ad</value>
         <object_component_ref idref="oc-80"/>
      </symbol>
      <symbol id="sm-22c">
         <name>__frcmpyd</name>
         <value>0x5ba9</value>
         <object_component_ref idref="oc-85"/>
      </symbol>
      <symbol id="sm-236">
         <name>__frcmpyd_div</name>
         <value>0x5c1f</value>
         <object_component_ref idref="oc-89"/>
      </symbol>
      <symbol id="sm-240">
         <name>___isinf</name>
         <value>0x6258</value>
         <object_component_ref idref="oc-8d"/>
      </symbol>
      <symbol id="sm-24a">
         <name>__divull</name>
         <value>0x4f42</value>
         <object_component_ref idref="oc-91"/>
      </symbol>
      <symbol id="sm-24b">
         <name>__mpylli</name>
         <value>0x4e8a</value>
         <object_component_ref idref="oc-91"/>
      </symbol>
      <symbol id="sm-24c">
         <name>__remlli</name>
         <value>0x4e5b</value>
         <object_component_ref idref="oc-91"/>
      </symbol>
      <symbol id="sm-24d">
         <name>__divlli</name>
         <value>0x5036</value>
         <object_component_ref idref="oc-91"/>
      </symbol>
      <symbol id="sm-24e">
         <name>__remull</name>
         <value>0x4e0d</value>
         <object_component_ref idref="oc-91"/>
      </symbol>
      <symbol id="sm-256">
         <name>__mpyli</name>
         <value>0x6286</value>
         <object_component_ref idref="oc-95"/>
      </symbol>
      <symbol id="sm-257">
         <name>I$$LMPY</name>
         <value>0x6286</value>
         <object_component_ref idref="oc-95"/>
      </symbol>
      <symbol id="sm-269">
         <name>_add_device</name>
         <value>0x3cdd</value>
         <object_component_ref idref="oc-99"/>
      </symbol>
      <symbol id="sm-26a">
         <name>_rename</name>
         <value>0x3a84</value>
         <object_component_ref idref="oc-99"/>
      </symbol>
      <symbol id="sm-26b">
         <name>_read</name>
         <value>0x3afb</value>
         <object_component_ref idref="oc-99"/>
      </symbol>
      <symbol id="sm-26c">
         <name>_unlink</name>
         <value>0x3a56</value>
         <object_component_ref idref="oc-99"/>
      </symbol>
      <symbol id="sm-26d">
         <name>_remove_device</name>
         <value>0x3ace</value>
         <object_component_ref idref="oc-99"/>
      </symbol>
      <symbol id="sm-26e">
         <name>_open</name>
         <value>0x3b8c</value>
         <object_component_ref idref="oc-99"/>
      </symbol>
      <symbol id="sm-26f">
         <name>_find_registered_device</name>
         <value>0x3c77</value>
         <object_component_ref idref="oc-99"/>
      </symbol>
      <symbol id="sm-270">
         <name>_lseek</name>
         <value>0x3c20</value>
         <object_component_ref idref="oc-99"/>
      </symbol>
      <symbol id="sm-271">
         <name>_close</name>
         <value>0x3c80</value>
         <object_component_ref idref="oc-99"/>
      </symbol>
      <symbol id="sm-272">
         <name>_write</name>
         <value>0x3947</value>
         <object_component_ref idref="oc-99"/>
      </symbol>
      <symbol id="sm-27c">
         <name>_ltoa</name>
         <value>0x5c92</value>
         <object_component_ref idref="oc-9f"/>
      </symbol>
      <symbol id="sm-287">
         <name>_memccpy</name>
         <value>0x6239</value>
         <object_component_ref idref="oc-a3"/>
      </symbol>
      <symbol id="sm-28f">
         <name>_memcpy</name>
         <value>0x61c2</value>
         <object_component_ref idref="oc-a7"/>
      </symbol>
      <symbol id="sm-299">
         <name>__negd</name>
         <value>0x62b9</value>
         <object_component_ref idref="oc-ab"/>
      </symbol>
      <symbol id="sm-2a3">
         <name>__remli</name>
         <value>0x60ef</value>
         <object_component_ref idref="oc-af"/>
      </symbol>
      <symbol id="sm-2ae">
         <name>__remul</name>
         <value>0x5d05</value>
         <object_component_ref idref="oc-b3"/>
      </symbol>
      <symbol id="sm-2b8">
         <name>__subd</name>
         <value>0x6272</value>
         <object_component_ref idref="oc-b7"/>
      </symbol>
      <symbol id="sm-2c4">
         <name>_HOSTopen</name>
         <value>0x4295</value>
         <object_component_ref idref="oc-bb"/>
      </symbol>
      <symbol id="sm-2c5">
         <name>_HOSTread</name>
         <value>0x421b</value>
         <object_component_ref idref="oc-bb"/>
      </symbol>
      <symbol id="sm-2c6">
         <name>_HOSTtime</name>
         <value>0x4133</value>
         <object_component_ref idref="oc-bb"/>
      </symbol>
      <symbol id="sm-2c7">
         <name>_getenv</name>
         <value>0x4000</value>
         <object_component_ref idref="oc-bb"/>
      </symbol>
      <symbol id="sm-2c8">
         <name>_HOSTrename</name>
         <value>0x4182</value>
         <object_component_ref idref="oc-bb"/>
      </symbol>
      <symbol id="sm-2c9">
         <name>_HOSTclock</name>
         <value>0x4416</value>
         <object_component_ref idref="oc-bb"/>
      </symbol>
      <symbol id="sm-2ca">
         <name>_HOSTwrite</name>
         <value>0x4062</value>
         <object_component_ref idref="oc-bb"/>
      </symbol>
      <symbol id="sm-2cb">
         <name>_HOSTlseek</name>
         <value>0x431c</value>
         <object_component_ref idref="oc-bb"/>
      </symbol>
      <symbol id="sm-2cc">
         <name>_HOSTunlink</name>
         <value>0x40dc</value>
         <object_component_ref idref="oc-bb"/>
      </symbol>
      <symbol id="sm-2cd">
         <name>_HOSTclose</name>
         <value>0x43bf</value>
         <object_component_ref idref="oc-bb"/>
      </symbol>
      <symbol id="sm-2df">
         <name>C$$IO$$</name>
         <value>0x583c</value>
         <object_component_ref idref="oc-c3"/>
      </symbol>
      <symbol id="sm-2e0">
         <name>__CIOBUF_</name>
         <value>0x758</value>
         <object_component_ref idref="oc-c2"/>
      </symbol>
      <symbol id="sm-2e1">
         <name>_readmsg</name>
         <value>0x5f14</value>
         <object_component_ref idref="oc-c0"/>
      </symbol>
      <symbol id="sm-2e2">
         <name>_writemsg</name>
         <value>0x5799</value>
         <object_component_ref idref="oc-c3"/>
      </symbol>
      <symbol id="sm-2ea">
         <name>__remu</name>
         <value>0x5fe6</value>
         <object_component_ref idref="oc-c6"/>
      </symbol>
      <symbol id="sm-2eb">
         <name>__divu</name>
         <value>0x5fd1</value>
         <object_component_ref idref="oc-c6"/>
      </symbol>
      <symbol id="sm-2ec">
         <name>I$$UMOD</name>
         <value>0x5fe6</value>
         <object_component_ref idref="oc-c6"/>
      </symbol>
      <symbol id="sm-2ed">
         <name>I$$UDIV</name>
         <value>0x5fd1</value>
         <object_component_ref idref="oc-c6"/>
      </symbol>
      <symbol id="sm-2f7">
         <name>__rd_ok</name>
         <value>0x55f4</value>
         <object_component_ref idref="oc-ca"/>
      </symbol>
      <symbol id="sm-2f8">
         <name>__wrt_ok</name>
         <value>0x558e</value>
         <object_component_ref idref="oc-ca"/>
      </symbol>
      <symbol id="sm-302">
         <name>__addd</name>
         <value>0x4bad</value>
         <object_component_ref idref="oc-ce"/>
      </symbol>
      <symbol id="sm-30c">
         <name>__divli</name>
         <value>0x613a</value>
         <object_component_ref idref="oc-d2"/>
      </symbol>
      <symbol id="sm-316">
         <name>__doflush</name>
         <value>0x56ef</value>
         <object_component_ref idref="oc-d6"/>
      </symbol>
      <symbol id="sm-317">
         <name>_fflush</name>
         <value>0x5748</value>
         <object_component_ref idref="oc-d6"/>
      </symbol>
      <symbol id="sm-321">
         <name>_fseek</name>
         <value>0x6000</value>
         <object_component_ref idref="oc-da"/>
      </symbol>
      <symbol id="sm-32b">
         <name>_setvbuf</name>
         <value>0x5642</value>
         <object_component_ref idref="oc-de"/>
      </symbol>
      <symbol id="sm-33a">
         <name>__cleanup</name>
         <value>0x3ec2</value>
         <object_component_ref idref="oc-e2"/>
      </symbol>
      <symbol id="sm-33b">
         <name>_fopen</name>
         <value>0x3fa9</value>
         <object_component_ref idref="oc-e2"/>
      </symbol>
      <symbol id="sm-33c">
         <name>_freopen</name>
         <value>0x3f10</value>
         <object_component_ref idref="oc-e2"/>
      </symbol>
      <symbol id="sm-34c">
         <name>__sys_memory</name>
         <value>0x8000</value>
         <object_component_ref idref="oc-ec"/>
      </symbol>
      <symbol id="sm-34d">
         <name>_chkheap</name>
         <value>0x4b87</value>
         <object_component_ref idref="oc-e8"/>
      </symbol>
      <symbol id="sm-34e">
         <name>_realloc</name>
         <value>0x49b4</value>
         <object_component_ref idref="oc-e8"/>
      </symbol>
      <symbol id="sm-34f">
         <name>_free_memory</name>
         <value>0x4b41</value>
         <object_component_ref idref="oc-e8"/>
      </symbol>
      <symbol id="sm-350">
         <name>_max_free</name>
         <value>0x4af8</value>
         <object_component_ref idref="oc-e8"/>
      </symbol>
      <symbol id="sm-351">
         <name>_free</name>
         <value>0x482d</value>
         <object_component_ref idref="oc-e8"/>
      </symbol>
      <symbol id="sm-352">
         <name>_calloc</name>
         <value>0x4b8b</value>
         <object_component_ref idref="oc-e8"/>
      </symbol>
      <symbol id="sm-353">
         <name>_malloc</name>
         <value>0x4908</value>
         <object_component_ref idref="oc-e8"/>
      </symbol>
      <symbol id="sm-354">
         <name>_minit</name>
         <value>0x48bc</value>
         <object_component_ref idref="oc-e8"/>
      </symbol>
      <symbol id="sm-35e">
         <name>_fclose</name>
         <value>0x5eb3</value>
         <object_component_ref idref="oc-ef"/>
      </symbol>
      <symbol id="sm-368">
         <name>_remove</name>
         <value>0x62c9</value>
         <object_component_ref idref="oc-f3"/>
      </symbol>
   </symbol_table>
</link_info>
