******************************************************************************
              TMS320C55x Linker PC v4.4.1                      
******************************************************************************
>> Linked Mon Oct 18 22:00:07 2021

OUTPUT FILE NAME:   <hello_word.out>
ENTRY POINT SYMBOL: "_c_int00"  address: 00005852


MEMORY CONFIGURATION

         name            origin    length      used     unused   attr    fill
                        (bytes)   (bytes)    (bytes)   (bytes)
----------------------  --------  ---------  --------  --------  ----  --------
  MMR                   00000000   000000c0  0000001c  000000a4  RWIX
  DARAM0                000000c0   00001f40  000009fa  00001546  RWIX
  DARAM1                00002000   00002000  00002000  00000000  RWIX
  DARAM2                00004000   00002000  00001ae5  0000051b  RWIX
  DARAM3                00006000   00002000  00000000  00002000  RWIX
  DARAM4                00008000   00002000  00000400  00001c00  RWIX
  DARAM5                0000a000   00002000  00000494  00001b6c  RWIX
  DARAM6                0000c000   00002000  00000000  00002000  RWIX
  DARAM7                0000e000   00002000  00000000  00002000  RWIX
  CE0                   00010000   003f0000  00000000  003f0000  RWIX
  CE1                   00400000   00400000  00000000  00400000  RWIX
  CE2                   00800000   00400000  00000000  00400000  RWIX
  CE3                   00c00000   003f8000  00000000  003f8000  RWIX
  ROM                   00ff8000   00007f00  00000000  00007f00  RWIX
  VECS                  00ffff00   00000100  00000100  00000000  RWIX


SECTION ALLOCATION MAP
(Addresses surrounded by []'s are displayed for convenience only!)

output                                                          attributes/
section   page  orgn(bytes) orgn(words) len(bytes) len(words)   input sections
--------  ----  ----------- ----------- ---------- ----------   --------------
.coeffs      0   [ 00000000 ]  00000000          *   00000008   UNINITIALIZED
                 [ 00000000 ]  00000000          *   00000008   hello_world.obj (.coeffs)

.dbuffer     0   [ 00000010 ]  00000008          *   00000006   UNINITIALIZED
                 [ 00000010 ]  00000008          *   00000006   hello_world.obj (.dbuffer)

.const       0   [ 000000c0 ]  00000060          *   00000146   
                 [ 000000c0 ]  00000060          *   00000101   rts55.lib : ctype.obj (.const:__ctypes_)
                 [ 000002c2 ]  00000161          *   00000023             : _printfi.obj (.const:.string)
                 [ 00000308 ]  00000184          *   0000000c             : _printfi.obj (.const)
                 [ 00000320 ]  00000190          *   00000009   hello_world.obj (.const:.string)
                 [ 00000332 ]  00000199          *   00000008   rts55.lib : divd.obj (.const:_initial_approx$1)
                 [ 00000342 ]  000001a1          *   00000002             : fputs.obj (.const:.string)
                 [ 00000346 ]  000001a3          *   00000001   --HOLE-- [fill = 0]
                 [ 00000348 ]  000001a4          *   00000002             : fltlid.obj (.const)

.cio         0   [ 00000350 ]  000001a8          *   00000120   UNINITIALIZED
                 [ 00000350 ]  000001a8          *   00000120   rts55.lib : trgmsg.obj (.cio)

.stack       0   [ 00000590 ]  000002c8          *   00000100   UNINITIALIZED
                 [ 00000590 ]  000002c8          *   00000100   --HOLE--

.sysstack 
*            0   [ 00000790 ]  000003c8          *   00000100   UNINITIALIZED
                 [ 00000790 ]  000003c8          *   00000100   --HOLE--

.cinit       0   [ 00000990 ]  000004c8          *   00000097   
                 [ 00000990 ]  000004c8          *   00000039   hello_world.obj (.cinit)
                 [ 00000a02 ]  00000501          *   00000028   rts55.lib : lowlev.obj (.cinit)
                 [ 00000a52 ]  00000529          *   00000019             : defs.obj (.cinit)
                 [ 00000a84 ]  00000542          *   0000000a             : _lock.obj (.cinit)
                 [ 00000a98 ]  0000054c          *   0000000a             : exit.obj (.cinit)
                 [ 00000aac ]  00000556          *   00000004             : fopen.obj (.cinit)
                 [ 00000ab4 ]  0000055a          *   00000004             : memory.obj (.cinit)
                 [ 00000abc ]  0000055e          *   00000001   --HOLE-- [fill = 0]

.text.1      0     00002000  [ 00001000 ] 00002000          *   
                   00002000  [ 00001000 ] 00001330          *   rts55.lib : _printfi.obj (.text)
                   00003330  [ 00001998 ] 0000046c          *             : lowlev.obj (.text)
                   0000379c  [ 00001bce ] 00000465          *             : trgdrv.obj (.text)
                   00003c01  [ 00001e00+] 000003c8          *             : divd.obj (.text)
                   00003fc9  [ 00001fe4+] 0000002a          *             : fixdi.obj (.text)
                   00003ff3  [ 00001ff9+] 0000000a          *             : remove.obj (.text)
                   00003ffd  [ 00001ffe+] 00000002          *             : vectors.obj (.text)
                   00003fff  [ 00001fff ] 00000001          *   --HOLE-- [fill = 20]

.text.2      0     00004000  [ 00002000 ] 00001ae5          *   
                   00004000  [ 00002000 ] 00000380          *   rts55.lib : memory.obj (.text)
                   00004380  [ 000021c0 ] 00000260          *             : addd.obj (.text)
                   000045e0  [ 000022f0 ] 0000025e          *             : llmpy.obj (.text)
                   0000483e  [ 0000241f ] 00000222          *             : fopen.obj (.text)
                   00004a60  [ 00002530 ] 000001ea          *             : cmpd.obj (.text)
                   00004c4a  [ 00002625 ] 00000158          *             : mpyd.obj (.text)
                   00004da2  [ 000026d1 ] 0000012a          *             : fputs.obj (.text)
                   00004ecc  [ 00002766 ] 000000b7          *   55xdsp.lib : iircas4.obj (.text)
                   00004f83  [ 000027c1+] 000000b4          *   rts55.lib : _io_perm.obj (.text)
                   00005037  [ 0000281b+] 000000ad          *             : setvbuf.obj (.text)
                   000050e4  [ 00002872 ] 000000aa          *             : fflush.obj (.text)
                   0000518e  [ 000028c7 ] 000000a8          *             : trgmsg.obj (.text:CIO_breakpoint)
                   00005236  [ 0000291b ] 000000a1          *             : divul.obj (.text)
                   000052d7  [ 0000296b+] 00000085          *             : fputc.obj (.text)
                   0000535c  [ 000029ae ] 00000076          *   hello_world.obj (.text)
                   000053d2  [ 000029e9 ] 00000076          *   rts55.lib : frcmpyd.obj (.text)
                   00005448  [ 00002a24 ] 00000073          *             : frcmpyd_div.obj (.text)
                   000054bb  [ 00002a5d+] 00000073          *             : ltoa.obj (.text)
                   0000552e  [ 00002a97 ] 00000072          *             : remul.obj (.text)
                   000055a0  [ 00002ad0 ] 0000006f          *             : fixdli.obj (.text)
                   0000560f  [ 00002b07+] 0000006b          *             : autoinit.obj (.text)
                   0000567a  [ 00002b3d ] 00000062          *             : fltlid.obj (.text)
                   000056dc  [ 00002b6e ] 00000061          *             : fclose.obj (.text)
                   0000573d  [ 00002b9e+] 00000061          *             : trgmsg.obj (.text)
                   0000579e  [ 00002bcf ] 0000005c          *             : atoi.obj (.text)
                   000057fa  [ 00002bfd ] 00000058          *             : fseek.obj (.text)
                   00005852  [ 00002c29 ] 0000004c          *             : boot.obj (.text)
                   0000589e  [ 00002c4f ] 0000004b          *             : printf.obj (.text)
                   000058e9  [ 00002c74+] 0000004b          *             : remli.obj (.text)
                   00005934  [ 00002c9a ] 00000048          *             : divli.obj (.text)
                   0000597c  [ 00002cbe ] 00000040          *             : args_main.obj (.text)
                   000059bc  [ 00002cde ] 0000003f          *             : memcpy.obj (.text)
                   000059fb  [ 00002cfd+] 00000038          *             : exit.obj (.text)
                   00005a33  [ 00002d19+] 0000002a          *             : udiv.obj (.text)
                   00005a5d  [ 00002d2e+] 0000001f          *             : memccpy.obj (.text)
                   00005a7c  [ 00002d3e ] 0000001a          *             : isinf.obj (.text)
                   00005a96  [ 00002d4b ] 00000014          *             : subd.obj (.text)
                   00005aaa  [ 00002d55 ] 00000013          *             : lmpy.obj (.text)
                   00005abd  [ 00002d5e+] 00000010          *             : _lock.obj (.text)
                   00005acd  [ 00002d66+] 00000010          *             : negd.obj (.text)
                   00005add  [ 00002d6e+] 00000007          *             : exit.obj (.text:CIO_breakpoint)
                   00005ae4  [ 00002d72 ] 00000001          *   --HOLE-- [fill = 20]

.sysmem      0   [ 00008000 ]  00004000          *   00000200   UNINITIALIZED
                 [ 00008000 ]  00004000          *   00000200   --HOLE--

.data        0   [ 00008000 ]  00004000          *   00000000   UNINITIALIZED

.bss         0   [ 0000a000 ]  00005000          *   0000024a   UNINITIALIZED
                 [ 0000a000 ]  00005000          *   000000dd   rts55.lib : defs.obj (.bss)
                 [ 0000a1ba ]  000050dd          *   000000d0             : trgdrv.obj (.bss)
                 [ 0000a35a ]  000051ad          *   00000001             : fopen.obj (.bss)
                 [ 0000a35c ]  000051ae          *   0000005d             : lowlev.obj (.bss)
                 [ 0000a416 ]  0000520b          *   00000032   hello_world.obj (.bss)
                 [ 0000a47a ]  0000523d          *   00000001   --HOLE--
                 [ 0000a47c ]  0000523e          *   00000004   rts55.lib : _lock.obj (.bss)
                 [ 0000a484 ]  00005242          *   00000004             : exit.obj (.bss)
                 [ 0000a48c ]  00005246          *   00000004             : memory.obj (.bss)

vectors      0     00ffff00  [ 007fff80 ] 00000100          *   NOLOAD SECTION
                   00ffff00  [ 007fff80 ] 00000100          *   rts55.lib : vectors.obj (vectors)


GLOBAL SYMBOLS: SORTED ALPHABETICALLY BY Name 

abs. value/
byte addr   word addr   name
---------   ---------   ----
00000002                $TI_capability$C5500$CallingConvention
00000001                $TI_capability$C5500$MemoryModel
00000001                $TI_capability_requires_rev2
            00005000    .bss
            00004000    .data
ffffffff                .text
00005ade                C$$EXIT
00005231                C$$IO$$
00005aaa                I$$LMPY
00005a33                I$$UDIV
00005a48                I$$UMOD
00003bb2                _HOSTclock
00003b5b                _HOSTclose
00003ab8                _HOSTlseek
00003a31                _HOSTopen
000039b7                _HOSTread
0000391e                _HOSTrename
000038cf                _HOSTtime
00003878                _HOSTunlink
000037fe                _HOSTwrite
00ffff00                _Reset
            000001a8    __CIOBUF_
            000003c8    __STACK_END
00000200                __STACK_SIZE
00000400                __SYSMEM_SIZE
00000200                __SYSSTACK_SIZE
00000001                __TI_args_main
ffffffff                ___binit__
            00005000    ___bss__
ffffffff                ___c_args__
            000004c8    ___cinit__
            00004000    ___data__
            00004000    ___edata__
            0000524a    ___end__
ffffffff                ___etext__
00005a7c                ___isinf
ffffffff                ___pinit__
ffffffff                ___text__
00004380                __addd
0000597c                __args_main
0000494d                __cleanup
            00005242    __cleanup_ptr
00004bf2                __cmpd
            00000060    __ctypes_
00003c01                __divd
00005934                __divli
00004809                __divlli
00005a33                __divu
00005236                __divul
00004715                __divull
000050e4                __doflush
            00005244    __dtors_ptr
00004bbe                __eqld
00003fc9                __fixdi
000055a0                __fixdli
0000567a                __fltlid
000053d2                __frcmpyd
00005448                __frcmpyd_div
            000050dc    __ft_end
            00005000    __ftable
00004b74                __geqd
00004b29                __gtrd
00004adc                __leqd
            0000523e    __lock
00004a94                __lssd
00004c4a                __mpyd
00005aaa                __mpyli
0000465d                __mpylli
00005acd                __negd
00004a60                __neqd
00005acb                __nop
0000315c                __printfi
00004fe9                __rd_ok
00005ac4                __register_lock
00005abd                __register_unlock
000058e9                __remli
0000462e                __remlli
00005a48                __remu
0000552e                __remul
000045e0                __remull
            000002c8    __stack
00005a96                __subd
            00004000    __sys_memory
            000003c8    __sysstack
            0000503c    __tmpnams
            00005240    __unlock
00004f83                __wrt_ok
00005add                _abort
000036c6                _add_device
0000579e                _atoi
0000560f                _auto_init
00005852                _c_int00
0000435e                _calloc
0000435a                _chkheap
00003669                _close
            00000008    _dbuffer
            0000522b    _dp
            0000523c    _eflag
000059fb                _exit
000056dc                _fclose
0000513d                _fflush
00003660                _find_registered_device
00004a34                _fopen
000052d7                _fputc
00004da2                _fputs
00004000                _free
00004314                _free_memory
0000499b                _freopen
000057fa                _fseek
0000379c                _getenv
            00000000    _h
00004ecc                _iircas4
00003609                _lseek
000054bb                _ltoa
0000535c                _main
000040db                _malloc
000042cb                _max_free
00005a5d                _memccpy
000059bc                _memcpy
0000408f                _minit
00003575                _open
0000589e                _printf
000052d7                _putc
0000534f                _putchar
00004eaa                _puts
            0000522c    _r
000034e4                _read
0000573d                _readmsg
00004187                _realloc
00003ff3                _remove
000034b7                _remove_device
0000346d                _rename
            0000521b    _rtest
00005037                _setvbuf
0000343f                _unlink
00003330                _write
0000518e                _writemsg
            0000520b    _x
ffffffff                binit
            000004c8    cinit
            00004000    edata
            0000524a    end
ffffffff                etext
ffffffff                pinit


GLOBAL SYMBOLS: SORTED BY Symbol Address 

abs. value/
byte addr   word addr   name
---------   ---------   ----
            00000000    _h
00000001                $TI_capability$C5500$MemoryModel
00000001                $TI_capability_requires_rev2
00000001                __TI_args_main
00000002                $TI_capability$C5500$CallingConvention
            00000008    _dbuffer
            00000060    __ctypes_
00000200                __STACK_SIZE
00000200                __SYSSTACK_SIZE
            000001a8    __CIOBUF_
00000400                __SYSMEM_SIZE
            000002c8    __stack
            000003c8    __STACK_END
            000003c8    __sysstack
            000004c8    ___cinit__
            000004c8    cinit
0000315c                __printfi
00003330                _write
0000343f                _unlink
0000346d                _rename
000034b7                _remove_device
000034e4                _read
00003575                _open
00003609                _lseek
00003660                _find_registered_device
00003669                _close
000036c6                _add_device
0000379c                _getenv
000037fe                _HOSTwrite
00003878                _HOSTunlink
000038cf                _HOSTtime
0000391e                _HOSTrename
000039b7                _HOSTread
00003a31                _HOSTopen
00003ab8                _HOSTlseek
00003b5b                _HOSTclose
00003bb2                _HOSTclock
00003c01                __divd
00003fc9                __fixdi
00003ff3                _remove
00004000                _free
0000408f                _minit
000040db                _malloc
00004187                _realloc
000042cb                _max_free
00004314                _free_memory
0000435a                _chkheap
0000435e                _calloc
00004380                __addd
000045e0                __remull
0000462e                __remlli
0000465d                __mpylli
00004715                __divull
00004809                __divlli
0000494d                __cleanup
0000499b                _freopen
00004a34                _fopen
00004a60                __neqd
00004a94                __lssd
00004adc                __leqd
00004b29                __gtrd
00004b74                __geqd
00004bbe                __eqld
00004bf2                __cmpd
00004c4a                __mpyd
00004da2                _fputs
00004eaa                _puts
00004ecc                _iircas4
00004f83                __wrt_ok
00004fe9                __rd_ok
00005037                _setvbuf
000050e4                __doflush
0000513d                _fflush
0000518e                _writemsg
00005231                C$$IO$$
00005236                __divul
000052d7                _fputc
000052d7                _putc
0000534f                _putchar
0000535c                _main
000053d2                __frcmpyd
00005448                __frcmpyd_div
000054bb                _ltoa
0000552e                __remul
000055a0                __fixdli
0000560f                _auto_init
0000567a                __fltlid
000056dc                _fclose
0000573d                _readmsg
0000579e                _atoi
000057fa                _fseek
00005852                _c_int00
0000589e                _printf
000058e9                __remli
00005934                __divli
0000597c                __args_main
000059bc                _memcpy
000059fb                _exit
00005a33                I$$UDIV
00005a33                __divu
00005a48                I$$UMOD
00005a48                __remu
00005a5d                _memccpy
00005a7c                ___isinf
00005a96                __subd
00005aaa                I$$LMPY
00005aaa                __mpyli
00005abd                __register_unlock
00005ac4                __register_lock
00005acb                __nop
00005acd                __negd
00005add                _abort
00005ade                C$$EXIT
            00004000    .data
            00004000    ___data__
            00004000    ___edata__
            00004000    __sys_memory
            00004000    edata
            00005000    .bss
            00005000    ___bss__
            00005000    __ftable
            0000503c    __tmpnams
            000050dc    __ft_end
            0000520b    _x
            0000521b    _rtest
            0000522b    _dp
            0000522c    _r
            0000523c    _eflag
            0000523e    __lock
            00005240    __unlock
            00005242    __cleanup_ptr
            00005244    __dtors_ptr
            0000524a    ___end__
            0000524a    end
00ffff00                _Reset
ffffffff                .text
ffffffff                ___binit__
ffffffff                ___c_args__
ffffffff                ___etext__
ffffffff                ___pinit__
ffffffff                ___text__
ffffffff                binit
ffffffff                etext
ffffffff                pinit

[144 symbols]
