******************************************************************************
              TMS320C55x Linker PC v4.4.1                      
******************************************************************************
>> Linked Mon Nov 08 00:37:17 2021

OUTPUT FILE NAME:   <hello_word.out>
ENTRY POINT SYMBOL: "_c_int00"  address: 00005e9b


MEMORY CONFIGURATION

         name            origin    length      used     unused   attr    fill
                        (bytes)   (bytes)    (bytes)   (bytes)
----------------------  --------  ---------  --------  --------  ----  --------
  MMR                   00000000   000000c0  00000000  000000c0  RWIX
  DARAM0                000000c0   00001f40  00000bec  00001354  RWIX
  DARAM1                00002000   00002000  00002000  00000000  RWIX
  DARAM2                00004000   00002000  00002000  00000000  RWIX
  DARAM3                00006000   00002000  00000141  00001ebf  RWIX
  DARAM4                00008000   00002000  00000400  00001c00  RWIX
  DARAM5                0000a000   00002000  0000064c  000019b4  RWIX
  DARAM6                0000c000   00002000  00000000  00002000  RWIX
  DARAM7                0000e000   00002000  00000000  00002000  RWIX
  CE0                   00010000   003f0000  00000000  003f0000  RWIX
  CE1                   00400000   00400000  00000000  00400000  RWIX
  CE2                   00800000   00400000  00000000  00400000  RWIX
  CE3                   00c00000   003f8000  00000000  003f8000  RWIX
  ROM                   00ff8000   00007f00  00000000  00007f00  RWIX
  VECS                  00ffff00   00000100  00000100  00000000  RWIX


SECTION ALLOCATION MAP
(Addresses surrounded by []'s are displayed for convenience only!)

output                                                          attributes/
section   page  orgn(bytes) orgn(words) len(bytes) len(words)   input sections
--------  ----  ----------- ----------- ---------- ----------   --------------
.cinit       0   [ 000000c0 ]  00000060          *   00000178   
                 [ 000000c0 ]  00000060          *   0000011a   hello_world.obj (.cinit)
                 [ 000002f4 ]  0000017a          *   00000028   rts55.lib : lowlev.obj (.cinit)
                 [ 00000344 ]  000001a2          *   00000019             : defs.obj (.cinit)
                 [ 00000376 ]  000001bb          *   0000000a             : _lock.obj (.cinit)
                 [ 0000038a ]  000001c5          *   0000000a             : exit.obj (.cinit)
                 [ 0000039e ]  000001cf          *   00000004             : fopen.obj (.cinit)
                 [ 000003a6 ]  000001d3          *   00000004             : memory.obj (.cinit)
                 [ 000003ae ]  000001d7          *   00000001   --HOLE-- [fill = 0]

.const       0   [ 000003b0 ]  000001d8          *   0000015e   
                 [ 000003b0 ]  000001d8          *   00000101   rts55.lib : ctype.obj (.const:__ctypes_)
                 [ 000005b2 ]  000002d9          *   00000023             : _printfi.obj (.const:.string)
                 [ 000005f8 ]  000002fc          *   00000010   hello_world.obj (.const:_$P$T1$2)
                 [ 00000618 ]  0000030c          *   0000000c   rts55.lib : _printfi.obj (.const)
                 [ 00000630 ]  00000318          *   0000000a   hello_world.obj (.const:_$P$T0$1)
                 [ 00000644 ]  00000322          *   00000008   rts55.lib : divd.obj (.const:_initial_approx$1)
                 [ 00000654 ]  0000032a          *   00000007   hello_world.obj (.const:.string)
                 [ 00000662 ]  00000331          *   00000002   rts55.lib : fputs.obj (.const:.string)
                 [ 00000666 ]  00000333          *   00000001   --HOLE-- [fill = 0]
                 [ 00000668 ]  00000334          *   00000002             : fltlid.obj (.const)

.cio         0   [ 00000670 ]  00000338          *   00000120   UNINITIALIZED
                 [ 00000670 ]  00000338          *   00000120   rts55.lib : trgmsg.obj (.cio)

.stack       0   [ 000008b0 ]  00000458          *   00000100   UNINITIALIZED
                 [ 000008b0 ]  00000458          *   00000100   --HOLE--

.sysstack 
*            0   [ 00000ab0 ]  00000558          *   00000100   UNINITIALIZED
                 [ 00000ab0 ]  00000558          *   00000100   --HOLE--

.text.1      0     00002000  [ 00001000 ] 00002000          *   
                   00002000  [ 00001000 ] 00001330          *   rts55.lib : _printfi.obj (.text)
                   00003330  [ 00001998 ] 000006d7          *   hello_world.obj (.text)
                   00003a07  [ 00001d03+] 0000046c          *   rts55.lib : lowlev.obj (.text)
                   00003e73  [ 00001f39+] 00000158          *             : mpyd.obj (.text)
                   00003fcb  [ 00001fe5+] 0000002a          *             : fixdi.obj (.text)
                   00003ff5  [ 00001ffa+] 0000000a          *             : remove.obj (.text)
                   00003fff  [ 00001fff ] 00000001          *   --HOLE-- [fill = 20]

.text.2      0     00004000  [ 00002000 ] 00002000          *   
                   00004000  [ 00002000 ] 00000465          *   rts55.lib : trgdrv.obj (.text)
                   00004465  [ 00002232+] 000003c8          *             : divd.obj (.text)
                   0000482d  [ 00002416+] 00000380          *             : memory.obj (.text)
                   00004bad  [ 000025d6+] 00000260          *             : addd.obj (.text)
                   00004e0d  [ 00002706+] 0000025e          *             : llmpy.obj (.text)
                   0000506b  [ 00002835+] 00000222          *             : fopen.obj (.text)
                   0000528d  [ 00002946+] 000001ea          *             : cmpd.obj (.text)
                   00005477  [ 00002a3b+] 0000012a          *             : fputs.obj (.text)
                   000055a1  [ 00002ad0+] 000000b4          *             : _io_perm.obj (.text)
                   00005655  [ 00002b2a+] 000000ad          *             : setvbuf.obj (.text)
                   00005702  [ 00002b81 ] 000000aa          *             : fflush.obj (.text)
                   000057ac  [ 00002bd6 ] 000000a8          *             : trgmsg.obj (.text:CIO_breakpoint)
                   00005854  [ 00002c2a ] 000000a1          *   55xdsp.lib : iircas51.obj (.text)
                   000058f5  [ 00002c7a+] 000000a1          *   rts55.lib : divul.obj (.text)
                   00005996  [ 00002ccb ] 00000085          *             : fputc.obj (.text)
                   00005a1b  [ 00002d0d+] 00000076          *             : frcmpyd.obj (.text)
                   00005a91  [ 00002d48+] 00000073          *             : frcmpyd_div.obj (.text)
                   00005b04  [ 00002d82 ] 00000073          *             : ltoa.obj (.text)
                   00005b77  [ 00002dbb+] 00000072          *             : remul.obj (.text)
                   00005be9  [ 00002df4+] 0000006f          *             : fixdli.obj (.text)
                   00005c58  [ 00002e2c ] 0000006b          *             : autoinit.obj (.text)
                   00005cc3  [ 00002e61+] 00000062          *             : fltlid.obj (.text)
                   00005d25  [ 00002e92+] 00000061          *             : fclose.obj (.text)
                   00005d86  [ 00002ec3 ] 00000061          *             : trgmsg.obj (.text)
                   00005de7  [ 00002ef3+] 0000005c          *             : atoi.obj (.text)
                   00005e43  [ 00002f21+] 00000058          *             : fseek.obj (.text)
                   00005e9b  [ 00002f4d+] 0000004c          *             : boot.obj (.text)
                   00005ee7  [ 00002f73+] 0000004b          *             : printf.obj (.text)
                   00005f32  [ 00002f99 ] 0000004b          *             : remli.obj (.text)
                   00005f7d  [ 00002fbe+] 00000048          *             : divli.obj (.text)
                   00005fc5  [ 00002fe2+] 00000038          *             : exit.obj (.text)
                   00005ffd  [ 00002ffe+] 00000002          *             : vectors.obj (.text)
                   00005fff  [ 00002fff ] 00000001          *   --HOLE-- [fill = 20]

.text.3      0     00006000  [ 00003000 ] 00000141          *   
                   00006000  [ 00003000 ] 00000040          *   rts55.lib : args_main.obj (.text)
                   00006040  [ 00003020 ] 0000003f          *             : memcpy.obj (.text)
                   0000607f  [ 0000303f+] 0000002a          *             : udiv.obj (.text)
                   000060a9  [ 00003054+] 0000001f          *             : memccpy.obj (.text)
                   000060c8  [ 00003064 ] 0000001a          *             : isinf.obj (.text)
                   000060e2  [ 00003071 ] 00000014          *             : subd.obj (.text)
                   000060f6  [ 0000307b ] 00000013          *             : lmpy.obj (.text)
                   00006109  [ 00003084+] 00000010          *             : _lock.obj (.text)
                   00006119  [ 0000308c+] 00000010          *             : memset.obj (.text)
                   00006129  [ 00003094+] 00000010          *             : negd.obj (.text)
                   00006139  [ 0000309c+] 00000007          *             : exit.obj (.text:CIO_breakpoint)
                   00006140  [ 000030a0 ] 00000001          *   --HOLE-- [fill = 20]

.sysmem      0   [ 00008000 ]  00004000          *   00000200   UNINITIALIZED
                 [ 00008000 ]  00004000          *   00000200   --HOLE--

.data        0   [ 00008000 ]  00004000          *   00000000   UNINITIALIZED

.bss         0   [ 0000a000 ]  00005000          *   00000326   UNINITIALIZED
                 [ 0000a000 ]  00005000          *   0000010e   hello_world.obj (.bss)
                 [ 0000a21c ]  0000510e          *   000000dd   rts55.lib : defs.obj (.bss)
                 [ 0000a3d6 ]  000051eb          *   000000d0             : trgdrv.obj (.bss)
                 [ 0000a576 ]  000052bb          *   00000001             : fopen.obj (.bss)
                 [ 0000a578 ]  000052bc          *   0000005d             : lowlev.obj (.bss)
                 [ 0000a632 ]  00005319          *   00000001   --HOLE--
                 [ 0000a634 ]  0000531a          *   00000004             : _lock.obj (.bss)
                 [ 0000a63c ]  0000531e          *   00000004             : exit.obj (.bss)
                 [ 0000a644 ]  00005322          *   00000004             : memory.obj (.bss)

vectors      0     00ffff00  [ 007fff80 ] 00000100          *   NOLOAD SECTION
                   00ffff00  [ 007fff80 ] 00000100          *   rts55.lib : vectors.obj (vectors)


GLOBAL SYMBOLS: SORTED ALPHABETICALLY BY Name 

abs. value/
byte addr   word addr   name
---------   ---------   ----
00000002                $TI_capability$C5500$CallingConvention
00000001                $TI_capability$C5500$MemoryModel
00000001                $TI_capability_requires_rev2
            00005000    .bss
            00004000    .data
ffffffff                .text
0000613a                C$$EXIT
0000584f                C$$IO$$
000060f6                I$$LMPY
0000607f                I$$UDIV
00006094                I$$UMOD
00004416                _HOSTclock
000043bf                _HOSTclose
0000431c                _HOSTlseek
00004295                _HOSTopen
0000421b                _HOSTread
00004182                _HOSTrename
00004133                _HOSTtime
000040dc                _HOSTunlink
00004062                _HOSTwrite
00ffff00                _Reset
            00000338    __CIOBUF_
            00000558    __STACK_END
00000200                __STACK_SIZE
00000400                __SYSMEM_SIZE
00000200                __SYSSTACK_SIZE
00000001                __TI_args_main
ffffffff                ___binit__
            00005000    ___bss__
ffffffff                ___c_args__
            00000060    ___cinit__
            00004000    ___data__
            00004000    ___edata__
            00005326    ___end__
ffffffff                ___etext__
000060c8                ___isinf
ffffffff                ___pinit__
ffffffff                ___text__
00004bad                __addd
00006000                __args_main
0000517a                __cleanup
            0000531e    __cleanup_ptr
0000541f                __cmpd
            000001d8    __ctypes_
00004465                __divd
00005f7d                __divli
00005036                __divlli
0000607f                __divu
000058f5                __divul
00004f42                __divull
00005702                __doflush
            00005320    __dtors_ptr
000053eb                __eqld
00003fcb                __fixdi
00005be9                __fixdli
00005cc3                __fltlid
00005a1b                __frcmpyd
00005a91                __frcmpyd_div
            000051ea    __ft_end
            0000510e    __ftable
000053a1                __geqd
00005356                __gtrd
00005309                __leqd
            0000531a    __lock
000052c1                __lssd
00003e73                __mpyd
000060f6                __mpyli
00004e8a                __mpylli
00006129                __negd
0000528d                __neqd
00006117                __nop
0000315c                __printfi
00005607                __rd_ok
00006110                __register_lock
00006109                __register_unlock
00005f32                __remli
00004e5b                __remlli
00006094                __remu
00005b77                __remul
00004e0d                __remull
            00000458    __stack
000060e2                __subd
            00004000    __sys_memory
            00000558    __sysstack
            0000514a    __tmpnams
            0000531c    __unlock
000055a1                __wrt_ok
            00005107    _a
00006139                _abort
00003d9d                _add_device
00005de7                _atoi
00005c58                _auto_init
            00005100    _b
00005e9b                _c_int00
00004b8b                _calloc
000033bb                _cas51
00004b87                _chkheap
00003d40                _close
00005fc5                _exit
00005d25                _fclose
0000575b                _fflush
00003d37                _find_registered_device
00005261                _fopen
00005996                _fputc
00005477                _fputs
0000482d                _free
00004b41                _free_memory
000051c8                _freopen
00005e43                _fseek
0000343f                _get_at
00004000                _getenv
00003762                _iirFormaDireta1
00003455                _iirFormaDireta2
00005854                _iircas51
00003ce0                _lseek
00005b04                _ltoa
000039fe                _main
00004908                _malloc
00004af8                _max_free
000060a9                _memccpy
00006040                _memcpy
00006119                _memset
000048bc                _minit
00003330                _multiplyQ15
00003c4c                _open
00005ee7                _printf
00005996                _putc
00005a0e                _putchar
0000557f                _puts
00003bbb                _read
00005d86                _readmsg
000049b4                _realloc
00003ff5                _remove
00003b8e                _remove_device
00003b44                _rename
00005655                _setvbuf
0000337f                _sumQ15
00003b16                _unlink
00003a07                _write
000057ac                _writemsg
            00005080    _x_random
            00005000    _x_sin
ffffffff                binit
            00000060    cinit
            00004000    edata
            00005326    end
ffffffff                etext
ffffffff                pinit


GLOBAL SYMBOLS: SORTED BY Symbol Address 

abs. value/
byte addr   word addr   name
---------   ---------   ----
00000001                $TI_capability$C5500$MemoryModel
00000001                $TI_capability_requires_rev2
00000001                __TI_args_main
00000002                $TI_capability$C5500$CallingConvention
            00000060    ___cinit__
            00000060    cinit
00000200                __STACK_SIZE
00000200                __SYSSTACK_SIZE
            000001d8    __ctypes_
00000400                __SYSMEM_SIZE
            00000338    __CIOBUF_
            00000458    __stack
            00000558    __STACK_END
            00000558    __sysstack
0000315c                __printfi
00003330                _multiplyQ15
0000337f                _sumQ15
000033bb                _cas51
0000343f                _get_at
00003455                _iirFormaDireta2
00003762                _iirFormaDireta1
000039fe                _main
00003a07                _write
00003b16                _unlink
00003b44                _rename
00003b8e                _remove_device
00003bbb                _read
00003c4c                _open
00003ce0                _lseek
00003d37                _find_registered_device
00003d40                _close
00003d9d                _add_device
00003e73                __mpyd
00003fcb                __fixdi
00003ff5                _remove
00004000                _getenv
00004062                _HOSTwrite
000040dc                _HOSTunlink
00004133                _HOSTtime
00004182                _HOSTrename
0000421b                _HOSTread
00004295                _HOSTopen
0000431c                _HOSTlseek
000043bf                _HOSTclose
00004416                _HOSTclock
00004465                __divd
0000482d                _free
000048bc                _minit
00004908                _malloc
000049b4                _realloc
00004af8                _max_free
00004b41                _free_memory
00004b87                _chkheap
00004b8b                _calloc
00004bad                __addd
00004e0d                __remull
00004e5b                __remlli
00004e8a                __mpylli
00004f42                __divull
00005036                __divlli
0000517a                __cleanup
000051c8                _freopen
00005261                _fopen
0000528d                __neqd
000052c1                __lssd
00005309                __leqd
00005356                __gtrd
000053a1                __geqd
000053eb                __eqld
0000541f                __cmpd
00005477                _fputs
0000557f                _puts
000055a1                __wrt_ok
00005607                __rd_ok
00005655                _setvbuf
00005702                __doflush
0000575b                _fflush
000057ac                _writemsg
0000584f                C$$IO$$
00005854                _iircas51
000058f5                __divul
00005996                _fputc
00005996                _putc
00005a0e                _putchar
00005a1b                __frcmpyd
00005a91                __frcmpyd_div
00005b04                _ltoa
00005b77                __remul
00005be9                __fixdli
00005c58                _auto_init
00005cc3                __fltlid
00005d25                _fclose
00005d86                _readmsg
00005de7                _atoi
00005e43                _fseek
00005e9b                _c_int00
00005ee7                _printf
00005f32                __remli
00005f7d                __divli
00005fc5                _exit
00006000                __args_main
00006040                _memcpy
0000607f                I$$UDIV
0000607f                __divu
00006094                I$$UMOD
00006094                __remu
000060a9                _memccpy
000060c8                ___isinf
000060e2                __subd
000060f6                I$$LMPY
000060f6                __mpyli
00006109                __register_unlock
00006110                __register_lock
00006117                __nop
00006119                _memset
00006129                __negd
00006139                _abort
0000613a                C$$EXIT
            00004000    .data
            00004000    ___data__
            00004000    ___edata__
            00004000    __sys_memory
            00004000    edata
            00005000    .bss
            00005000    ___bss__
            00005000    _x_sin
            00005080    _x_random
            00005100    _b
            00005107    _a
            0000510e    __ftable
            0000514a    __tmpnams
            000051ea    __ft_end
            0000531a    __lock
            0000531c    __unlock
            0000531e    __cleanup_ptr
            00005320    __dtors_ptr
            00005326    ___end__
            00005326    end
00ffff00                _Reset
ffffffff                .text
ffffffff                ___binit__
ffffffff                ___c_args__
ffffffff                ___etext__
ffffffff                ___pinit__
ffffffff                ___text__
ffffffff                binit
ffffffff                etext
ffffffff                pinit

[148 symbols]
