******************************************************************************
              TMS320C55x Linker PC v4.3.8                      
******************************************************************************
>> Linked Fri Aug 26 11:59:31 2011

OUTPUT FILE NAME:   <./Debug/cfft32.out>
ENTRY POINT SYMBOL: "_c_int00"  address: 000142ab


MEMORY CONFIGURATION

         name            origin    length      used     unused   attr    fill
                        (bytes)   (bytes)    (bytes)   (bytes)
----------------------  --------  ---------  --------  --------  ----  --------
  MMR                   00000000   000000c0  00000000  000000c0  RWIX
  SPRAM                 000000c0   00000020  00000000  00000020  RWIX
  DARAM0                00000100   00003f00  000007d0  00003730  RWIX
  DARAM1                00004000   00004000  00002016  00001fea  RWIX
  DARAM2                00008000   00004000  00000000  00004000  RWIX
  DARAM3                0000c000   00004000  00000800  00003800  RWIX
  SARAM0                00010000   00004000  0000103e  00002fc2  RWIX
  SARAM1                00014000   00008000  000003d1  00007c2f  RWIX
  SARAM3                0001c000   00004000  00000800  00003800  RWIX
  SARAM4                00020000   00004000  00000000  00004000  RWIX
  SARAM5                00024000   00004000  00000000  00004000  RWIX
  SARAM6                00028000   00004000  00000000  00004000  RWIX
  SARAM7                0002c000   00004000  00000000  00004000  RWIX
  SARAM8                00030000   00004000  00000000  00004000  RWIX
  SARAM9                00034000   00004000  00000000  00004000  RWIX
  SARAM10               00038000   00004000  00000000  00004000  RWIX
  SARAM11               0003c000   00004000  00000000  00004000  RWIX
  SARAM12               00040000   00004000  00000000  00004000  RWIX
  SARAM13               00044000   00004000  00000000  00004000  RWIX
  SARAM14               00048000   00004000  00000000  00004000  RWIX
  SARAM15               0004c000   00004000  00000000  00004000  RWIX
  CE0                   00050000   003b0000  00000000  003b0000  RWIX
  CE1                   00400000   00400000  00000000  00400000  RWIX
  CE2                   00800000   00400000  00000000  00400000  RWIX
  CE3                   00c00000   003f8000  00000000  003f8000  RWIX
  PDROM                 00ff8000   00007f00  00000000  00007f00  RWIX
  VECS                  00ffff00   00000100  00000100  00000000  RWIX


SECTION ALLOCATION MAP
(Addresses surrounded by []'s are displayed for convenience only!)

output                                                          attributes/
section   page  orgn(bytes) orgn(words) len(bytes) len(words)   input sections
--------  ----  ----------- ----------- ---------- ----------   --------------
.stack       0   [ 00000100 ]  00000080          *   000001f4   UNINITIALIZED
                 [ 00000100 ]  00000080          *   000001f4   --HOLE--

.sysstack 
*            0   [ 000004e8 ]  00000274          *   000001f4   UNINITIALIZED
                 [ 000004e8 ]  00000274          *   000001f4   --HOLE--

.data        0   [ 00004000 ]  00002000          *   00001000   
                 [ 00004000 ]  00002000          *   00001000   55xdsp.lib : twiddle32.obj (.data:twiddle32)

.bss         0   [ 00006000 ]  00003000          *   0000000b   UNINITIALIZED
                 [ 00006000 ]  00003000          *   00000004   rts55.lib : _lock.obj (.bss)
                 [ 00006008 ]  00003004          *   00000004             : exit.obj (.bss)
                 [ 00006010 ]  00003008          *   00000002   55xdsp.lib : cfft32_noscale.obj (.bss)
                 [ 00006014 ]  0000300a          *   00000001   cfft32_t.obj (.bss)

.input       0   [ 0000c000 ]  00006000          *   00000400   UNINITIALIZED
                 [ 0000c000 ]  00006000          *   00000400   cfft32_t.obj (.input)

.cinit       0   [ 00010000 ]  00008000          *   0000081f   
                 [ 00010000 ]  00008000          *   0000080a   cfft32_t.obj (.cinit)
                 [ 00011014 ]  0000880a          *   0000000a   rts55.lib : _lock.obj (.cinit)
                 [ 00011028 ]  00008814          *   0000000a             : exit.obj (.cinit)
                 [ 0001103c ]  0000881e          *   00000001   --HOLE-- [fill = 0]

.text        0     00014000  [ 0000a000 ] 000003d1          *   
                   00014000  [ 0000a000 ] 00000151          *   55xdsp.lib : cfft32_noscale.obj (.text)
                   00014151  [ 0000a0a8+] 0000007a          *   LTEST.obj (.text)
                   000141cb  [ 0000a0e5+] 00000075          *   55xdsp.lib : cbrev32.obj (.text)
                   00014240  [ 0000a120 ] 0000006b          *   rts55.lib : autoinit.obj (.text)
                   000142ab  [ 0000a155+] 0000004c          *             : boot.obj (.text)
                   000142f7  [ 0000a17b+] 00000048          *   cfft32_t.obj (.text)
                   0001433f  [ 0000a19f+] 00000040          *   rts55.lib : args_main.obj (.text)
                   0001437f  [ 0000a1bf+] 00000038          *             : exit.obj (.text)
                   000143b7  [ 0000a1db+] 00000010          *             : _lock.obj (.text)
                   000143c7  [ 0000a1e3+] 00000007          *             : exit.obj (.text:CIO_breakpoint)
                   000143ce  [ 0000a1e7 ] 00000002          *             : vectors.obj (.text)
                   000143d0  [ 0000a1e8 ] 00000001          *   --HOLE-- [fill = 20]

.test        0   [ 0001c000 ]  0000e000          *   00000400   UNINITIALIZED
                 [ 0001c000 ]  0000e000          *   00000400   cfft32_t.obj (.test)

vectors      0     00ffff00  [ 007fff80 ] 00000100          *   
                   00ffff00  [ 007fff80 ] 00000100          *   rts55.lib : vectors.obj (vectors)


GLOBAL SYMBOLS: SORTED ALPHABETICALLY BY Name 

abs. value/
byte addr   word addr   name
---------   ---------   ----
00000002                $TI_capability$C5500$CallingConvention
00000001                $TI_capability$C5500$MemoryModel
00000001                $TI_capability_requires_rev2
            00003000    .bss
            00002000    .data
00014000                .text
000143c8                C$$EXIT
00ffff00                _Reset
            00000274    __STACK_END
000003e8                __STACK_SIZE
000003e8                __SYSSTACK_SIZE
ffffffff                ___binit__
            00003000    ___bss__
ffffffff                ___c_args__
            00008000    ___cinit__
            00002000    ___data__
            00003000    ___edata__
            0000300b    ___end__
000143d1                ___etext__
ffffffff                ___pinit__
00014000                ___text__
0001433f                __args_main
            00003004    __cleanup_ptr
            00003006    __dtors_ptr
            00003000    __lock
000143c5                __nop
000143be                __register_lock
000143b7                __register_unlock
            00000080    __stack
            00000274    __sysstack
            00003002    __unlock
000143c7                _abort
00014240                _auto_init
000142ab                _c_int00
000141cb                _cbrev32
00014000                _cfft32_NOSCALE
            0000300a    _eflagi
0001437f                _exit
00014151                _ltest
000142f7                _main
            0000e000    _rtest
            00006000    _x
ffffffff                binit
            00008000    cinit
            00003000    edata
            0000300b    end
000143d1                etext
ffffffff                pinit
            00002000    twiddle32


GLOBAL SYMBOLS: SORTED BY Symbol Address 

abs. value/
byte addr   word addr   name
---------   ---------   ----
00000001                $TI_capability$C5500$MemoryModel
00000001                $TI_capability_requires_rev2
00000002                $TI_capability$C5500$CallingConvention
            00000080    __stack
000003e8                __STACK_SIZE
000003e8                __SYSSTACK_SIZE
            00000274    __STACK_END
            00000274    __sysstack
            00002000    .data
            00002000    ___data__
            00002000    twiddle32
            00003000    .bss
            00003000    ___bss__
            00003000    ___edata__
            00003000    __lock
            00003000    edata
            00003002    __unlock
            00003004    __cleanup_ptr
            00003006    __dtors_ptr
            0000300a    _eflagi
            0000300b    ___end__
            0000300b    end
            00006000    _x
            00008000    ___cinit__
            00008000    cinit
00014000                .text
00014000                ___text__
00014000                _cfft32_NOSCALE
00014151                _ltest
000141cb                _cbrev32
00014240                _auto_init
000142ab                _c_int00
000142f7                _main
0001433f                __args_main
0001437f                _exit
000143b7                __register_unlock
000143be                __register_lock
000143c5                __nop
000143c7                _abort
000143c8                C$$EXIT
000143d1                ___etext__
000143d1                etext
            0000e000    _rtest
00ffff00                _Reset
ffffffff                ___binit__
ffffffff                ___c_args__
ffffffff                ___pinit__
ffffffff                binit
ffffffff                pinit

[49 symbols]
